07-10 18:25:04.745  7189  9083 D CCodecConfig:   c2::i32 algo.priority.value = 0
07-10 18:25:04.745  7189  9083 D CCodecConfig:   c2::u32 algo.quality.value = 80
07-10 18:25:04.745  7189  9083 D CCodecConfig:   c2::float algo.rate.value = 0
07-10 18:25:04.745  7189  9083 D CCodecConfig:   c2::i32 coded.average-qp.value = 0
07-10 18:25:04.745  7189  9083 D CCodecConfig:   c2::u32 coded.bitrate.value = 64000
07-10 18:25:04.745  7189  9083 D CCodecConfig:   c2::float coded.frame-rate.value = 30
07-10 18:25:04.745  7189  9083 D CCodecConfig:   c2::u32 coded.picture-type.value = 0
07-10 18:25:04.745  7189  9083 D CCodecConfig:   c2::u32 coded.pl.level = 0
07-10 18:25:04.745  7189  9083 D CCodecConfig:   c2::u32 coded.pl.profile = 20484
07-10 18:25:04.745  7189  9083 D CCodecConfig:   c2::u32 coded.tile-layout.columns = 2
07-10 18:25:04.745  7189  9083 D CCodecConfig:   c2::u32 coded.tile-layout.order = 0
07-10 18:25:04.745  7189  9083 D CCodecConfig:   c2::u32 coded.tile-layout.rows = 1
07-10 18:25:04.745  7189  9083 D CCodecConfig:   c2::u32 coded.tile-layout.tile.height = 256
07-10 18:25:04.745  7189  9083 D CCodecConfig:   c2::u32 coded.tile-layout.tile.width = 256
07-10 18:25:04.745  7189  9083 D CCodecConfig:   c2::u32 coded.vui.color.matrix = 0
07-10 18:25:04.745  7189  9083 D CCodecConfig:   c2::u32 coded.vui.color.primaries = 0
07-10 18:25:04.745  7189  9083 D CCodecConfig:   c2::u32 coded.vui.color.range = 0
07-10 18:25:04.745  7189  9083 D CCodecConfig:   c2::u32 coded.vui.color.transfer = 0
07-10 18:25:04.745  7189  9083 D CCodecConfig:   c2::u32 coding.intra-refresh.mode = 0
07-10 18:25:04.745  7189  9083 D CCodecConfig:   c2::float coding.intra-refresh.period = 0
07-10 18:25:04.745  7189  9083 D CCodecConfig:   c2::u32 coding.request-sync-frame.value = 0
07-10 18:25:04.745  7189  9083 D CCodecConfig:   c2::i64 coding.sync-frame-interval.value = 1000000
07-10 18:25:04.745  7189  9083 D CCodecConfig:   Buffer coding.temporal-layering = {
07-10 18:25:04.745  7189  9083 D CCodecConfig:     00000000:  10 00 00 00 07 20
07-10 18:25:04.745 25135 25135 W Finsky  : [2] STU: Failed to get storage stats for package 'com.google.android.ondevicepersonalization' (1601: Error getting stats: android.content.pm.PackageManager.NameNotFoundException)
07-10 18:25:04.746  7189  9083 W ColorUtils: expected specified color aspects (0:0:0:0)
07-10 18:25:04.747  7189  9082 D MediaCodec: [0xb40000763007a350] setState: 2
07-10 18:25:04.749  7189  9030 V ClienteVrPandasz: android_activity::activity_impl: poll_events
07-10 18:25:04.749  7189  9030 V ClienteVrPandasz: android_activity::activity_impl: Calling ALooper_pollOnce, timeout = 16
07-10 18:25:04.749  7189  9033 D MediaCodec: mInitName[c2.mtk.avc.encoder], mMediacodec[0xb40000763007a350], mCodec[0xb4000077500279c0], mBufferChannel[0xb400007790047d10]
07-10 18:25:04.749  7189  9033 D MediaCodec: [0xb40000763007a350] [c2.mtk.avc.encoder] configure
07-10 18:25:04.750  7189  9033 D VivoCodecProcessSdk: get client pid:7189
07-10 18:25:04.754  7189  9032 I ClienteVrPandasz: cliente_vr_pandasz: head_quat x=-0.0095 y=-0.0196 z=0.9955 w=0.0926
07-10 18:25:04.755  7189  9033 D CodecSeeding: Seed: codec c2.mtk.avc.encoder, mediatype video/avc, overrideable 1
07-10 18:25:04.755  7189  9033 D CodecProperties: setTuningValue(vq-target-bpp,0)
07-10 18:25:04.755  7189  9033 D CodecProperties: setTuningValue(vq-target-bpp-1080p,1.90)
07-10 18:25:04.755  7189  9033 D CodecProperties: setTuningValue(vq-target-bpp-720p,2.25)
07-10 18:25:04.755  7189  9033 D CodecProperties: setTuningValue(vq-target-bpp-540p,2.65)
07-10 18:25:04.755  7189  9033 D CodecProperties: setTuningValue(vq-target-bpp-480p,3.00)
07-10 18:25:04.755  7189  9033 D CodecProperties: setTuningValue(vq-target-bpp-320x240,0)
07-10 18:25:04.755  7189  9033 D CodecProperties: setTuningValue(vq-target-qpmax,-1)
07-10 18:25:04.755  7189  9033 D CodecProperties: setTuningValue(vq-target-qpmax-1080p,45)
07-10 18:25:04.755  7189  9033 D CodecProperties: setTuningValue(vq-target-qpmax-720p,43)
07-10 18:25:04.755  7189  9033 D CodecProperties: setTuningValue(vq-target-qpmax-540p,42)
07-10 18:25:04.755  7189  9033 D CodecProperties: setTuningValue(vq-target-qpmax-480p,38)
07-10 18:25:04.755  7189  9033 D CodecProperties: setTuningValue(vq-bitrate-phaseout,1.75)
07-10 18:25:04.755  7189  9033 D CodecProperties: setTuningValue(vq-boost-missing-qp,0.20)
07-10 18:25:04.755  7189  9033 D CodecProperties: setFeatureValue(_vq_eligible.device,1)
07-10 18:25:04.755  7189  9033 D CodecProperties: setFeatureValue(_quality.target,1)
07-10 18:25:04.755  7189  9033 D CodecSeeding: Seed: codec c2.mtk.avc.encoder, mediatype video/avc, overrideable 0
07-10 18:25:04.755  7189  9033 D MediaCodec: shapeMediaFormat: deltas(1): AMessage(what = 0x00000000) = {
07-10 18:25:04.755  7189  9033 D MediaCodec:     int32_t android._encoding-quality-level = 0
07-10 18:25:04.755  7189  9033 D MediaCodec:   }
07-10 18:25:04.758 20359 20359 I GoogleInputMethodService: GoogleInputMethodService.onFinishInput():2274
07-10 18:25:04.758 20359 20359 I Module  : DeviceLockedStatusModuleProvider$Module.updateDeviceLockedStatusInternal():128 repeatCheckTimes = 0, locked = false
07-10 18:25:04.759 20359 20359 I GoogleInputMethodService: GoogleInputMethodService.onStartInput():1459 onStartInput(EditorInfo{EditorInfo{packageName=com.pandasz.clientevr, inputType=0, inputTypeString=NULL, enableLearning=false, autoCorrection=false, autoComplete=false, imeOptions=0, privateImeOptions=null, actionName=UNSPECIFIED, actionLabel=null, initialSelStart=-1, initialSelEnd=-1, initialCapsMode=0, label=null, fieldId=0, fieldName=null, extras=null, hintText=null, hintLocales=[]}}, false)
07-10 18:25:04.759 20359 20359 W LatinIMEBase: LatinIMEBase.updateInputViewCoverNavigation():322 Null input view, cannot update padding!
07-10 18:25:04.759 20359 20359 I Module  : DeviceLockedStatusModuleProvider$Module.updateDeviceLockedStatusInternal():128 repeatCheckTimes = 1, locked = false
07-10 18:25:04.760  7189  9032 I ClienteVrPandasz: cliente_vr_pandasz: head_quat x=-0.0095 y=-0.0196 z=0.9955 w=0.0926
07-10 18:25:04.760  7189  9082 D MediaCodec: [0xb40000763007a350] setState: 3
07-10 18:25:04.760  7189  9082 W libc    : Access denied finding property "vendor.vivo.debug.PqSetting.enable"
07-10 18:25:04.761  7189  9083 D CCodec  : [c2.mtk.avc.encoder] buffers are bound to CCodec for this session
07-10 18:25:04.762  7189  9083 D CCodecConfig: no c2 equivalents for color-format
07-10 18:25:04.762  7189  9083 D CCodecConfig: no c2 equivalents for flags
07-10 18:25:04.762  7189  9083 D CCodecConfig: no c2 equivalents for encoder
07-10 18:25:04.763  7189  9083 D CCodecConfig: c2 config diff is   c2::u32 coded.bitrate.value = 4000000
07-10 18:25:04.763  7189  9083 D CCodecConfig:   c2::u32 raw.pixel-format.value = 34
07-10 18:25:04.763  7189  9083 D CCodecConfig:   c2::u32 raw.size.height = 480
07-10 18:25:04.763  7189  9083 D CCodecConfig:   c2::u32 raw.size.width = 640
07-10 18:25:04.763  7189  9083 W ColorUtils: expected specified color aspects (0:0:0:0)
07-10 18:25:04.764  7189  9083 W Codec2Client: query -- param skipped: index = 3254781982.
07-10 18:25:04.764  7189  9083 D CCodec  : encoding statistics level = 0
07-10 18:25:04.764  7189  9083 D CCodec  : setup formats input: AMessage(what = 0x00000000) = {
07-10 18:25:04.764  7189  9083 D CCodec  :   int32_t android._color-format = 2130708361
07-10 18:25:04.764  7189  9083 D CCodec  :   int32_t bitrate = 4000000
07-10 18:25:04.764  7189  9083 D CCodec  :   Rect crop(0, 0, 639, 479)
07-10 18:25:04.764  7189  9083 D CCodec  :   int32_t color-standard = 0
07-10 18:25:04.764  7189  9083 D CCodec  :   int32_t color-range = 0
07-10 18:25:04.764  7189  9083 D CCodec  :   int32_t color-transfer = 0
07-10 18:25:04.764  7189  9083 D CCodec  :   int32_t frame-rate = 30
07-10 18:25:04.764  7189  9083 D CCodec  :   int32_t height = 480
07-10 18:25:04.764  7189  9083 D CCodec  :   float input.time-stretch = 1.000000
07-10 18:25:04.764  7189  9083 D CCodec  :   int32_t intra-refresh-period = 0
07-10 18:25:04.764  7189  9083 D CCodec  :   int32_t latency = 8
07-10 18:25:04.764  7189  9083 D CCodec  :   string mime = "video/raw"
07-10 18:25:04.764  7189  9083 D CCodec  :   int32_t prepend-sps-pps-to-idr-frames = 0
07-10 18:25:04.764  7189  9083 D CCodec  :   int32_t priority = 0
07-10 18:25:04.764  7189  9083 D CCodec  :   int32_t video-qp-average = 0
07-10 18:25:04.764  7189  9083 D CCodec  :   int32_t width = 640
07-10 18:25:04.764  7189  9083 D CCodec  :   int32_t android._dataspace = 0
07-10 18:25:04.764  7189  9083 D CCodec  :   int64_t android._C2MemoryUsage = 0
07-10 18:25:04.764  7189  9083 D CCodec  :   int32_t color-format = 2130708361
07-10 18:25:04.764  7189  9083 D CCodec  : }
07-10 18:25:04.764  7189  9083 D CCodec  : setup formats output: AMessage(what = 0x00000000) = {
07-10 18:25:04.764  7189  9083 D CCodec  :   int32_t bitrate = 4000000
07-10 18:25:04.764  7189  9083 D CCodec  :   int32_t bitrate-mode = 1
07-10 18:25:04.764  7189  9083 D CCodec  :   Rect crop(0, 0, 639, 479)
07-10 18:25:04.764  7189  9083 D CCodec  :   int32_t width = 640
07-10 18:25:04.764  7189  9083 D CCodec  :   int32_t color-standard = 0
07-10 18:25:04.764  7189  9083 D CCodec  :   int32_t color-range = 0
07-10 18:25:04.764  7189  9083 D CCodec  :   int32_t color-transfer = 0
07-10 18:25:04.764  7189  9083 D CCodec  :   int32_t frame-rate = 30
07-10 18:25:04.764  7189  9083 D CCodec  :   int32_t height = 480
07-10 18:25:04.764  7189  9083 D CCodec  :   float input.time-stretch = 1.000000
07-10 18:25:04.764  7189  9083 D CCodec  :   int32_t intra-refresh-period = 0
07-10 18:25:04.764  7189  9083 D CCodec  :   int32_t latency = 8
07-10 18:25:04.764  7189  9083 D CCodec  :   int32_t max-bitrate = 4000000
07-10 18:25:04.764  7189  9083 D CCodec  :   string mime = "video/avc"
07-10 18:25:04.764  7189  9083 D CCodec  :   int32_t prepend-sps-pps-to-idr-frames = 0
07-10 18:25:04.764  7189  9083 D CCodec  :   int32_t priority = 0
07-10 18:25:04.764  7189  9083 D CCodec  :   int32_t profile = 8
07-10 18:25:04.764  7189  9083 D CCodec  :   int32_t video-qp-average = 0
07-10 18:25:04.764  7189  9083 D CCodec  : }
07-10 18:25:04.764  7189  9083 I CCodecConfig: query failed after returning 23 values (BAD_INDEX)
07-10 18:25:04.764  7189  9083 D CCodecConfig: c2 config diff is   c2::u32 coded.tile-layout.columns = 3
07-10 18:25:04.764  7189  9083 D CCodecConfig:   c2::u32 coded.tile-layout.rows = 2
07-10 18:25:04.764  7189  9083 W ColorUtils: expected specified color aspects (0:0:0:0)
07-10 18:25:04.765  7189  9082 D MediaCodec: [0xb40000763007a350] setState: 4
07-10 18:25:04.765  7189  9083 D BufferQueueConsumer: [GraphicBufferSource](id:1c1500000001,api:0,p:-1,c:7189) connect: controlledByApp=false
07-10 18:25:04.765  7189  9083 D CCodec  : hidl based PersistentSurface created
07-10 18:25:04.765  7189  9030 V ClienteVrPandasz: android_activity::activity_impl: pollOnce id = -3
07-10 18:25:04.765  7189  9030 V ClienteVrPandasz: android_activity::activity_impl: ALooper_pollOnce returned POLL_TIMEOUT
07-10 18:25:04.765  7189  9083 D CCodec  : input format changed to AMessage(what = 0x00000000) = {
07-10 18:25:04.765  7189  9083 D CCodec  :   int32_t android._color-format = 2130708361
07-10 18:25:04.765  7189  9083 D CCodec  :   int32_t bitrate = 4000000
07-10 18:25:04.765  7189  9083 D CCodec  :   Rect crop(0, 0, 639, 479)
07-10 18:25:04.765  7189  9083 D CCodec  :   int32_t color-standard = 4
07-10 18:25:04.765  7189  9083 D CCodec  :   int32_t color-range = 2
07-10 18:25:04.765  7189  9083 D CCodec  :   int32_t color-transfer = 3
07-10 18:25:04.765  7189  9083 D CCodec  :   int32_t frame-rate = 30
07-10 18:25:04.765  7189  9083 D CCodec  :   int32_t height = 480
07-10 18:25:04.765  7189  9083 D CCodec  :   float input.time-stretch = 1.000000
07-10 18:25:04.765  7189  9083 D CCodec  :   int32_t intra-refresh-period = 0
07-10 18:25:04.765  7189  9083 D CCodec  :   int32_t latency = 8
07-10 18:25:04.765  7189  9083 D CCodec  :   string mime = "video/raw"
07-10 18:25:04.765  7189  9083 D CCodec  :   int32_t prepend-sps-pps-to-idr-frames = 0
07-10 18:25:04.765  7189  9083 D CCodec  :   int32_t priority = 0
07-10 18:25:04.765  7189  9083 D CCodec  :   int32_t video-qp-average = 0
07-10 18:25:04.765  7189  9083 D CCodec  :   int32_t width = 640
07-10 18:25:04.765  7189  9083 D CCodec  :   int32_t android._dataspace = 259
07-10 18:25:04.765  7189  9083 D CCodec  :   int64_t android._C2MemoryUsage = 0
07-10 18:25:04.765  7189  9083 D CCodec  :   int32_t color-format = 2130708361
07-10 18:25:04.765  7189  9083 D CCodec  : }
07-10 18:25:04.765  7189  9083 E Codec2Buffer: handle is not compatible to any gralloc C2Handle types
07-10 18:25:04.765  7189  9083 D C2NodeImpl: Loading .so success
07-10 18:25:04.765  7189  9083 D GraphicBufferSource: setting dataspace: 0x103, acquired=0
07-10 18:25:04.765  7189  9083 D CCodec  : ISConfig not changed
07-10 18:25:04.766  7189  9082 D MediaCodec: [0xb40000763007a350] setState: 5
07-10 18:25:04.766  7189  9083 W Codec2Client: query -- param skipped: index = 1342179345.
07-10 18:25:04.766  7189  9083 W Codec2Client: query -- param skipped: index = 2415921170.
07-10 18:25:04.766  7189  9083 D CCodecBufferChannel: [c2.mtk.avc.encoder#412] Using basic input block pool with poolID 1 => got 1 - OK (0)
07-10 18:25:04.766  7189  9083 D C2Store : Using ION
07-10 18:25:04.767 25135 25135 W Finsky  : [2] STU: Failed to get storage stats for package 'com.google.android.healthfitness' (1601: Error getting stats: android.content.pm.PackageManager.NameNotFoundException)
07-10 18:25:04.767  7189  9083 I CCodecBufferChannel: [c2.mtk.avc.encoder#412] Created output block pool with allocatorID 16 => poolID 342 - OK
07-10 18:25:04.768  7189  9083 D CCodecBufferChannel: [c2.mtk.avc.encoder#412] Configured output block pool ids 342 => OK
07-10 18:25:04.768  7189  9083 D CCodecBufferChannel: [0xb400007790047d10] [c2.mtk.avc.encoder#412] start: output->outputDelay 0, output->numSlots 4
07-10 18:25:04.768  7189  9030 V ClienteVrPandasz: android_activity::activity_impl: poll_events
07-10 18:25:04.768  7189  9030 V ClienteVrPandasz: android_activity::activity_impl: Calling ALooper_pollOnce, timeout = 16
07-10 18:25:04.768  7189  9083 I CCodecBufferChannel: [0xb400007790047d10][c2.mtk.avc.encoder#412],using arrayMode ouputBuffers for linear outputstream.
07-10 18:25:04.768  7189  9083 D CCodecBuffers: [c2.mtk.avc.encoder#412:1D-Output.Impl[N]] converted 0 buffers to array mode of 4
07-10 18:25:04.769  7189  9032 I ClienteVrPandasz: cliente_vr_pandasz: head_quat x=-0.0095 y=-0.0196 z=0.9955 w=0.0926
07-10 18:25:04.772  7189  9082 D MediaCodec: [0xb40000763007a350] setState: 6
07-10 18:25:04.772  7189  9033 I ClienteVrPandasz: cliente_vr_pandasz::camara: Encoder H.264 iniciado correctamente
07-10 18:25:04.772  7189  9033 E ACameraManager: getCurrentDeviceId: Failed to call getDeviceIdsForUid to determine device id for uid 10366: No error
07-10 18:25:04.777  7189  9033 I ClienteVrPandasz: cliente_vr_pandasz::camara: Cámaras detectadas: 2
07-10 18:25:04.779  7189  9032 I ClienteVrPandasz: cliente_vr_pandasz: head_quat x=-0.0095 y=-0.0196 z=0.9955 w=0.0926
07-10 18:25:04.784  7189  9030 V ClienteVrPandasz: android_activity::activity_impl: pollOnce id = -3
07-10 18:25:04.784  7189  9030 V ClienteVrPandasz: android_activity::activity_impl: ALooper_pollOnce returned POLL_TIMEOUT
07-10 18:25:04.787  7189  9030 V ClienteVrPandasz: android_activity::activity_impl: poll_events
07-10 18:25:04.787  7189  9030 V ClienteVrPandasz: android_activity::activity_impl: Calling ALooper_pollOnce, timeout = 16
07-10 18:25:04.789  7189  9032 I ClienteVrPandasz: cliente_vr_pandasz: head_quat x=-0.0095 y=-0.0196 z=0.9955 w=0.0926
07-10 18:25:04.791 11962 32456 E CameraManagerGlobal: Camera 4 is not present. Ignore physical camera status change
07-10 18:25:04.791  4504  8822 E CameraManagerGlobal: Camera 4 is not present. Ignore physical camera status change
07-10 18:25:04.791  7189  8980 E ACameraManager: onStatusChangedLocked: Physical camera id 0 status change on a non-present id 4
07-10 18:25:04.791  7694  9072 E CameraManagerGlobal: Camera 4 is not present. Ignore physical camera status change
07-10 18:25:04.792 15503 21488 E CameraManagerGlobal: Camera 4 is not present. Ignore physical camera status change
07-10 18:25:04.792 11962 32456 E CameraManagerGlobal: Camera 5 is not present. Ignore physical camera status change
07-10 18:25:04.792  7189  8980 E ACameraManager: onStatusChangedLocked: Physical camera id 0 status change on a non-present id 5
07-10 18:25:04.792  7694  9072 E CameraManagerGlobal: Camera 5 is not present. Ignore physical camera status change
07-10 18:25:04.792 15503 21488 E CameraManagerGlobal: Camera 5 is not present. Ignore physical camera status change
07-10 18:25:04.792  7694  9072 D VivoJavaJsonManager: failed to find appName:com.alibaba.aliexpresshd from config key:mProtakePackages
07-10 18:25:04.792 15503 21488 D VivoJavaJsonManager: failed to find appName:com.google.android.googlequicksearchbox from config key:mProtakePackages
07-10 18:25:04.792  4504  8822 E CameraManagerGlobal: Camera 5 is not present. Ignore physical camera status change
07-10 18:25:04.793  4504  8822 D VivoJavaJsonManager: failed to find appName:com.google.android.gms from config key:mProtakePackages
07-10 18:25:04.791  6380 31174 E CameraManagerGlobal: Camera 4 is not present. Ignore physical camera status change
07-10 18:25:04.793  6380 31174 E CameraManagerGlobal: Camera 5 is not present. Ignore physical camera status change
07-10 18:25:04.793  6380 31174 D VivoJavaJsonManager: failed to find appName:com.google.android.googlequicksearchbox from config key:mProtakePackages
07-10 18:25:04.794 11962 32456 D VivoJavaJsonManager: failed to find appName:com.dywx.larkplayer from config key:mProtakePackages
07-10 18:25:04.800  4504  8658 D VivoJavaJsonManager: failed to find appName:com.google.android.gms from config key:mProtakePackages
07-10 18:25:04.800  7694  9072 D VivoJavaJsonManager: failed to find appName:com.alibaba.aliexpresshd from config key:mProtakePackages
07-10 18:25:04.801  7694  9072 D VivoJavaJsonManager: failed to find appName:com.alibaba.aliexpresshd from config key:mProtakePackages
07-10 18:25:04.801  7694  9072 W CameraManagerGlobal: ignore the torch status update of camera: 2
07-10 18:25:04.801  4504  8658 D VivoJavaJsonManager: failed to find appName:com.google.android.gms from config key:mProtakePackages
07-10 18:25:04.801  4504  8658 W CameraManagerGlobal: ignore the torch status update of camera: 2
07-10 18:25:04.803  7189  9030 V ClienteVrPandasz: android_activity::activity_impl: pollOnce id = -3
07-10 18:25:04.803  7189  9030 V ClienteVrPandasz: android_activity::activity_impl: ALooper_pollOnce returned POLL_TIMEOUT
07-10 18:25:04.804  4504  8658 D VivoJavaJsonManager: failed to find appName:com.google.android.gms from config key:mProtakePackages
07-10 18:25:04.804  4504  8658 W CameraManagerGlobal: ignore the torch status update of camera: 3
07-10 18:25:04.805  4504  8658 D VivoJavaJsonManager: failed to find appName:com.google.android.gms from config key:mProtakePackages
07-10 18:25:04.805  4504  8658 W CameraManagerGlobal: ignore the torch status update of camera: 4
07-10 18:25:04.805  4504  8658 D VivoJavaJsonManager: failed to find appName:com.google.android.gms from config key:mProtakePackages
07-10 18:25:04.805  4504  8658 W CameraManagerGlobal: ignore the torch status update of camera: 5
07-10 18:25:04.805  6380 26129 D VivoJavaJsonManager: failed to find appName:com.google.android.googlequicksearchbox from config key:mProtakePackages
07-10 18:25:04.806  6380 26129 D VivoJavaJsonManager: failed to find appName:com.google.android.googlequicksearchbox from config key:mProtakePackages
07-10 18:25:04.806  6380 26129 W CameraManagerGlobal: ignore the torch status update of camera: 2
07-10 18:25:04.806  6380 26129 D VivoJavaJsonManager: failed to find appName:com.google.android.googlequicksearchbox from config key:mProtakePackages
07-10 18:25:04.806  6380 26129 W CameraManagerGlobal: ignore the torch status update of camera: 3
07-10 18:25:04.807  7189  9030 V ClienteVrPandasz: android_activity::activity_impl: poll_events
07-10 18:25:04.807  7189  9030 V ClienteVrPandasz: android_activity::activity_impl: Calling ALooper_pollOnce, timeout = 16
07-10 18:25:04.807  7189  9032 I ClienteVrPandasz: cliente_vr_pandasz: head_quat x=-0.0095 y=-0.0196 z=0.9955 w=0.0926
07-10 18:25:04.808 15503 21488 D VivoJavaJsonManager: failed to find appName:com.google.android.googlequicksearchbox from config key:mProtakePackages
07-10 18:25:04.808 15503 21488 D VivoJavaJsonManager: failed to find appName:com.google.android.googlequicksearchbox from config key:mProtakePackages
07-10 18:25:04.808 15503 21488 W CameraManagerGlobal: ignore the torch status update of camera: 2
07-10 18:25:04.808  7189  9033 I ClienteVrPandasz: cliente_vr_pandasz::camara: Cámara abierta correctamente
07-10 18:25:04.808 15503 21488 D VivoJavaJsonManager: failed to find appName:com.google.android.googlequicksearchbox from config key:mProtakePackages
07-10 18:25:04.808 15503 21488 W CameraManagerGlobal: ignore the torch status update of camera: 3
07-10 18:25:04.808 15503 21488 D VivoJavaJsonManager: failed to find appName:com.google.android.googlequicksearchbox from config key:mProtakePackages
07-10 18:25:04.808 15503 21488 W CameraManagerGlobal: ignore the torch status update of camera: 4
07-10 18:25:04.808 15503 21488 D VivoJavaJsonManager: failed to find appName:com.google.android.googlequicksearchbox from config key:mProtakePackages
07-10 18:25:04.808 15503 21488 W CameraManagerGlobal: ignore the torch status update of camera: 5
07-10 18:25:04.808  6380 26129 D VivoJavaJsonManager: failed to find appName:com.google.android.googlequicksearchbox from config key:mProtakePackages
07-10 18:25:04.808  7189  9032 I ClienteVrPandasz: cliente_vr_pandasz: head_quat x=-0.0095 y=-0.0196 z=0.9955 w=0.0926
07-10 18:25:04.808  6380 26129 W CameraManagerGlobal: ignore the torch status update of camera: 4
07-10 18:25:04.809  6380 26129 D VivoJavaJsonManager: failed to find appName:com.google.android.googlequicksearchbox from config key:mProtakePackages
07-10 18:25:04.809  6380 26129 W CameraManagerGlobal: ignore the torch status update of camera: 5
07-10 18:25:04.809 11962 32456 D VivoJavaJsonManager: failed to find appName:com.dywx.larkplayer from config key:mProtakePackages
07-10 18:25:04.809 11962 32456 D VivoJavaJsonManager: failed to find appName:com.dywx.larkplayer from config key:mProtakePackages
07-10 18:25:04.809 11962 32456 W CameraManagerGlobal: ignore the torch status update of camera: 2
07-10 18:25:04.809 11962 32456 D VivoJavaJsonManager: failed to find appName:com.dywx.larkplayer from config key:mProtakePackages
07-10 18:25:04.809 11962 32456 W CameraManagerGlobal: ignore the torch status update of camera: 3
07-10 18:25:04.809 11962 32456 D VivoJavaJsonManager: failed to find appName:com.dywx.larkplayer from config key:mProtakePackages
07-10 18:25:04.809 11962 32456 W CameraManagerGlobal: ignore the torch status update of camera: 4
07-10 18:25:04.809 11962 32456 D VivoJavaJsonManager: failed to find appName:com.dywx.larkplayer from config key:mProtakePackages
07-10 18:25:04.809 11962 32456 W CameraManagerGlobal: ignore the torch status update of camera: 5
07-10 18:25:04.810 25135 25135 W Finsky  : [2] STU: Failed to get storage stats for package 'com.android.uwb' (1601: Error getting stats: android.content.pm.PackageManager.NameNotFoundException)
07-10 18:25:04.811 25135 25135 W Finsky  : [2] STU: Failed to get storage stats for package 'com.google.android.extservices' (1601: Error getting stats: android.content.pm.PackageManager.NameNotFoundException)
07-10 18:25:04.818  7189  9032 I ClienteVrPandasz: cliente_vr_pandasz: head_quat x=-0.0095 y=-0.0196 z=0.9955 w=0.0926
07-10 18:25:04.823  7189  9030 V ClienteVrPandasz: android_activity::activity_impl: pollOnce id = -3
07-10 18:25:04.823  7189  9030 V ClienteVrPandasz: android_activity::activity_impl: ALooper_pollOnce returned POLL_TIMEOUT
07-10 18:25:04.826  7189  9032 I ClienteVrPandasz: cliente_vr_pandasz: head_quat x=-0.0095 y=-0.0196 z=0.9955 w=0.0926
07-10 18:25:04.827  7189  9030 V ClienteVrPandasz: android_activity::activity_impl: poll_events
07-10 18:25:04.827  7189  9030 V ClienteVrPandasz: android_activity::activity_impl: Calling ALooper_pollOnce, timeout = 16
07-10 18:25:04.836  7189  9032 I ClienteVrPandasz: cliente_vr_pandasz: head_quat x=-0.0095 y=-0.0196 z=0.9955 w=0.0926
07-10 18:25:04.843  7189  9030 V ClienteVrPandasz: android_activity::activity_impl: pollOnce id = -3
07-10 18:25:04.843  7189  9030 V ClienteVrPandasz: android_activity::activity_impl: ALooper_pollOnce returned POLL_TIMEOUT
07-10 18:25:04.845  7189  9030 V ClienteVrPandasz: android_activity::activity_impl: poll_events
07-10 18:25:04.845  7189  9030 V ClienteVrPandasz: android_activity::activity_impl: Calling ALooper_pollOnce, timeout = 16
07-10 18:25:04.855  7189  9032 I ClienteVrPandasz: cliente_vr_pandasz: head_quat x=-0.0095 y=-0.0196 z=0.9955 w=0.0926
07-10 18:25:04.861  7189  9030 V ClienteVrPandasz: android_activity::activity_impl: pollOnce id = -3
07-10 18:25:04.861  7189  9030 V ClienteVrPandasz: android_activity::activity_impl: ALooper_pollOnce returned POLL_TIMEOUT
07-10 18:25:04.863  7189  9030 V ClienteVrPandasz: android_activity::activity_impl: poll_events
07-10 18:25:04.863  7189  9030 V ClienteVrPandasz: android_activity::activity_impl: Calling ALooper_pollOnce, timeout = 16
07-10 18:25:04.864  7189  9032 I ClienteVrPandasz: cliente_vr_pandasz: head_quat x=-0.0095 y=-0.0196 z=0.9955 w=0.0926
07-10 18:25:04.874  7189  9032 I ClienteVrPandasz: cliente_vr_pandasz: head_quat x=-0.0095 y=-0.0196 z=0.9955 w=0.0926
07-10 18:25:04.879  7189  9030 V ClienteVrPandasz: android_activity::activity_impl: pollOnce id = -3
07-10 18:25:04.879  7189  9030 V ClienteVrPandasz: android_activity::activity_impl: ALooper_pollOnce returned POLL_TIMEOUT
07-10 18:25:04.882  7189  9030 V ClienteVrPandasz: android_activity::activity_impl: poll_events
07-10 18:25:04.882  7189  9030 V ClienteVrPandasz: android_activity::activity_impl: Calling ALooper_pollOnce, timeout = 16
07-10 18:25:04.884  7189  9032 I ClienteVrPandasz: cliente_vr_pandasz: head_quat x=-0.0095 y=-0.0196 z=0.9955 w=0.0926
07-10 18:25:04.895  7189  9032 I ClienteVrPandasz: cliente_vr_pandasz: head_quat x=-0.0095 y=-0.0196 z=0.9955 w=0.0926
07-10 18:25:04.897  7189  9098 I ClienteVrPandasz: cliente_vr_pandasz::camara: Sesión de captura activa
07-10 18:25:04.897  7189  9033 I ClienteVrPandasz: cliente_vr_pandasz::camara: Captura de cámara iniciada, grabando a archivo local...
07-10 18:25:04.898  7189  9033 I ClienteVrPandasz: cliente_vr_pandasz::camara: Guardando H.264 crudo en: /data/data/com.pandasz.clientevr/files/camara.h264
07-10 18:25:04.899  7189  9030 V ClienteVrPandasz: android_activity::activity_impl: pollOnce id = -3
07-10 18:25:04.899  7189  9030 V ClienteVrPandasz: android_activity::activity_impl: ALooper_pollOnce returned POLL_TIMEOUT
07-10 18:25:04.903  7189  9032 I ClienteVrPandasz: cliente_vr_pandasz: head_quat x=-0.0095 y=-0.0196 z=0.9955 w=0.0926
07-10 18:25:04.903  7189  9030 V ClienteVrPandasz: android_activity::activity_impl: poll_events
07-10 18:25:04.903  7189  9030 V ClienteVrPandasz: android_activity::activity_impl: Calling ALooper_pollOnce, timeout = 16
07-10 18:25:04.904 25135 25135 W Finsky  : [2] STU: Failed to get storage stats for package 'com.google.android.os.statsd' (1601: Error getting stats: android.content.pm.PackageManager.NameNotFoundException)
07-10 18:25:04.913  7189  9032 I ClienteVrPandasz: cliente_vr_pandasz: head_quat x=-0.0095 y=-0.0196 z=0.9955 w=0.0926
07-10 18:25:04.919  7189  9030 V ClienteVrPandasz: android_activity::activity_impl: pollOnce id = -3
07-10 18:25:04.919  7189  9030 V ClienteVrPandasz: android_activity::activity_impl: ALooper_pollOnce returned POLL_TIMEOUT
07-10 18:25:04.921  7189  9030 V ClienteVrPandasz: android_activity::activity_impl: poll_events
07-10 18:25:04.921  7189  9030 V ClienteVrPandasz: android_activity::activity_impl: Calling ALooper_pollOnce, timeout = 16
07-10 18:25:04.922  7189  9032 I ClienteVrPandasz: cliente_vr_pandasz: head_quat x=-0.0095 y=-0.0196 z=0.9955 w=0.0926
07-10 18:25:04.932  7189  9032 I ClienteVrPandasz: cliente_vr_pandasz: head_quat x=-0.0095 y=-0.0196 z=0.9955 w=0.0926
07-10 18:25:04.938  7189  9030 V ClienteVrPandasz: android_activity::activity_impl: pollOnce id = -3
07-10 18:25:04.938  7189  9030 V ClienteVrPandasz: android_activity::activity_impl: ALooper_pollOnce returned POLL_TIMEOUT
07-10 18:25:04.940  7189  9030 V ClienteVrPandasz: android_activity::activity_impl: poll_events
07-10 18:25:04.941  7189  9030 V ClienteVrPandasz: android_activity::activity_impl: Calling ALooper_pollOnce, timeout = 16
07-10 18:25:04.941  7189  9032 I ClienteVrPandasz: cliente_vr_pandasz: head_quat x=-0.0095 y=-0.0196 z=0.9955 w=0.0926
07-10 18:25:04.948 25135 25135 W Finsky  : [2] STU: Failed to get storage stats for package 'com.android.rkpd' (1601: Error getting stats: android.content.pm.PackageManager.NameNotFoundException)
07-10 18:25:04.950  7189  9032 I ClienteVrPandasz: cliente_vr_pandasz: head_quat x=-0.0095 y=-0.0196 z=0.9955 w=0.0926
07-10 18:25:04.954 25135 25135 W Finsky  : [2] STU: Failed to get storage stats for package 'com.google.android.scheduling' (1601: Error getting stats: android.content.pm.PackageManager.NameNotFoundException)
07-10 18:25:04.957  7189  9030 V ClienteVrPandasz: android_activity::activity_impl: pollOnce id = -3
07-10 18:25:04.957  7189  9030 V ClienteVrPandasz: android_activity::activity_impl: ALooper_pollOnce returned POLL_TIMEOUT
07-10 18:25:04.963  7189  9032 I ClienteVrPandasz: cliente_vr_pandasz: head_quat x=-0.0095 y=-0.0196 z=0.9955 w=0.0926
07-10 18:25:04.964  7189  9030 V ClienteVrPandasz: android_activity::activity_impl: poll_events
07-10 18:25:04.964  7189  9030 V ClienteVrPandasz: android_activity::activity_impl: Calling ALooper_pollOnce, timeout = 16
07-10 18:25:04.970  7189  9032 I ClienteVrPandasz: cliente_vr_pandasz: head_quat x=-0.0095 y=-0.0196 z=0.9955 w=0.0926
07-10 18:25:04.979  7189  9032 I ClienteVrPandasz: cliente_vr_pandasz: head_quat x=-0.0095 y=-0.0196 z=0.9955 w=0.0926
07-10 18:25:04.980  7189  9030 V ClienteVrPandasz: android_activity::activity_impl: pollOnce id = -3
07-10 18:25:04.980  7189  9030 V ClienteVrPandasz: android_activity::activity_impl: ALooper_pollOnce returned POLL_TIMEOUT
07-10 18:25:04.982  7189  9030 V ClienteVrPandasz: android_activity::activity_impl: poll_events
07-10 18:25:04.983  7189  9030 V ClienteVrPandasz: android_activity::activity_impl: Calling ALooper_pollOnce, timeout = 16
07-10 18:25:04.989  7189  9032 I ClienteVrPandasz: cliente_vr_pandasz: head_quat x=-0.0095 y=-0.0196 z=0.9955 w=0.0926
07-10 18:25:04.999  7189  9030 V ClienteVrPandasz: android_activity::activity_impl: pollOnce id = -3
07-10 18:25:04.999  7189  9030 V ClienteVrPandasz: android_activity::activity_impl: ALooper_pollOnce returned POLL_TIMEOUT
07-10 18:25:04.999  7189  9032 I ClienteVrPandasz: cliente_vr_pandasz: head_quat x=-0.0095 y=-0.0196 z=0.9955 w=0.0926
07-10 18:25:05.003  7189  9030 V ClienteVrPandasz: android_activity::activity_impl: poll_events
07-10 18:25:05.003  7189  9030 V ClienteVrPandasz: android_activity::activity_impl: Calling ALooper_pollOnce, timeout = 16
07-10 18:25:05.008  7189  9032 I ClienteVrPandasz: cliente_vr_pandasz: head_quat x=-0.0095 y=-0.0196 z=0.9955 w=0.0926
07-10 18:25:05.010 25135 25135 I Finsky  : [2] App states replicator found 32 unowned apps
07-10 18:25:05.017  7189  9032 I ClienteVrPandasz: cliente_vr_pandasz: head_quat x=-0.0095 y=-0.0196 z=0.9955 w=0.0926
07-10 18:25:05.019  7189  9030 V ClienteVrPandasz: android_activity::activity_impl: pollOnce id = -3
07-10 18:25:05.020  7189  9030 V ClienteVrPandasz: android_activity::activity_impl: ALooper_pollOnce returned POLL_TIMEOUT
07-10 18:25:05.022  7189  9030 V ClienteVrPandasz: android_activity::activity_impl: poll_events
07-10 18:25:05.022  7189  9030 V ClienteVrPandasz: android_activity::activity_impl: Calling ALooper_pollOnce, timeout = 16
07-10 18:25:05.028  7189  9032 I ClienteVrPandasz: cliente_vr_pandasz: head_quat x=-0.0095 y=-0.0196 z=0.9955 w=0.0926
07-10 18:25:05.030 25135 25221 I Finsky  : [4909] Completed 0 account content syncs with 0 successful.
07-10 18:25:05.030 25135 25135 I Finsky  : [2] [ContentSync] Installation state replication succeeded.
07-10 18:25:05.030 25135 25135 I Finsky  : [2] SCH: jobFinished: 12-1. TimeElapsed: 5037ms.
07-10 18:25:05.031 25135 25135 I Finsky  : [2] WM::SCH: Logging work end for 12-1
07-10 18:25:05.036  7189  9032 I ClienteVrPandasz: cliente_vr_pandasz: head_quat x=-0.0095 y=-0.0196 z=0.9955 w=0.0926
07-10 18:25:05.037 25135 25221 I Finsky  : [4909] SCH: Scheduling phonesky job Id: 1-1337, CT: 1783712530827, Constraints: [{ L: 41744187, D: 84944187, C: CHARGING_NONE, I: IDLE_NONE, N: NET_ANY, B: BATTERY_ANY }]
07-10 18:25:05.037 25135 25221 I Finsky  : [4909] SCH: Scheduling phonesky job Id: 34-297, CT: 1783673820179, Constraints: [{ L: 604800000, D: 2499950671, C: CHARGING_NONE, I: IDLE_NONE, N: NET_ANY, B: BATTERY_ANY }]
07-10 18:25:05.037 25135 25221 I Finsky  : [4909] SCH: Scheduling phonesky job Id: 34-308, CT: 1783673820180, Constraints: [{ L: 604800000, D: 2579296357, C: CHARGING_NONE, I: IDLE_NONE, N: NET_ANY, B: BATTERY_ANY }]
07-10 18:25:05.037 25135 25221 I Finsky  : [4909] SCH: Scheduling phonesky job Id: 34-312, CT: 1783673820181, Constraints: [{ L: 66496115, D: 1362496115, C: CHARGING_NONE, I: IDLE_NONE, N: NET_ANY, B: BATTERY_ANY }]
07-10 18:25:05.038  7189  9030 V ClienteVrPandasz: android_activity::activity_impl: pollOnce id = -3
07-10 18:25:05.038  7189  9030 V ClienteVrPandasz: android_activity::activity_impl: ALooper_pollOnce returned POLL_TIMEOUT
07-10 18:25:05.040 25135 25218 I Finsky  : [4908] SCH: Scheduling 1 system job(s)
07-10 18:25:05.041  7189  9030 V ClienteVrPandasz: android_activity::activity_impl: poll_events
07-10 18:25:05.041  7189  9030 V ClienteVrPandasz: android_activity::activity_impl: Calling ALooper_pollOnce, timeout = 16
07-10 18:25:05.041 25135 25218 I Finsky  : [4908] SCH: Scheduling system job Id: 9441, L: 14411256, D: 71569974, C: false, I: false, N: 1
07-10 18:25:05.045 25135  8920 I Finsky  : [5090] SCH: job service finished with id 9436.
07-10 18:25:05.046  7189  9032 I ClienteVrPandasz: cliente_vr_pandasz: head_quat x=-0.0095 y=-0.0196 z=0.9955 w=0.0926
07-10 18:25:05.056  7189  9032 I ClienteVrPandasz: cliente_vr_pandasz: head_quat x=-0.0095 y=-0.0196 z=0.9955 w=0.0926
07-10 18:25:05.057  7189  9030 V ClienteVrPandasz: android_activity::activity_impl: pollOnce id = -3
07-10 18:25:05.057  7189  9030 V ClienteVrPandasz: android_activity::activity_impl: ALooper_pollOnce returned POLL_TIMEOUT
07-10 18:25:05.060  7189  9030 V ClienteVrPandasz: android_activity::activity_impl: poll_events
07-10 18:25:05.060  7189  9030 V ClienteVrPandasz: android_activity::activity_impl: Calling ALooper_pollOnce, timeout = 16
07-10 18:25:05.065  7189  9032 I ClienteVrPandasz: cliente_vr_pandasz: head_quat x=-0.0095 y=-0.0196 z=0.9955 w=0.0926
07-10 18:25:05.075  7189  9032 I ClienteVrPandasz: cliente_vr_pandasz: head_quat x=-0.0095 y=-0.0196 z=0.9955 w=0.0926
07-10 18:25:05.076  7189  9030 V ClienteVrPandasz: android_activity::activity_impl: pollOnce id = -3
07-10 18:25:05.076  7189  9030 V ClienteVrPandasz: android_activity::activity_impl: ALooper_pollOnce returned POLL_TIMEOUT
07-10 18:25:05.078  7189  9030 V ClienteVrPandasz: android_activity::activity_impl: poll_events
07-10 18:25:05.078  7189  9030 V ClienteVrPandasz: android_activity::activity_impl: Calling ALooper_pollOnce, timeout = 16
07-10 18:25:05.084  7189  9032 I ClienteVrPandasz: cliente_vr_pandasz: head_quat x=-0.0095 y=-0.0196 z=0.9955 w=0.0926
07-10 18:25:05.094  7189  9032 I ClienteVrPandasz: cliente_vr_pandasz: head_quat x=-0.0095 y=-0.0196 z=0.9955 w=0.0926
07-10 18:25:05.094  7189  9030 V ClienteVrPandasz: android_activity::activity_impl: pollOnce id = -3
07-10 18:25:05.094  7189  9030 V ClienteVrPandasz: android_activity::activity_impl: ALooper_pollOnce returned POLL_TIMEOUT
07-10 18:25:05.096  7189  9030 V ClienteVrPandasz: android_activity::activity_impl: poll_events
07-10 18:25:05.096  7189  9030 V ClienteVrPandasz: android_activity::activity_impl: Calling ALooper_pollOnce, timeout = 16
07-10 18:25:05.107  7189  9032 I ClienteVrPandasz: cliente_vr_pandasz: head_quat x=-0.0095 y=-0.0196 z=0.9955 w=0.0926
07-10 18:25:05.113  7189  9030 V ClienteVrPandasz: android_activity::activity_impl: pollOnce id = -3
07-10 18:25:05.113  7189  9030 V ClienteVrPandasz: android_activity::activity_impl: ALooper_pollOnce returned POLL_TIMEOUT
07-10 18:25:05.114  7189  9032 I ClienteVrPandasz: cliente_vr_pandasz: head_quat x=-0.0095 y=-0.0196 z=0.9955 w=0.0926
07-10 18:25:05.115  7189  9030 V ClienteVrPandasz: android_activity::activity_impl: poll_events
07-10 18:25:05.116  7189  9030 V ClienteVrPandasz: android_activity::activity_impl: Calling ALooper_pollOnce, timeout = 16
07-10 18:25:05.122  7189  9032 I ClienteVrPandasz: cliente_vr_pandasz: head_quat x=-0.0095 y=-0.0196 z=0.9955 w=0.0926
07-10 18:25:05.132  7189  9030 V ClienteVrPandasz: android_activity::activity_impl: pollOnce id = -3
07-10 18:25:05.132  7189  9030 V ClienteVrPandasz: android_activity::activity_impl: ALooper_pollOnce returned POLL_TIMEOUT
07-10 18:25:05.136  7189  9032 I ClienteVrPandasz: cliente_vr_pandasz: head_quat x=-0.0095 y=-0.0196 z=0.9955 w=0.0926
07-10 18:25:05.137  7189  9030 V ClienteVrPandasz: android_activity::activity_impl: poll_events
07-10 18:25:05.137  7189  9030 V ClienteVrPandasz: android_activity::activity_impl: Calling ALooper_pollOnce, timeout = 16
07-10 18:25:05.142  7189  9032 I ClienteVrPandasz: cliente_vr_pandasz: head_quat x=-0.0095 y=-0.0196 z=0.9955 w=0.0926
07-10 18:25:05.151  7189  9032 I ClienteVrPandasz: cliente_vr_pandasz: head_quat x=-0.0095 y=-0.0196 z=0.9955 w=0.0926
07-10 18:25:05.153  7189  9030 V ClienteVrPandasz: android_activity::activity_impl: pollOnce id = -3
07-10 18:25:05.153  7189  9030 V ClienteVrPandasz: android_activity::activity_impl: ALooper_pollOnce returned POLL_TIMEOUT
07-10 18:25:05.156  7189  9030 V ClienteVrPandasz: android_activity::activity_impl: poll_events
07-10 18:25:05.156  7189  9030 V ClienteVrPandasz: android_activity::activity_impl: Calling ALooper_pollOnce, timeout = 16
07-10 18:25:05.161  7189  9032 I ClienteVrPandasz: cliente_vr_pandasz: head_quat x=-0.0095 y=-0.0196 z=0.9955 w=0.0926
07-10 18:25:05.170  7189  9032 I ClienteVrPandasz: cliente_vr_pandasz: head_quat x=-0.0095 y=-0.0196 z=0.9955 w=0.0926
07-10 18:25:05.172  7189  9030 V ClienteVrPandasz: android_activity::activity_impl: pollOnce id = -3
07-10 18:25:05.172  7189  9030 V ClienteVrPandasz: android_activity::activity_impl: ALooper_pollOnce returned POLL_TIMEOUT
07-10 18:25:05.176  7189  9030 V ClienteVrPandasz: android_activity::activity_impl: poll_events
07-10 18:25:05.176  7189  9030 V ClienteVrPandasz: android_activity::activity_impl: Calling ALooper_pollOnce, timeout = 16
07-10 18:25:05.180  7189  9032 I ClienteVrPandasz: cliente_vr_pandasz: head_quat x=-0.0095 y=-0.0196 z=0.9955 w=0.0926
07-10 18:25:05.189  7189  9032 I ClienteVrPandasz: cliente_vr_pandasz: head_quat x=-0.0095 y=-0.0196 z=0.9955 w=0.0926
07-10 18:25:05.192  7189  9030 V ClienteVrPandasz: android_activity::activity_impl: pollOnce id = -3
07-10 18:25:05.192  7189  9030 V ClienteVrPandasz: android_activity::activity_impl: ALooper_pollOnce returned POLL_TIMEOUT
07-10 18:25:05.195  7189  9030 V ClienteVrPandasz: android_activity::activity_impl: poll_events
07-10 18:25:05.195  7189  9030 V ClienteVrPandasz: android_activity::activity_impl: Calling ALooper_pollOnce, timeout = 16
07-10 18:25:05.199  7189  9032 I ClienteVrPandasz: cliente_vr_pandasz: head_quat x=-0.0095 y=-0.0196 z=0.9955 w=0.0926
07-10 18:25:05.210  7189  9032 I ClienteVrPandasz: cliente_vr_pandasz: head_quat x=-0.0095 y=-0.0196 z=0.9955 w=0.0926
07-10 18:25:05.212  7189  9030 V ClienteVrPandasz: android_activity::activity_impl: pollOnce id = -3
07-10 18:25:05.212  7189  9030 V ClienteVrPandasz: android_activity::activity_impl: ALooper_pollOnce returned POLL_TIMEOUT
07-10 18:25:05.212  7189  9030 V ClienteVrPandasz: android_activity::activity_impl: poll_events
07-10 18:25:05.213  7189  9030 V ClienteVrPandasz: android_activity::activity_impl: Calling ALooper_pollOnce, timeout = 16
07-10 18:25:05.218  7189  9032 I ClienteVrPandasz: cliente_vr_pandasz: head_quat x=-0.0095 y=-0.0196 z=0.9955 w=0.0926
07-10 18:25:05.228  7189  9032 I ClienteVrPandasz: cliente_vr_pandasz: head_quat x=-0.0095 y=-0.0196 z=0.9955 w=0.0926
07-10 18:25:05.229  7189  9030 V ClienteVrPandasz: android_activity::activity_impl: pollOnce id = -3
07-10 18:25:05.229  7189  9030 V ClienteVrPandasz: android_activity::activity_impl: ALooper_pollOnce returned POLL_TIMEOUT
07-10 18:25:05.231  7189  9030 V ClienteVrPandasz: android_activity::activity_impl: poll_events
07-10 18:25:05.231  7189  9030 V ClienteVrPandasz: android_activity::activity_impl: Calling ALooper_pollOnce, timeout = 16
07-10 18:25:05.238  7189  9032 I ClienteVrPandasz: cliente_vr_pandasz: head_quat x=-0.0095 y=-0.0196 z=0.9955 w=0.0926
07-10 18:25:05.242  7189  8981 D GraphicBufferSource: got buffer with new dataSpace 0x103
07-10 18:25:05.242  7189  8981 D C2NodeImpl: dataspace changed to 0x103 pixel format: 0x22
07-10 18:25:05.247  7189  9032 I ClienteVrPandasz: cliente_vr_pandasz: head_quat x=-0.0095 y=-0.0196 z=0.9955 w=0.0926
07-10 18:25:05.250  7189  9030 V ClienteVrPandasz: android_activity::activity_impl: pollOnce id = -3
07-10 18:25:05.250  7189  9030 V ClienteVrPandasz: android_activity::activity_impl: ALooper_pollOnce returned POLL_TIMEOUT
07-10 18:25:05.253  7189  9030 V ClienteVrPandasz: android_activity::activity_impl: poll_events
07-10 18:25:05.253  7189  9030 V ClienteVrPandasz: android_activity::activity_impl: Calling ALooper_pollOnce, timeout = 16
07-10 18:25:05.259  7189  9032 I ClienteVrPandasz: cliente_vr_pandasz: head_quat x=-0.0095 y=-0.0196 z=0.9955 w=0.0926
07-10 18:25:05.269  7189  9032 I ClienteVrPandasz: cliente_vr_pandasz: head_quat x=-0.0095 y=-0.0196 z=0.9955 w=0.0926
07-10 18:25:05.271  7189  9030 V ClienteVrPandasz: android_activity::activity_impl: pollOnce id = -3
07-10 18:25:05.271  7189  9030 V ClienteVrPandasz: android_activity::activity_impl: ALooper_pollOnce returned POLL_TIMEOUT
07-10 18:25:05.276  7189  9030 V ClienteVrPandasz: android_activity::activity_impl: poll_events
07-10 18:25:05.276  7189  9030 V ClienteVrPandasz: android_activity::activity_impl: Calling ALooper_pollOnce, timeout = 16
07-10 18:25:05.277  7189  9032 I ClienteVrPandasz: cliente_vr_pandasz: head_quat x=-0.0095 y=-0.0196 z=0.9955 w=0.0926
07-10 18:25:05.278  7189  9088 E ion     : ioctl c0044901 failed with code -1: Invalid argument
07-10 18:25:05.278  7189  9083 D CCodecConfig: c2 config diff is   Buffer coded.init-data.value = {
07-10 18:25:05.278  7189  9083 D CCodecConfig:     00000000:  00 00 00 01 67 64 00 1e  ac 1b 1a 80 a0 3d a6 a0  ....gd.......=..
07-10 18:25:05.278  7189  9083 D CCodecConfig:     00000010:  c0 20 a0 f0 88 46 a0 00  00 00 01 68 ea 43 cb     . ...F.....h.C.
07-10 18:25:05.280  7189  9082 I MediaCodec: [c2.mtk.avc.encoder] output format changed to: AMessage(what = 0x00000000) = {
07-10 18:25:05.280  7189  9082 I MediaCodec:       int32_t bitrate = 4000000
07-10 18:25:05.280  7189  9082 I MediaCodec:       int32_t bitrate-mode = 1
07-10 18:25:05.280  7189  9082 I MediaCodec:       Rect crop(0, 0, 639, 479)
07-10 18:25:05.280  7189  9082 I MediaCodec:       int32_t width = 640
07-10 18:25:05.280  7189  9082 I MediaCodec:       int32_t color-standard = 4
07-10 18:25:05.280  7189  9082 I MediaCodec:       int32_t color-range = 2
07-10 18:25:05.280  7189  9082 I MediaCodec:       int32_t color-transfer = 3
07-10 18:25:05.280  7189  9082 I MediaCodec:       int32_t frame-rate = 30
07-10 18:25:05.280  7189  9082 I MediaCodec:       int32_t height = 480
07-10 18:25:05.280  7189  9082 I MediaCodec:       float input.time-stretch = 1.000000
07-10 18:25:05.280  7189  9082 I MediaCodec:       int32_t intra-refresh-period = 0
07-10 18:25:05.280  7189  9082 I MediaCodec:       int32_t latency = 8
07-10 18:25:05.280  7189  9082 I MediaCodec:       int32_t max-bitrate = 4000000
07-10 18:25:05.280  7189  9082 I MediaCodec:       string mime = "video/avc"
07-10 18:25:05.280  7189  9082 I MediaCodec:       int32_t prepend-sps-pps-to-idr-frames = 0
07-10 18:25:05.280  7189  9082 I MediaCodec:       int32_t priority = 0
07-10 18:25:05.280  7189  9082 I MediaCodec:       int32_t profile = 8
07-10 18:25:05.280  7189  9082 I MediaCodec:       int32_t video-qp-average = 0
07-10 18:25:05.280  7189  9082 I MediaCodec:       Buffer csd-0 = {
07-10 18:25:05.280  7189  9082 I MediaCodec:         00000000:  00 00 00 01 67 64 00 1e  ac 1b 1a 80 a0 3d a6 a0  ....gd.......=..
07-10 18:25:05.280  7189  9082 I MediaCodec:         00000010:  c0 20 a0 f0 88 46 a0                              . ...F.
07-10 18:25:05.280  7189  9082 I MediaCodec:       }
07-10 18:25:05.280  7189  9082 I MediaCodec:       int32_t android._dataspace = 281280512
07-10 18:25:05.280  7189  9082 I MediaCodec:       Buffer csd-1 = {
07-10 18:25:05.280  7189  9082 I MediaCodec:         00000000:  00 00 00 01 68 ea 43 cb                           ....h.C.
07-10 18:25:05.280  7189  9082 I MediaCodec:       }
07-10 18:25:05.280  7189  9082 I MediaCodec:     }
07-10 18:25:05.285  7189  9032 I ClienteVrPandasz: cliente_vr_pandasz: head_quat x=-0.0095 y=-0.0196 z=0.9955 w=0.0926
07-10 18:25:05.289  7189  9088 D PipelineWatcher: onInputBufferReleased: frameIndex not found (1); ignored
07-10 18:25:05.292  7189  9030 V ClienteVrPandasz: android_activity::activity_impl: pollOnce id = -3
07-10 18:25:05.292  7189  9030 V ClienteVrPandasz: android_activity::activity_impl: ALooper_pollOnce returned POLL_TIMEOUT
07-10 18:25:05.294  7189  9030 V ClienteVrPandasz: android_activity::activity_impl: poll_events
07-10 18:25:05.294  7189  9030 V ClienteVrPandasz: android_activity::activity_impl: Calling ALooper_pollOnce, timeout = 16
07-10 18:25:05.295  7189  9032 I ClienteVrPandasz: cliente_vr_pandasz: head_quat x=-0.0095 y=-0.0196 z=0.9955 w=0.0926
07-10 18:25:05.307  7189  9032 I ClienteVrPandasz: cliente_vr_pandasz: head_quat x=-0.0095 y=-0.0196 z=0.9955 w=0.0926
07-10 18:25:05.310  7189  9030 V ClienteVrPandasz: android_activity::activity_impl: pollOnce id = -3
07-10 18:25:05.310  7189  9030 V ClienteVrPandasz: android_activity::activity_impl: ALooper_pollOnce returned POLL_TIMEOUT
07-10 18:25:05.311  7189  9030 V ClienteVrPandasz: android_activity::activity_impl: poll_events
07-10 18:25:05.311  7189  9030 V ClienteVrPandasz: android_activity::activity_impl: Calling ALooper_pollOnce, timeout = 16
07-10 18:25:05.313  7189  9032 I ClienteVrPandasz: cliente_vr_pandasz: head_quat x=-0.0095 y=-0.0196 z=0.9955 w=0.0926
07-10 18:25:05.323  7189  9032 I ClienteVrPandasz: cliente_vr_pandasz: head_quat x=-0.0095 y=-0.0196 z=0.9955 w=0.0926
07-10 18:25:05.326  7189  9088 D PipelineWatcher: onInputBufferReleased: frameIndex not found (2); ignored
07-10 18:25:05.327  7189  9030 V ClienteVrPandasz: android_activity::activity_impl: pollOnce id = -3
07-10 18:25:05.327  7189  9030 V ClienteVrPandasz: android_activity::activity_impl: ALooper_pollOnce returned POLL_TIMEOUT
07-10 18:25:05.329  7189  9030 V ClienteVrPandasz: android_activity::activity_impl: poll_events
07-10 18:25:05.329  7189  9030 V ClienteVrPandasz: android_activity::activity_impl: Calling ALooper_pollOnce, timeout = 16
07-10 18:25:05.332  7189  9032 I ClienteVrPandasz: cliente_vr_pandasz: head_quat x=-0.0095 y=-0.0196 z=0.9955 w=0.0926
07-10 18:25:05.342  7189  9032 I ClienteVrPandasz: cliente_vr_pandasz: head_quat x=-0.0095 y=-0.0196 z=0.9955 w=0.0926
07-10 18:25:05.345  7189  9030 V ClienteVrPandasz: android_activity::activity_impl: pollOnce id = -3
07-10 18:25:05.345  7189  9030 V ClienteVrPandasz: android_activity::activity_impl: ALooper_pollOnce returned POLL_TIMEOUT
07-10 18:25:05.346  7189  9030 V ClienteVrPandasz: android_activity::activity_impl: poll_events
07-10 18:25:05.346  7189  9030 V ClienteVrPandasz: android_activity::activity_impl: Calling ALooper_pollOnce, timeout = 16
07-10 18:25:05.346  7189  9088 D PipelineWatcher: onInputBufferReleased: frameIndex not found (3); ignored
07-10 18:25:05.351  7189  9032 I ClienteVrPandasz: cliente_vr_pandasz: head_quat x=-0.0095 y=-0.0196 z=0.9955 w=0.0926
07-10 18:25:05.361  7189  9032 I ClienteVrPandasz: cliente_vr_pandasz: head_quat x=-0.0095 y=-0.0196 z=0.9955 w=0.0926
07-10 18:25:05.362  7189  9030 V ClienteVrPandasz: android_activity::activity_impl: pollOnce id = -3
07-10 18:25:05.362  7189  9030 V ClienteVrPandasz: android_activity::activity_impl: ALooper_pollOnce returned POLL_TIMEOUT
07-10 18:25:05.363  7189  9030 V ClienteVrPandasz: android_activity::activity_impl: poll_events
07-10 18:25:05.363  7189  9030 V ClienteVrPandasz: android_activity::activity_impl: Calling ALooper_pollOnce, timeout = 16
07-10 18:25:05.374  7189  9032 I ClienteVrPandasz: cliente_vr_pandasz: head_quat x=-0.0095 y=-0.0196 z=0.9955 w=0.0926
07-10 18:25:05.379  7189  9030 V ClienteVrPandasz: android_activity::activity_impl: pollOnce id = -3
07-10 18:25:05.379  7189  9030 V ClienteVrPandasz: android_activity::activity_impl: ALooper_pollOnce returned POLL_TIMEOUT
07-10 18:25:05.382  7189  9088 D PipelineWatcher: onInputBufferReleased: frameIndex not found (4); ignored
07-10 18:25:05.382  7189  9032 I ClienteVrPandasz: cliente_vr_pandasz: head_quat x=-0.0095 y=-0.0196 z=0.9955 w=0.0926
