
C:\proyect-vr-pandasz\cliente_vr_pandasz>
C:\proyect-vr-pandasz\cliente_vr_pandasz>cargo ndk -t arm64-v8a check
    Building arm64-v8a (aarch64-linux-android)
    Finished `dev` profile [unoptimized + debuginfo] target(s) in 0.23s

C:\proyect-vr-pandasz\cliente_vr_pandasz>
C:\proyect-vr-pandasz\cliente_vr_pandasz>cargo apk build
Using package `cliente_vr_pandasz` in `C:\proyect-vr-pandasz\cliente_vr_pandasz\Cargo.toml`
    Finished `dev` profile [unoptimized + debuginfo] target(s) in 0.21s
 'lib/arm64-v8a/libcliente_vr_pandasz.so'...
Verifying alignment of C:\proyect-vr-pandasz\cliente_vr_pandasz\target\debug\apk\cliente_vr_pandasz.apk (4)...
      49 AndroidManifest.xml (OK - compressed)
    1068 lib/arm64-v8a/libcliente_vr_pandasz.so (OK)
Verification successful
Signing `C:\proyect-vr-pandasz\cliente_vr_pandasz\target\debug\apk\cliente_vr_pandasz.apk` with keystore `C:\Users\Panda\.android\debug.keystore`

C:\proyect-vr-pandasz\cliente_vr_pandasz>adb install -r target\debug\apk\cliente_vr_pandasz.apk
Performing Incremental Install
Performing Streamed Install
Success

C:\proyect-vr-pandasz\cliente_vr_pandasz>adb logcat -c

C:\proyect-vr-pandasz\cliente_vr_pandasz>adb logcat
--------- beginning of main
07-10 18:24:57.909 14917 14940 I dwmo    : (REDACTED) maybeUpdateCacheDataForAddedPackage %s
07-10 18:24:57.915 25135 25135 I Finsky  : [2] akvm - Received: android.intent.action.PACKAGE_ADDED, [2v7vqbQmRH1bA2PDzj6O3YC5R4KYQX1Q6246oU_yrtM]
07-10 18:24:57.979 25135 25218 I Finsky  : [4908] AIM: AppInfoManager-Perf > OnDeviceAppInfo > cacheHitCount=0, cacheMissCount=1. Missed  in cache (limit 10) : [com.pandasz.clientevr]
07-10 18:24:57.979 25135 25218 I Finsky  : [4908] AIM: Got app ownership map. App counts: . Unique apps: 0
07-10 18:24:57.979 25135 25218 E Finsky  : [4908] [Counters] attempted to use a non-positive increment for: 4752
07-10 18:24:57.985 25135 25218 E Finsky  : [4908] [Counters] attempted to use a non-positive increment for: 4753
07-10 18:24:57.978 25135 25135 I Finsky  : [2] AIM: AppInfoCacheUpdater -> invalidating apps: [com.pandasz.clientevr]
07-10 18:24:58.005 25135 25135 I Finsky  : [2] AIM: AppInfoManager-Perf > getApps > called for 1 apps
07-10 18:24:58.009 25135 25217 I Finsky  : [4907] AIM: AppInfoManager-Perf > OnDeviceAppInfo > cacheHitCount=0, cacheMissCount=1. Missed  in cache (limit 10) : [com.pandasz.clientevr]
07-10 18:24:58.014 25135 25221 I Finsky  : [4909] AIM: Got app ownership map. App counts: . Unique apps: 0
07-10 18:24:58.014 25135 25221 E Finsky  : [4909] [Counters] attempted to use a non-positive increment for: 4752
07-10 18:24:58.031 25135 25221 E Finsky  : [4909] [Counters] attempted to use a non-positive increment for: 4753
07-10 18:24:58.043 25135 25135 I Finsky  : [2] Clearing split related stale data.
07-10 18:24:58.056 25135  8628 I Finsky  : [5076] [ContentSync] finished, scheduled=false
07-10 18:24:58.062 25135 25135 I Finsky  : [2] DTU: Received onPackageAdded, replacing: false
07-10 18:24:58.102 25135 25135 I Finsky  : [2] Do not start WearSupportService due to Wear service optimization
07-10 18:24:58.117 25135 25216 I Finsky  : [4906] AIM: AppInfoManager-Perf > ItemModel > CacheSize=90, cacheHitCount=0, cacheMissCount=0, total appsWithNoServerDataCount=0. Missed  in cache (limit 10) : []
07-10 18:24:58.122 25135 25216 I Finsky  : [4906] AIM: AppInfoManager-Perf > ItemModel > CacheSize=90, cacheHitCount=0, cacheMissCount=0, total appsWithNoServerDataCount=0. Missed  in cache (limit 10) : []
07-10 18:24:58.133  7694  8160 E u4native: [InfoLevelMessage] [0710/182458.048452:INFO:thread_heart_beat.cc(30)] HeartBeat NetworkServiceThread heartbeat, pid/tid: 7694/8160, interval/index: 30s/1, ucCoreSoImplVersion: 6.15.5.1_260623141748
07-10 18:24:58.144  7694  8148 E u4native: [InfoLevelMessage] [0710/182458.103037:INFO:thread_heart_beat.cc(30)] HeartBeat BrowserIOThread heartbeat, pid/tid: 7694/8148, interval/index: 30s/1, ucCoreSoImplVersion: 6.15.5.1_260623141748
07-10 18:24:58.145  6815  7498 W presshd:channel: Suspending all threads took: 172.401ms
07-10 18:24:58.158  7694  7694 E u4java_com.uc.sdk_glue.extension.p: [InfoLevelMessage] repeat report memory pressure: 2
07-10 18:24:58.175 25135 25135 I Finsky  : [2] akvm - Received: android.intent.action.PACKAGE_CHANGED, [2v7vqbQmRH1bA2PDzj6O3YC5R4KYQX1Q6246oU_yrtM]
07-10 18:24:58.189  4109  8748 I Fitness : (REDACTED) OnPackageChangedOperation got intent: %s
07-10 18:24:58.190 25135 25216 I Finsky  : [4906] AIM: AppInfoManager-Perf > OnDeviceAppInfo > cacheHitCount=1, cacheMissCount=0. Missed  in cache (limit 10) : []
07-10 18:24:58.191 25135 25216 I Finsky  : [4906] AIM: Got app ownership map. App counts: . Unique apps: 0
07-10 18:24:58.191 25135 25216 E Finsky  : [4906] [Counters] attempted to use a non-positive increment for: 4752
07-10 18:24:58.191 25135 25216 E Finsky  : [4906] [Counters] attempted to use a non-positive increment for: 4753
07-10 18:24:58.191  4109  8760 I ProximityAuth: [RecentAppsMediator] Package added: (user=UserHandle{0}) com.pandasz.clientevr
07-10 18:24:58.192  4109  8763 W GCM     : Unexpected forwarded intent: Intent { act=android.intent.action.PACKAGE_ADDED dat=package: flg=0x4000010 pkg=com.google.android.gms cmp=com.google.android.gms/.chimera.PersistentIntentOperationService (has extras) }
07-10 18:24:58.193 25135 25135 I Finsky  : [2] AIM: AppInfoCacheUpdater -> invalidating apps: [com.pandasz.clientevr]
07-10 18:24:58.193 25135 25135 I Finsky  : [2] AIM: AppInfoManager-Perf > getApps > called for 1 apps
07-10 18:24:58.194  4109  8758 I FontLog : (REDACTED) Package %s has no metadata
07-10 18:24:58.195 25135 25217 I Finsky  : [4907] AIM: AppInfoManager-Perf > OnDeviceAppInfo > cacheHitCount=0, cacheMissCount=1. Missed  in cache (limit 10) : [com.pandasz.clientevr]
07-10 18:24:58.197  4109  8758 W NetworkScheduler: Unexpected forwarded intent: Intent { act=android.intent.action.PACKAGE_ADDED dat=package: flg=0x4000010 pkg=com.google.android.gms cmp=com.google.android.gms/.chimera.PersistentIntentOperationService (has extras) }
07-10 18:24:58.206  4504  8754 I Auth    : (REDACTED) [SupervisedAccountIntentOperation] onHandleIntent: %s
07-10 18:24:58.213  4504  8754 I Dck     : (REDACTED) disableDckSupport: %s
07-10 18:24:58.213  4504  8754 E Dck     : Could not get ProviderInfo when resolving the content provider authority. [CONTEXT service_id=289 ]
07-10 18:24:58.213  4504  8754 I Dck     : Samsung Content Provider failed app verification [CONTEXT service_id=289 ]
07-10 18:24:58.213  4504  8754 I Dck     : [WirelessCapabilitiesFeatures] wccSysProp: 0 [CONTEXT service_id=289 ]
07-10 18:24:58.213  4504  8754 I Dck     : [WirelessCapabilitiesFeatures] wccOverride: not set [CONTEXT service_id=289 ]
07-10 18:24:58.213  4504  8754 I Dck     : (REDACTED) [WirelessCapabilitiesFeatures] returned wcc: %s
07-10 18:24:58.213  4504  8754 I Dck     : Dck module condition - hasWccSupport: false [CONTEXT service_id=289 ]
07-10 18:24:58.213  4504  8754 I Dck     : Dck module condition - downloadAllowed: false [CONTEXT service_id=289 ]
07-10 18:24:58.213  4504  8754 I Dck     : Dck module not eligible for asynchronous downloading [CONTEXT service_id=289 ]
07-10 18:24:58.215  4504  8752 W AppInstallOperation: FDL Migration::InstallIntentOperation by FDL Module [CONTEXT service_id=77 ]
07-10 18:24:58.215 25135 25203 I Finsky  : [4894] RECEIVER_PACKAGE_MONITOR#logWorkEndAndFinishGoAsync: SUCCESS
07-10 18:24:58.215 25135 25217 I Finsky  : [4907] AIM: Got app ownership map. App counts: . Unique apps: 0
07-10 18:24:58.215 25135 25217 E Finsky  : [4907] [Counters] attempted to use a non-positive increment for: 4752
07-10 18:24:58.215  4504  8752 I FraudProtectUtils: Not in testing population, skipping local test bank apps. [CONTEXT service_id=469 ]
07-10 18:24:58.215  4504  8752 I FraudProtectUtils: (REDACTED) Latest bank app list size: %d, %s isBankApp: false
07-10 18:24:58.216  4504  8752 I PackageInstallIntentOp: (REDACTED) Package %s is not a bank app. Skipping updates.
07-10 18:24:58.216 25135 25217 E Finsky  : [4907] [Counters] attempted to use a non-positive increment for: 4753
07-10 18:24:58.220  4109  8789 I Fitness : (REDACTED) FitCleanupIntentOperation received Intent %s
07-10 18:24:58.222 25135 25217 I Finsky  : [4907] AIM: AppInfoManager-Perf > ItemModel > CacheSize=90, cacheHitCount=0, cacheMissCount=0, total appsWithNoServerDataCount=0. Missed  in cache (limit 10) : []
07-10 18:24:58.223  4504  8754 I NearbyDiscovery: (REDACTED) processGrantSlicePermission: %s
07-10 18:24:58.225  4109  8760 I Fitness : (REDACTED) OnPackageChangedOperation got intent: %s
07-10 18:24:58.238  4109  8760 I Fitness : (REDACTED) FitCleanupIntentOperation received Intent %s
07-10 18:24:58.252  4504  8803 D SQLiteQueryBuilder: SELECT external_game_id FROM game_instances JOIN games ON instance_game_id=games._id WHERE (package_name=?)
07-10 18:24:58.258  4504  8803 D SQLiteQueryBuilder: SELECT external_game_id FROM game_instances JOIN games ON instance_game_id=games._id WHERE (package_name=?)
07-10 18:24:58.266  6815  7594 W JobInfo : Job 'com.alibaba.aliexpresshd/com.taobao.accs.internal.AccsJobService#2050' has a deadline with functional constraints and an extremely short time window of 0 ms (delay=80000, deadline=80000). The functional constraints are not likely to be satisfied when the job runs.
07-10 18:24:58.269 25135 25217 I Finsky  : [4907] AIM: AppInfoManager-Perf > ItemModel > CacheSize=90, cacheHitCount=0, cacheMissCount=0, total appsWithNoServerDataCount=0. Missed  in cache (limit 10) : []
07-10 18:24:58.290  7694  7694 E u4java_AwContents: [InfoLevelMessage] WebContents visibility changed: true <- false
07-10 18:24:58.302  6815  7530 W Settings: Setting android_id has moved from android.provider.Settings.System to android.provider.Settings.Secure, returning read-only value.
07-10 18:24:58.304  6815  8326 W SQLiteLog: (28) double-quoted string literal: "WindVane"
07-10 18:24:58.304  6815  8326 W SQLiteLog: (28) double-quoted string literal: "PackageQueue"
07-10 18:24:58.306  6815  8326 W SQLiteLog: (28) double-quoted string literal: "WindVane"
07-10 18:24:58.308  6815  8326 W SQLiteLog: (28) double-quoted string literal: "PackageAppVisit"
07-10 18:24:58.309  6815  8326 W SQLiteLog: (28) double-quoted string literal: "WindVane"
07-10 18:24:58.326  7694  8820 W System.err: java.lang.ClassNotFoundException: com.taobao.update.monitor.UpdateMonitorImpl
07-10 18:24:58.326  7694  8820 W System.err:    at java.lang.Class.classForName(Native Method)
07-10 18:24:58.326  7694  8820 W System.err:    at java.lang.Class.forName(Class.java:591)
07-10 18:24:58.326  7694  8820 W System.err:    at java.lang.Class.forName(Class.java:496)
07-10 18:24:58.326  7694  8820 W System.err:    at pt1.d.run(SourceFile:10)
07-10 18:24:58.326  7694  8820 W System.err:    at st1.a$a.doInBackground(SourceFile:5)
07-10 18:24:58.326  7694  8820 W System.err:    at android.os.AsyncTask$3.call(AsyncTask.java:394)
07-10 18:24:58.326  7694  8820 W System.err:    at java.util.concurrent.FutureTask.run(FutureTask.java:328)
07-10 18:24:58.326  7694  8820 W System.err:    at android.os.AsyncTask$SerialExecutor$1.run(AsyncTask.java:305)
07-10 18:24:58.326  7694  8820 W System.err:    at java.util.concurrent.ThreadPoolExecutor.runWorker(ThreadPoolExecutor.java:1100)
07-10 18:24:58.326  7694  8820 W System.err:    at java.util.concurrent.ThreadPoolExecutor$Worker.run(ThreadPoolExecutor.java:624)
07-10 18:24:58.326  7694  8820 W System.err:    at java.lang.Thread.run(Thread.java:1572)
07-10 18:24:58.327  7694  8820 W System.err: Caused by: java.lang.ClassNotFoundException: com.taobao.update.monitor.UpdateMonitorImpl
07-10 18:24:58.327  7694  8820 W System.err:    ... 11 more
07-10 18:24:58.349 25135 25217 I Finsky  : [4907] AIM: AppInfoManager-Perf > getApps > data collection finished
07-10 18:24:58.349 25135 25217 I Finsky  : [4907] AIM: AppInfoManager-Perf > maybeDestroyAppInfoManager is called. actives = 1
07-10 18:24:58.349 25135 25216 I Finsky  : [4906] AIM: AppInfoManager-Perf > getApps > data collection finished
07-10 18:24:58.349 25135 25216 I Finsky  : [4906] AIM: AppInfoManager-Perf > maybeDestroyAppInfoManager is called. actives = 0
07-10 18:24:58.351  6815  8326 W SQLiteLog: (28) double-quoted string literal: "WebPerformanceCheck"
07-10 18:24:58.352  6815  8326 W SQLiteLog: (28) double-quoted string literal: "WindVane"
07-10 18:24:58.352  6815  8326 W SQLiteLog: (28) double-quoted string literal: "PackageVisitStart"
07-10 18:24:58.353  6815  8326 W SQLiteLog: (28) double-quoted string literal: "WindVane"
07-10 18:24:58.364  6815  8326 W SQLiteLog: (28) double-quoted string literal: "PackageUpdateStart"
07-10 18:24:58.365  6815  8326 W SQLiteLog: (28) double-quoted string literal: "WindVane"
07-10 18:24:58.365  6815  8326 W SQLiteLog: (28) double-quoted string literal: "PackageCleanUp"
07-10 18:24:58.366  6815  8326 W SQLiteLog: (28) double-quoted string literal: "WindVane"
07-10 18:24:58.366  6815  8326 W SQLiteLog: (28) double-quoted string literal: "WebViewStart"
07-10 18:24:58.373  6815  8326 W SQLiteLog: (28) double-quoted string literal: "WindVane"
07-10 18:24:58.375  6815  8326 W SQLiteLog: (28) double-quoted string literal: "Config"
07-10 18:24:58.376  4504 24829 I Icing   : IndexChimeraService.getServiceInterface callingPackage=com.google.android.gms componentName=AppsCorpus serviceId=36
07-10 18:24:58.377  6815  8326 W SQLiteLog: (28) double-quoted string literal: "WindVane"
07-10 18:24:58.378  6815  8326 W SQLiteLog: (28) double-quoted string literal: "StatusCode"
07-10 18:24:58.379  6815  8326 W SQLiteLog: (28) double-quoted string literal: "WindVane"
07-10 18:24:58.379  6815  8326 W SQLiteLog: (28) double-quoted string literal: "PackageApp"
07-10 18:24:58.380  6815  8326 W SQLiteLog: (28) double-quoted string literal: "WindVane"
07-10 18:24:58.380  6815  8326 W SQLiteLog: (28) double-quoted string literal: "JSBridgeReturn"
07-10 18:24:58.382  6815  8326 W SQLiteLog: (28) double-quoted string literal: "WindVane"
07-10 18:24:58.382  6815  8326 W SQLiteLog: (28) double-quoted string literal: "WVInitTime"
07-10 18:24:58.383  7694  8249 E update_a: usdk use old mtop update
07-10 18:24:58.383  6815  8326 W SQLiteLog: (28) double-quoted string literal: "ZCache"
07-10 18:24:58.383  6815  8326 W SQLiteLog: (28) double-quoted string literal: "DiurnalOverview"
07-10 18:24:58.385  6815  8326 W SQLiteLog: (28) double-quoted string literal: "ZCache"
07-10 18:24:58.394  6815  8326 W SQLiteLog: (28) double-quoted string literal: "ZCacheDownLoadTime"
07-10 18:24:58.408  6815  8326 W SQLiteLog: (28) double-quoted string literal: "WindVane"
07-10 18:24:58.408  6815  8326 W SQLiteLog: (28) double-quoted string literal: "WebViewWrapType"
07-10 18:24:58.409  6815  8326 W SQLiteLog: (28) double-quoted string literal: "WindVane"
07-10 18:24:58.409  6815  8326 W SQLiteLog: (28) double-quoted string literal: "CoreInitTime"
07-10 18:24:58.410  6815  8326 W SQLiteLog: (28) double-quoted string literal: "WindVane"
07-10 18:24:58.410  6815  8326 W SQLiteLog: (28) double-quoted string literal: "CoreTypeByPV"
07-10 18:24:58.411  6815  8326 W SQLiteLog: (28) double-quoted string literal: "WindVane"
07-10 18:24:58.411  6815  8326 W SQLiteLog: (28) double-quoted string literal: "MultiProcess"
07-10 18:24:58.412  6815  8326 W SQLiteLog: (28) double-quoted string literal: "WindVane"
07-10 18:24:58.412  6815  8326 W SQLiteLog: (28) double-quoted string literal: "ParamParseError"
07-10 18:24:58.416  5234  5669 I AiAiVC  : Centralized allowlist: requested package com.google.android.apps.messaging is in the allowlist
07-10 18:24:58.417  5234  5669 I AiAiVC  : Centralized allowlist: requested package com.google.android.gm is in the allowlist
07-10 18:24:58.418  5234  5669 I AiAiVC  : Centralized allowlist: requested package com.whatsapp is in the allowlist
07-10 18:24:58.418  5234  5669 I AiAiVC  : Centralized allowlist: requested package com.google.android.apps.maps is in the allowlist
07-10 18:24:58.418  5234  5669 I AiAiVC  : Centralized allowlist: requested package com.google.android.dialer is in the allowlist
07-10 18:24:58.418  5234  5669 I AiAiVC  : Centralized allowlist: requested package jp.naver.line.android is in the allowlist
07-10 18:24:58.418  5234  5669 I AiAiVC  : Centralized allowlist: requested package org.thoughtcrime.securesms is in the allowlist
07-10 18:24:58.418  5234  5669 I AiAiVC  : Centralized allowlist: requested package com.google.android.apps.miphone.aiai.autofill.testapps.autofillapp is in the allowlist
07-10 18:24:58.418  5234  5669 I AiAiVC  : Centralized allowlist: requested package com.google.android.apps.miphone.aiai.translate.testapps.chatapp is in the allowlist
07-10 18:24:58.420  5234  5669 I AiAiVC  : Centralized allowlist: requested package com.google.android.apps.messaging is in the allowlist
07-10 18:24:58.421  5234  5669 I AiAiVC  : Centralized allowlist: requested package com.google.android.gm is in the allowlist
07-10 18:24:58.421  5234  5669 I AiAiVC  : Centralized allowlist: requested package com.whatsapp is in the allowlist
07-10 18:24:58.421  5234  5669 I AiAiVC  : Centralized allowlist: requested package com.google.android.apps.maps is in the allowlist
07-10 18:24:58.421  5234  5669 I AiAiVC  : Centralized allowlist: requested package com.google.android.dialer is in the allowlist
07-10 18:24:58.421  5234  5669 I AiAiVC  : Centralized allowlist: requested package jp.naver.line.android is in the allowlist
07-10 18:24:58.421  5234  5669 I AiAiVC  : Centralized allowlist: requested package org.thoughtcrime.securesms is in the allowlist
07-10 18:24:58.421  5234  5669 I AiAiVC  : Centralized allowlist: requested package com.google.android.apps.miphone.aiai.autofill.testapps.autofillapp is in the allowlist
07-10 18:24:58.421  5234  5669 I AiAiVC  : Centralized allowlist: requested package com.google.android.apps.miphone.aiai.translate.testapps.chatapp is in the allowlist
07-10 18:24:58.424  4504 24829 I Icing   : IndexChimeraService.getServiceInterface callingPackage=com.google.android.gms componentName=null serviceId=30
07-10 18:24:58.447  6815  8326 W SQLiteLog: (28) double-quoted string literal: "WindVane"
07-10 18:24:58.447  6815  8326 W SQLiteLog: (28) double-quoted string literal: "H5"
07-10 18:24:58.457  4504  8786 I Icing   : Usage reports ok 0, Failed Usage reports 0, indexed 0, rejected 0
07-10 18:24:58.473  6815  8326 W SQLiteLog: (28) double-quoted string literal: "WindVane"
07-10 18:24:58.473  6815  8326 W SQLiteLog: (28) double-quoted string literal: "H5_2"
07-10 18:24:58.475  6815  8326 W SQLiteLog: (28) double-quoted string literal: "WindVane"
07-10 18:24:58.475  6815  8326 W SQLiteLog: (28) double-quoted string literal: "H5_3"
07-10 18:24:58.477  6815  8326 W SQLiteLog: (28) double-quoted string literal: "WindVane"
07-10 18:24:58.477  6815  8326 W SQLiteLog: (28) double-quoted string literal: "H5_4"
07-10 18:24:58.478  6815  8326 W SQLiteLog: (28) double-quoted string literal: "WindVane"
07-10 18:24:58.478  6815  8326 W SQLiteLog: (28) double-quoted string literal: "H5_5"
07-10 18:24:58.479  6815  8326 W SQLiteLog: (28) double-quoted string literal: "ZCache"
07-10 18:24:58.480  6815  8326 W SQLiteLog: (28) double-quoted string literal: "ConfigInit"
07-10 18:24:58.501  6815  8326 W SQLiteLog: (28) double-quoted string literal: "ZCache"
07-10 18:24:58.501  6815  8326 W SQLiteLog: (28) double-quoted string literal: "CacheInit"
07-10 18:24:58.502  6815  8326 W SQLiteLog: (28) double-quoted string literal: "ZCache"
07-10 18:24:58.502  6815  8326 W SQLiteLog: (28) double-quoted string literal: "ConfigUpdate"
07-10 18:24:58.503  6815  8326 W SQLiteLog: (28) double-quoted string literal: "ZCache"
07-10 18:24:58.503  6815  8326 W SQLiteLog: (28) double-quoted string literal: "RequestQueue"
07-10 18:24:58.504  6815  8326 W SQLiteLog: (28) double-quoted string literal: "networkAnalysis"
07-10 18:24:58.504  6815  8326 W SQLiteLog: (28) double-quoted string literal: "full_trace"
07-10 18:24:58.507  6815  8326 W SQLiteLog: (28) double-quoted string literal: "private_orange"
07-10 18:24:58.507  6815  8326 W SQLiteLog: (28) double-quoted string literal: "index_ack"
07-10 18:24:58.507  6815  8326 W SQLiteLog: (28) double-quoted string literal: "private_orange"
07-10 18:24:58.507  6815  8326 W SQLiteLog: (28) double-quoted string literal: "config_ack"
07-10 18:24:58.517  6815  8327 W SQLiteLog: (28) double-quoted string literal: "networkPrefer"
07-10 18:24:58.517  6815  8327 W SQLiteLog: (28) double-quoted string literal: "session"
07-10 18:24:58.555  6815  7594 W JobInfo : Job 'com.alibaba.aliexpresshd/com.taobao.accs.internal.AccsJobService#2050' has a deadline with functional constraints and an extremely short time window of 0 ms (delay=80000, deadline=80000). The functional constraints are not likely to be satisfied when the job runs.
07-10 18:24:58.573  4504  8786 I Icing   : Usage reports ok 0, Failed Usage reports 0, indexed 0, rejected 0
07-10 18:24:58.617  6815  8840 E FeatureFlagsImplExport: android.os.flagging.AconfigStorageReadException: ERROR_PACKAGE_NOT_FOUND: package com.android.libcore cannot be found on the device
07-10 18:24:58.623  4504  8786 I Icing   : Indexing com.google.android.gms-apps from com.google.android.gms
07-10 18:24:58.655  4504  8786 I Icing   : Indexing done com.google.android.gms-apps
07-10 18:24:58.657  4504  8786 I Icing   : Indexing com.google.android.gms-apps from com.google.android.gms
07-10 18:24:58.658  4504  8786 I Icing   : Indexing done com.google.android.gms-apps
07-10 18:24:58.683  7694  7831 I DEBUG   : begin to generate unexp report
07-10 18:24:58.711  7694  7831 I crashsdk: handle unexp, anr: 0, low mem: 0, killed: 0, exited: 0, restart: 0. subtypes: 67108864, subtypes(legacy): 512, expect subtypes: 0
07-10 18:24:58.711  7694  7831 I DEBUG   : unexp report not generated
07-10 18:24:59.066  6815  7586 W Settings: Setting adb_enabled has moved from android.provider.Settings.Secure to android.provider.Settings.Global.
07-10 18:24:59.294  7694  7760 W Settings: Setting adb_enabled has moved from android.provider.Settings.Secure to android.provider.Settings.Global.
07-10 18:24:59.979 25135 25135 I Finsky  : [2] SCH: job service start with id 9436.
07-10 18:24:59.993 25135 25210 I Finsky  : [4901] SCH: Satisfied jobs for 9436 are: 12-1
07-10 18:24:59.993 25135  8920 I Finsky  : [5090] SCH: Job 12-1 starting
07-10 18:24:59.994 25135 25135 I Finsky  : [2] WM::SCH: Logging work start for 12-1
07-10 18:24:59.995 25135 25135 I Finsky  : [2] [ContentSync] job started
07-10 18:25:00.075  7694  8249 E update_i: invoke mtop no update!
07-10 18:25:00.385 25135 25135 W Finsky  : [2] STU: Failed to get storage stats for package 'com.google.mainline.primary.libs' (1601: Error getting stats: android.content.pm.PackageManager.NameNotFoundException)
07-10 18:25:00.431 25135 25135 W Finsky  : [2] STU: Failed to get storage stats for package 'com.android.wifi' (1601: Error getting stats: android.content.pm.PackageManager.NameNotFoundException)
07-10 18:25:00.938 25135 25135 W Finsky  : [2] STU: Failed to get storage stats for package 'com.google.android.devicelock' (1601: Error getting stats: android.content.pm.PackageManager.NameNotFoundException)
07-10 18:25:01.058 25135 25135 W Finsky  : [2] STU: Failed to get storage stats for package 'com.android.apex.cts.shim' (1601: Error getting stats: android.content.pm.PackageManager.NameNotFoundException)
--------- beginning of system
07-10 18:25:01.217  1651  2746 W BatteryStatsService: Unknown sensor handle 0 received in noteWakeupSensorEvent
07-10 18:25:01.534 25135 25135 W Finsky  : [2] STU: Failed to get storage stats for package 'com.google.android.appsearch' (1601: Error getting stats: android.content.pm.PackageManager.NameNotFoundException)
07-10 18:25:01.535 25135 25135 W Finsky  : [2] STU: Failed to get storage stats for package 'com.google.android.art' (1601: Error getting stats: android.content.pm.PackageManager.NameNotFoundException)
07-10 18:25:01.771 25135 25135 W Finsky  : [2] STU: Failed to get storage stats for package 'com.google.android.mediaprovider' (1601: Error getting stats: android.content.pm.PackageManager.NameNotFoundException)
07-10 18:25:01.806 25135 25135 W Finsky  : [2] STU: Failed to get storage stats for package 'com.android.virt' (1601: Error getting stats: android.content.pm.PackageManager.NameNotFoundException)
07-10 18:25:01.833 25135 25135 W Finsky  : [2] STU: Failed to get storage stats for package 'com.android.btservices' (1601: Error getting stats: android.content.pm.PackageManager.NameNotFoundException)
07-10 18:25:01.856 25135 25135 W Finsky  : [2] STU: Failed to get storage stats for package 'com.google.android.resolv' (1601: Error getting stats: android.content.pm.PackageManager.NameNotFoundException)
07-10 18:25:01.961 25135 25135 W Finsky  : [2] STU: Failed to get storage stats for package 'com.google.android.configinfrastructure' (1601: Error getting stats: android.content.pm.PackageManager.NameNotFoundException)
07-10 18:25:01.964 25135 25135 W Finsky  : [2] STU: Failed to get storage stats for package 'com.google.android.media' (1601: Error getting stats: android.content.pm.PackageManager.NameNotFoundException)
07-10 18:25:02.086 25135 25135 W Finsky  : [2] STU: Failed to get storage stats for package 'com.android.vndk.v31' (1601: Error getting stats: android.content.pm.PackageManager.NameNotFoundException)
07-10 18:25:02.087 25135 25135 W Finsky  : [2] STU: Failed to get storage stats for package 'com.android.vndk.v33' (1601: Error getting stats: android.content.pm.PackageManager.NameNotFoundException)
07-10 18:25:02.096 25135 25135 W Finsky  : [2] STU: Failed to get storage stats for package 'com.android.vndk.v34' (1601: Error getting stats: android.content.pm.PackageManager.NameNotFoundException)
07-10 18:25:02.232 25135 25135 W Finsky  : [2] STU: Failed to get storage stats for package 'com.google.android.sdkext' (1601: Error getting stats: android.content.pm.PackageManager.NameNotFoundException)
07-10 18:25:02.374 25135 25135 W Finsky  : [2] STU: Failed to get storage stats for package 'com.google.android.adservices' (1601: Error getting stats: android.content.pm.PackageManager.NameNotFoundException)
07-10 18:25:02.376 25135 25135 W Finsky  : [2] STU: Failed to get storage stats for package 'com.google.android.tethering' (1601: Error getting stats: android.content.pm.PackageManager.NameNotFoundException)
07-10 18:25:02.436  4504  4504 D BoundBrokerSvc: onUnbind: Intent { act=com.google.android.gms.onboardingconsent.api.ConsentManagerApiService.START dat=chimera-action:/... cmp=com.google.android.gms/.chimera.GmsApiService }
07-10 18:25:02.623  8936  8936 I book.appmanager: Using generational CollectorTypeCC GC.
07-10 18:25:02.629  8936  8936 D nativeloader: Load libframework-connectivity-tiramisu-jni.so using APEX ns com_android_tethering for caller /apex/com.android.tethering/javalib/framework-connectivity-t.jar: ok
07-10 18:25:02.637  8936  8936 E book.appmanager: BBinder_init Processname  <pre-initialized>
07-10 18:25:02.646  8936  8936 D CompatChangeReporter: Compat change id reported: 242716250; UID 10121; state: ENABLED
07-10 18:25:02.658  8936  8936 D nativeloader: Configuring clns-shared-7 for other apk /system/app/facebook-appmanager/facebook-appmanager.apk. target_sdk_version=34, uses_libraries=, library_path=/system/app/facebook-appmanager/lib/arm64:/system/app/facebook-appmanager/facebook-appmanager.apk!/lib/arm64-v8a:/system/lib64:/system_ext/lib64, permitted_path=/data:/mnt/expand:/data/user/0/com.facebook.appmanager:/system/app/facebook-appmanager:/system/lib64:/system_ext/lib64
07-10 18:25:02.667  8936  8936 V GraphicsEnvironment: Currently set values for:
07-10 18:25:02.667  8936  8936 V GraphicsEnvironment:   angle_gl_driver_selection_pkgs=[com.android.angle, com.linecorp.b612.android, com.campmobile.snow, com.google.android.apps.tachyon]
07-10 18:25:02.667  8936  8936 V GraphicsEnvironment:   angle_gl_driver_selection_values=[angle, native, native, native]
07-10 18:25:02.667  8936  8936 V GraphicsEnvironment: com.facebook.appmanager is not listed in per-application setting
07-10 18:25:02.667  8936  8936 V GraphicsEnvironment: Neither updatable production driver nor prerelease driver is supported.
07-10 18:25:02.691  8936  8936 D d       : ExceptionHandlerManager not explicitly initialized, using default mode
07-10 18:25:02.691  8936  8936 D d       : initializing exception handler manager, prioritized=true
07-10 18:25:02.693  8936  8936 W SoLoader: Initializing SoLoader: 0
07-10 18:25:02.693  8936  8936 W SoLoader: context.getApplicationContext returned null, holding reference to original context.ApplicationSoSource fallbacks to: /system/app/facebook-appmanager/lib/arm64
07-10 18:25:02.693  8936  8936 W SoLoader: Recording new base apk path: /system/app/facebook-appmanager/facebook-appmanager.apk
07-10 18:25:02.693  8936  8936 W SoLoader: Previously recorded 0 base apk paths.
07-10 18:25:02.694  8936  8936 I SoLoader: Preparing SO source: DirectorySoSource[root = /vendor/lib64 flags = 2]
07-10 18:25:02.694  8936  8936 I SoLoader: Preparing SO source: DirectorySoSource[root = /system/lib64 flags = 2]
07-10 18:25:02.694  8936  8936 I SoLoader: Preparing SO source: DirectApkSoSource[root = [/system/app/facebook-appmanager/facebook-appmanager.apk!/lib/arm64-v8a]]
07-10 18:25:02.695  8936  8936 I SoLoader: Preparing SO source: ApplicationSoSource[DirectorySoSource[root = /system/app/facebook-appmanager/lib/arm64 flags = 1]]
07-10 18:25:02.695  8936  8936 I SoLoader: init finish: 4 SO sources prepared
07-10 18:25:02.695  8936  8936 W SoLoader: SoLoader initialized: 8
07-10 18:25:02.704  8936  8936 E book.appmanager: BBinder_init Processname  com.facebook.appmanager
07-10 18:25:02.704  8936  8936 E book.appmanager: BBinder_init hasGetProcessName  com.facebook.appmanager
07-10 18:25:02.714  8936  8936 E SQLiteLog: (14) cannot open file at line 44183 of [d68fb8b5db]
07-10 18:25:02.714  8936  8936 E SQLiteLog: (14) os_unix.c:44183: (2) open(/data/data/com.facebook.appmanager/databases/androidx.work.workdb) -
07-10 18:25:02.715  8936  8936 E SQLiteDatabase: Failed to open database '/data/user/0/com.facebook.appmanager/databases/androidx.work.workdb'.
07-10 18:25:02.715  8936  8936 E SQLiteDatabase: android.database.sqlite.SQLiteCantOpenDatabaseException: Cannot open database '/data/user/0/com.facebook.appmanager/databases/androidx.work.workdb' with flags 0x0: File /data/user/0/com.facebook.appmanager/databases/androidx.work.workdb doesn't exist
07-10 18:25:02.715  8936  8936 E SQLiteDatabase:        at android.database.sqlite.SQLiteConnection.open(SQLiteConnection.java:289)
07-10 18:25:02.715  8936  8936 E SQLiteDatabase:        at android.database.sqlite.SQLiteConnection.open(SQLiteConnection.java:232)
07-10 18:25:02.715  8936  8936 E SQLiteDatabase:        at android.database.sqlite.SQLiteConnectionPool.openConnectionLocked(SQLiteConnectionPool.java:535)
07-10 18:25:02.715  8936  8936 E SQLiteDatabase:        at android.database.sqlite.SQLiteConnectionPool.open(SQLiteConnectionPool.java:222)
07-10 18:25:02.715  8936  8936 E SQLiteDatabase:        at android.database.sqlite.SQLiteConnectionPool.open(SQLiteConnectionPool.java:214)
07-10 18:25:02.715  8936  8936 E SQLiteDatabase:        at android.database.sqlite.SQLiteDatabase.openInner(SQLiteDatabase.java:1163)
07-10 18:25:02.715  8936  8936 E SQLiteDatabase:        at android.database.sqlite.SQLiteDatabase.open(SQLiteDatabase.java:1143)
07-10 18:25:02.715  8936  8936 E SQLiteDatabase:        at android.database.sqlite.SQLiteDatabase.openDatabase(SQLiteDatabase.java:1034)
07-10 18:25:02.715  8936  8936 E SQLiteDatabase:        at android.database.sqlite.SQLiteDatabase.openDatabase(SQLiteDatabase.java:981)
07-10 18:25:02.715  8936  8936 E SQLiteDatabase:        at com.facebook.oxygen.common.androidx.workmanager.initializer.b.a(WorkManagerDatabase.java:22)
07-10 18:25:02.715  8936  8936 E SQLiteDatabase:        at com.facebook.oxygen.appmanager.app.c.a(AppManagerApplicationImpl.java:21)
07-10 18:25:02.715  8936  8936 E SQLiteDatabase:        at com.facebook.oxygen.common.f.b.d.onCreate(OxpDelegatingApplication.java:83)
07-10 18:25:02.715  8936  8936 E SQLiteDatabase:        at android.app.Instrumentation.callApplicationOnCreate(Instrumentation.java:1386)
07-10 18:25:02.715  8936  8936 E SQLiteDatabase:        at android.app.ActivityThread.handleBindApplication(ActivityThread.java:8572)
07-10 18:25:02.715  8936  8936 E SQLiteDatabase:        at android.app.ActivityThread.-$$Nest$mhandleBindApplication(ActivityThread.java:0)
07-10 18:25:02.715  8936  8936 E SQLiteDatabase:        at android.app.ActivityThread$H.handleMessage(ActivityThread.java:2871)
07-10 18:25:02.715  8936  8936 E SQLiteDatabase:        at android.os.Handler.dispatchMessage(Handler.java:109)
07-10 18:25:02.715  8936  8936 E SQLiteDatabase:        at android.os.Looper.loopOnce(Looper.java:250)
07-10 18:25:02.715  8936  8936 E SQLiteDatabase:        at android.os.Looper.loop(Looper.java:340)
07-10 18:25:02.715  8936  8936 E SQLiteDatabase:        at android.app.ActivityThread.main(ActivityThread.java:9902)
07-10 18:25:02.715  8936  8936 E SQLiteDatabase:        at java.lang.reflect.Method.invoke(Native Method)
07-10 18:25:02.715  8936  8936 E SQLiteDatabase:        at com.android.internal.os.RuntimeInit$MethodAndArgsCaller.run(RuntimeInit.java:621)
07-10 18:25:02.715  8936  8936 E SQLiteDatabase:        at com.android.internal.os.ZygoteInit.main(ZygoteInit.java:957)
07-10 18:25:02.715  8936  8936 E SQLiteDatabase: Caused by: android.database.sqlite.SQLiteCantOpenDatabaseException: unknown error (code 14 SQLITE_CANTOPEN): Could not open database
07-10 18:25:02.715  8936  8936 E SQLiteDatabase:        at android.database.sqlite.SQLiteConnection.nativeOpen(Native Method)
07-10 18:25:02.715  8936  8936 E SQLiteDatabase:        at android.database.sqlite.SQLiteConnection.open(SQLiteConnection.java:251)
07-10 18:25:02.715  8936  8936 E SQLiteDatabase:        ... 22 more
07-10 18:25:02.715 25135 25135 W Finsky  : [2] STU: Failed to get storage stats for package 'com.android.runtime' (1601: Error getting stats: android.content.pm.PackageManager.NameNotFoundException)
07-10 18:25:02.781  7189  7189 I ndasz.clientevr: Late-enabling -Xcheck:jni
07-10 18:25:02.799  8936  8936 D nativeloader: Load libpowerhalwrap_jni.so using system ns (caller=/system_ext/framework/mediatek-framework.jar): ok
07-10 18:25:02.806 25135 25135 W Finsky  : [2] STU: Failed to get storage stats for package 'com.google.android.cellbroadcast' (1601: Error getting stats: android.content.pm.PackageManager.NameNotFoundException)
07-10 18:25:02.816  7189  7189 I ndasz.clientevr: Using generational CollectorTypeCC GC.
07-10 18:25:02.800  8936  8936 I PowerHalWrapper: PowerHalWrapper.getInstance
07-10 18:25:02.820  8936  8936 I M-ProMotion: M-ProMotion is disabled
07-10 18:25:02.832  8936  8936 D CompatChangeReporter: Compat change id reported: 253665015; UID 10121; state: ENABLED
07-10 18:25:02.833  8936  8936 W JobInfo : Job 'com.facebook.appmanager/com.facebook.oxygen.appmanager.scheduler.schedulers.alarmmanager.AlarmManagerService#1605' has a deadline with no functional constraints. The deadline won't improve job execution latency. Consider removing the deadline.
07-10 18:25:02.836  7189  7189 D nativeloader: Load libframework-connectivity-tiramisu-jni.so using APEX ns com_android_tethering for caller /apex/com.android.tethering/javalib/framework-connectivity-t.jar: ok
07-10 18:25:02.854  8936  8959 W JobInfo : Job 'com.facebook.appmanager/com.facebook.oxygen.common.jobqueue.JobQueueService#5100' has a deadline with no functional constraints. The deadline won't improve job execution latency. Consider removing the deadline.
07-10 18:25:02.864  6380  6380 I cbfe    : onPause
07-10 18:25:02.865  6380  6380 W drep    : measuring already stopped.
07-10 18:25:02.896  6380  6380 I cayp    : (REDACTED) onApplyWindowInsets: systemWindowInsets=%s
07-10 18:25:02.896  6380  6380 I cayp    : (REDACTED) onApplyWindowInsets: systemWindowInsets=%s
07-10 18:25:02.923  7189  7189 E ndasz.clientevr: BBinder_init Processname  <pre-initialized>
07-10 18:25:02.958  7189  7189 W System  : ClassLoader referenced unknown path:
07-10 18:25:02.959  7189  7189 D nativeloader: Configuring clns-7 for other apk . target_sdk_version=33, uses_libraries=, library_path=/data/app/~~T9rWMSuoIQ4PWAIdI7UtLg==/com.pandasz.clientevr-7zjQQUpmqoFGQctRjSQGoA==/lib/arm64:/data/app/~~T9rWMSuoIQ4PWAIdI7UtLg==/com.pandasz.clientevr-7zjQQUpmqoFGQctRjSQGoA==/base.apk!/lib/arm64-v8a, permitted_path=/data:/mnt/expand:/data/user/0/com.pandasz.clientevr
07-10 18:25:02.970  8990  8990 I facebook.system: Using generational CollectorTypeCC GC.
07-10 18:25:02.974  7189  7189 V GraphicsEnvironment: Currently set values for:
07-10 18:25:02.974  7189  7189 V GraphicsEnvironment:   angle_gl_driver_selection_pkgs=[com.android.angle, com.linecorp.b612.android, com.campmobile.snow, com.google.android.apps.tachyon]
07-10 18:25:02.974  7189  7189 V GraphicsEnvironment:   angle_gl_driver_selection_values=[angle, native, native, native]
07-10 18:25:02.975  7189  7189 V GraphicsEnvironment: com.pandasz.clientevr is not listed in per-application setting
07-10 18:25:02.975  7189  7189 V GraphicsEnvironment: Neither updatable production driver nor prerelease driver is supported.
07-10 18:25:02.978  8990  8990 D nativeloader: Load libframework-connectivity-tiramisu-jni.so using APEX ns com_android_tethering for caller /apex/com.android.tethering/javalib/framework-connectivity-t.jar: ok
07-10 18:25:02.996  7189  9007 E ndasz.clientevr: BBinder_init Processname  com.pandasz.clientevr
07-10 18:25:02.996  7189  9007 E ndasz.clientevr: BBinder_init hasGetProcessName  com.pandasz.clientevr
07-10 18:25:02.996  8990  8990 E facebook.system: BBinder_init Processname  <pre-initialized>
07-10 18:25:03.028  8990  8990 D CompatChangeReporter: Compat change id reported: 242716250; UID 10053; state: ENABLED
07-10 18:25:03.048  8990  8990 D nativeloader: Configuring clns-shared-7 for other apk /system/priv-app/facebook-installer/facebook-installer.apk. target_sdk_version=34, uses_libraries=, library_path=/system/priv-app/facebook-installer/lib/arm64:/system/lib64:/system_ext/lib64, permitted_path=/data:/mnt/expand:/data/user/0/com.facebook.system:/system/priv-app/facebook-installer:/system/lib64:/system_ext/lib64
07-10 18:25:03.063  8990  8990 V GraphicsEnvironment: Currently set values for:
07-10 18:25:03.063  8990  8990 V GraphicsEnvironment:   angle_gl_driver_selection_pkgs=[com.android.angle, com.linecorp.b612.android, com.campmobile.snow, com.google.android.apps.tachyon]
07-10 18:25:03.063  8990  8990 V GraphicsEnvironment:   angle_gl_driver_selection_values=[angle, native, native, native]
07-10 18:25:03.063  8990  8990 V GraphicsEnvironment: com.facebook.system is not listed in per-application setting
07-10 18:25:03.063  8990  8990 V GraphicsEnvironment: Neither updatable production driver nor prerelease driver is supported.
07-10 18:25:03.092  8990  8990 E facebook.system: BBinder_init Processname  com.facebook.system
07-10 18:25:03.092  8990  8990 E facebook.system: BBinder_init hasGetProcessName  com.facebook.system
07-10 18:25:03.124  7189  7189 D nativeloader: Load /data/app/~~T9rWMSuoIQ4PWAIdI7UtLg==/com.pandasz.clientevr-7zjQQUpmqoFGQctRjSQGoA==/lib/arm64/libcliente_vr_pandasz.so using class loader ns clns-7 (caller=<unknown>): ok
07-10 18:25:03.125  7189  7189 I android-activity: Creating: Activity = 0x2ff6, saved state size = 0
07-10 18:25:03.127  7189  9030 I ClienteVrPandasz: cliente_vr_pandasz: Arrancando cliente_vr_pandasz
07-10 18:25:03.128  7189  9030 V ClienteVrPandasz: jni::wrapper::java_vm::vm: calling unchecked JavaVM method: GetEnv
07-10 18:25:03.128  7189  9030 V ClienteVrPandasz: jni::wrapper::java_vm::vm: looking up JavaVM method GetEnv
07-10 18:25:03.128  7189  9030 V ClienteVrPandasz: jni::wrapper::java_vm::vm: found JavaVM method
07-10 18:25:03.128  7189  9030 V ClienteVrPandasz: jni::wrapper::jnienv: calling unchecked jni method: GetObjectClass
07-10 18:25:03.128  7189  9030 V ClienteVrPandasz: jni::wrapper::jnienv: looking up jni method GetObjectClass
07-10 18:25:03.128  7189  9030 V ClienteVrPandasz: jni::wrapper::jnienv: found jni method
07-10 18:25:03.128  7189  9030 V ClienteVrPandasz: jni::wrapper::jnienv: calling checked jni method: GetMethodID
07-10 18:25:03.128  7189  9030 V ClienteVrPandasz: jni::wrapper::jnienv: looking up jni method GetMethodID
07-10 18:25:03.128  7189  9030 V ClienteVrPandasz: jni::wrapper::jnienv: found jni method
07-10 18:25:03.128  7189  9030 V ClienteVrPandasz: jni::wrapper::jnienv: checking for exception
07-10 18:25:03.128  7189  9030 V ClienteVrPandasz: jni::wrapper::jnienv: calling unchecked jni method: ExceptionCheck
07-10 18:25:03.128  7189  9030 V ClienteVrPandasz: jni::wrapper::jnienv: looking up jni method ExceptionCheck
07-10 18:25:03.128  7189  9030 V ClienteVrPandasz: jni::wrapper::jnienv: found jni method
07-10 18:25:03.128  7189  9030 V ClienteVrPandasz: jni::wrapper::jnienv: no exception found
07-10 18:25:03.128  7189  9030 V ClienteVrPandasz: jni::wrapper::jnienv: calling checked jni method: CallObjectMethodA
07-10 18:25:03.128  7189  9030 V ClienteVrPandasz: jni::wrapper::jnienv: looking up jni method CallObjectMethodA
07-10 18:25:03.128  7189  9030 V ClienteVrPandasz: jni::wrapper::jnienv: found jni method
07-10 18:25:03.128  7189  9030 V ClienteVrPandasz: jni::wrapper::jnienv: checking for exception
07-10 18:25:03.128  7189  9030 V ClienteVrPandasz: jni::wrapper::jnienv: calling unchecked jni method: ExceptionCheck
07-10 18:25:03.128  7189  9030 V ClienteVrPandasz: jni::wrapper::jnienv: looking up jni method ExceptionCheck
07-10 18:25:03.128  7189  9030 V ClienteVrPandasz: jni::wrapper::jnienv: found jni method
07-10 18:25:03.128  7189  9030 V ClienteVrPandasz: jni::wrapper::jnienv: no exception found
07-10 18:25:03.128  7189  9030 V ClienteVrPandasz: jni::wrapper::jnienv: calling unchecked jni method: DeleteLocalRef
07-10 18:25:03.128  7189  9030 V ClienteVrPandasz: jni::wrapper::jnienv: looking up jni method DeleteLocalRef
07-10 18:25:03.128  7189  9030 V ClienteVrPandasz: jni::wrapper::jnienv: found jni method
07-10 18:25:03.128  7189  9030 V ClienteVrPandasz: jni::wrapper::jnienv: calling unchecked jni method: GetObjectClass
07-10 18:25:03.128  7189  9030 V ClienteVrPandasz: jni::wrapper::jnienv: looking up jni method GetObjectClass
07-10 18:25:03.128  7189  9030 V ClienteVrPandasz: jni::wrapper::jnienv: found jni method
07-10 18:25:03.128  7189  9030 V ClienteVrPandasz: jni::wrapper::objects::jvalue: converted Int(128) to jvalue 502511173760
07-10 18:25:03.128  7189  9030 V ClienteVrPandasz: jni::wrapper::jnienv: calling checked jni method: GetMethodID
07-10 18:25:03.128  7189  9030 V ClienteVrPandasz: jni::wrapper::jnienv: looking up jni method GetMethodID
07-10 18:25:03.128  7189  9030 V ClienteVrPandasz: jni::wrapper::jnienv: found jni method
07-10 18:25:03.128  7189  9030 V ClienteVrPandasz: jni::wrapper::jnienv: checking for exception
07-10 18:25:03.128  7189  9030 V ClienteVrPandasz: jni::wrapper::jnienv: calling unchecked jni method: ExceptionCheck
07-10 18:25:03.128  7189  9030 V ClienteVrPandasz: jni::wrapper::jnienv: looking up jni method ExceptionCheck
07-10 18:25:03.128  7189  9030 V ClienteVrPandasz: jni::wrapper::jnienv: found jni method
07-10 18:25:03.128  7189  9030 V ClienteVrPandasz: jni::wrapper::jnienv: no exception found
07-10 18:25:03.128  7189  9030 V ClienteVrPandasz: jni::wrapper::jnienv: calling checked jni method: CallVoidMethodA
07-10 18:25:03.128  7189  9030 V ClienteVrPandasz: jni::wrapper::jnienv: looking up jni method CallVoidMethodA
07-10 18:25:03.128  7189  9030 V ClienteVrPandasz: jni::wrapper::jnienv: found jni method
07-10 18:25:03.128  7189  9030 V ClienteVrPandasz: jni::wrapper::jnienv: checking for exception
07-10 18:25:03.128  7189  9030 V ClienteVrPandasz: jni::wrapper::jnienv: calling unchecked jni method: ExceptionCheck
07-10 18:25:03.128  7189  9030 V ClienteVrPandasz: jni::wrapper::jnienv: looking up jni method ExceptionCheck
07-10 18:25:03.128  7189  9030 V ClienteVrPandasz: jni::wrapper::jnienv: found jni method
07-10 18:25:03.128  7189  9030 V ClienteVrPandasz: jni::wrapper::jnienv: no exception found
07-10 18:25:03.128  7189  9030 V ClienteVrPandasz: jni::wrapper::jnienv: calling unchecked jni method: DeleteLocalRef
07-10 18:25:03.128  7189  9030 V ClienteVrPandasz: jni::wrapper::jnienv: looking up jni method DeleteLocalRef
07-10 18:25:03.128  7189  9030 V ClienteVrPandasz: jni::wrapper::jnienv: found jni method
07-10 18:25:03.128  7189  9030 V ClienteVrPandasz: jni::wrapper::java_vm::vm: calling unchecked JavaVM method: GetEnv
07-10 18:25:03.128  7189  9030 V ClienteVrPandasz: jni::wrapper::java_vm::vm: looking up JavaVM method GetEnv
07-10 18:25:03.128  7189  9030 V ClienteVrPandasz: jni::wrapper::java_vm::vm: found JavaVM method
07-10 18:25:03.128  7189  9030 V ClienteVrPandasz: jni::wrapper::jnienv: calling unchecked jni method: GetObjectClass
07-10 18:25:03.129  7189  9030 V ClienteVrPandasz: jni::wrapper::jnienv: looking up jni method GetObjectClass
07-10 18:25:03.129  7189  9030 V ClienteVrPandasz: jni::wrapper::jnienv: found jni method
07-10 18:25:03.129  7189  9030 V ClienteVrPandasz: jni::wrapper::jnienv: calling checked jni method: GetMethodID
07-10 18:25:03.129  7189  9030 V ClienteVrPandasz: jni::wrapper::jnienv: looking up jni method GetMethodID
07-10 18:25:03.129  7189  9030 V ClienteVrPandasz: jni::wrapper::jnienv: found jni method
07-10 18:25:03.129  7189  9030 V ClienteVrPandasz: jni::wrapper::jnienv: checking for exception
07-10 18:25:03.129  7189  9030 V ClienteVrPandasz: jni::wrapper::jnienv: calling unchecked jni method: ExceptionCheck
07-10 18:25:03.129  7189  9030 V ClienteVrPandasz: jni::wrapper::jnienv: looking up jni method ExceptionCheck
07-10 18:25:03.129  7189  9030 V ClienteVrPandasz: jni::wrapper::jnienv: found jni method
07-10 18:25:03.129  7189  9030 V ClienteVrPandasz: jni::wrapper::jnienv: no exception found
07-10 18:25:03.129  7189  9030 V ClienteVrPandasz: jni::wrapper::jnienv: calling checked jni method: CallObjectMethodA
07-10 18:25:03.129  7189  9030 V ClienteVrPandasz: jni::wrapper::jnienv: looking up jni method CallObjectMethodA
07-10 18:25:03.129  7189  9030 V ClienteVrPandasz: jni::wrapper::jnienv: found jni method
07-10 18:25:03.129  7189  9030 V ClienteVrPandasz: jni::wrapper::jnienv: checking for exception
07-10 18:25:03.129  7189  9030 V ClienteVrPandasz: jni::wrapper::jnienv: calling unchecked jni method: ExceptionCheck
07-10 18:25:03.129  7189  9030 V ClienteVrPandasz: jni::wrapper::jnienv: looking up jni method ExceptionCheck
07-10 18:25:03.129  7189  9030 V ClienteVrPandasz: jni::wrapper::jnienv: found jni method
07-10 18:25:03.129  7189  9030 V ClienteVrPandasz: jni::wrapper::jnienv: no exception found
07-10 18:25:03.129  7189  9030 V ClienteVrPandasz: jni::wrapper::jnienv: calling unchecked jni method: DeleteLocalRef
07-10 18:25:03.129  7189  9030 V ClienteVrPandasz: jni::wrapper::jnienv: looking up jni method DeleteLocalRef
07-10 18:25:03.129  7189  9030 V ClienteVrPandasz: jni::wrapper::jnienv: found jni method
07-10 18:25:03.129  7189  9030 V ClienteVrPandasz: jni::wrapper::jnienv: calling unchecked jni method: GetObjectClass
07-10 18:25:03.129  7189  9030 V ClienteVrPandasz: jni::wrapper::jnienv: looking up jni method GetObjectClass
07-10 18:25:03.129  7189  9030 V ClienteVrPandasz: jni::wrapper::jnienv: found jni method
07-10 18:25:03.129  7189  9030 V ClienteVrPandasz: jni::wrapper::jnienv: calling checked jni method: GetMethodID
07-10 18:25:03.129  7189  9030 V ClienteVrPandasz: jni::wrapper::jnienv: looking up jni method GetMethodID
07-10 18:25:03.129  7189  9030 V ClienteVrPandasz: jni::wrapper::jnienv: found jni method
07-10 18:25:03.129  7189  9030 V ClienteVrPandasz: jni::wrapper::jnienv: checking for exception
07-10 18:25:03.129  7189  9030 V ClienteVrPandasz: jni::wrapper::jnienv: calling unchecked jni method: ExceptionCheck
07-10 18:25:03.129  7189  9030 V ClienteVrPandasz: jni::wrapper::jnienv: looking up jni method ExceptionCheck
07-10 18:25:03.129  7189  9030 V ClienteVrPandasz: jni::wrapper::jnienv: found jni method
07-10 18:25:03.129  7189  9030 V ClienteVrPandasz: jni::wrapper::jnienv: no exception found
07-10 18:25:03.129  7189  9030 V ClienteVrPandasz: jni::wrapper::jnienv: calling checked jni method: CallObjectMethodA
07-10 18:25:03.129  7189  9030 V ClienteVrPandasz: jni::wrapper::jnienv: looking up jni method CallObjectMethodA
07-10 18:25:03.129  7189  9030 V ClienteVrPandasz: jni::wrapper::jnienv: found jni method
07-10 18:25:03.129  7189  9030 V ClienteVrPandasz: jni::wrapper::jnienv: checking for exception
07-10 18:25:03.129  7189  9030 V ClienteVrPandasz: jni::wrapper::jnienv: calling unchecked jni method: ExceptionCheck
07-10 18:25:03.129  7189  9030 V ClienteVrPandasz: jni::wrapper::jnienv: looking up jni method ExceptionCheck
07-10 18:25:03.129  7189  9030 V ClienteVrPandasz: jni::wrapper::jnienv: found jni method
07-10 18:25:03.129  7189  9030 V ClienteVrPandasz: jni::wrapper::jnienv: no exception found
07-10 18:25:03.129  7189  9030 V ClienteVrPandasz: jni::wrapper::jnienv: calling unchecked jni method: DeleteLocalRef
07-10 18:25:03.129  7189  9030 V ClienteVrPandasz: jni::wrapper::jnienv: looking up jni method DeleteLocalRef
07-10 18:25:03.129  7189  9030 V ClienteVrPandasz: jni::wrapper::jnienv: found jni method
07-10 18:25:03.129  7189  9030 V ClienteVrPandasz: jni::wrapper::jnienv: calling unchecked jni method: GetObjectClass
07-10 18:25:03.129  7189  9030 V ClienteVrPandasz: jni::wrapper::jnienv: looking up jni method GetObjectClass
