07-10 18:25:03.854  7189  9032 I ClienteVrPandasz: cliente_vr_pandasz: head_quat x=-0.0098 y=-0.0197 z=0.9952 w=0.0949
07-10 18:25:03.862  7189  9030 V ClienteVrPandasz: android_activity::activity_impl: pollOnce id = -3
07-10 18:25:03.862  7189  9030 V ClienteVrPandasz: android_activity::activity_impl: ALooper_pollOnce returned POLL_TIMEOUT
07-10 18:25:03.863  7189  9032 I ClienteVrPandasz: cliente_vr_pandasz: head_quat x=-0.0098 y=-0.0197 z=0.9952 w=0.0949
07-10 18:25:03.866  7189  9030 V ClienteVrPandasz: android_activity::activity_impl: poll_events
07-10 18:25:03.867  7189  9030 V ClienteVrPandasz: android_activity::activity_impl: Calling ALooper_pollOnce, timeout = 16
07-10 18:25:03.873  7189  9032 I ClienteVrPandasz: cliente_vr_pandasz: head_quat x=-0.0098 y=-0.0197 z=0.9952 w=0.0949
07-10 18:25:03.882  7189  9032 I ClienteVrPandasz: cliente_vr_pandasz: head_quat x=-0.0098 y=-0.0197 z=0.9952 w=0.0949
07-10 18:25:03.883  7189  9030 V ClienteVrPandasz: android_activity::activity_impl: pollOnce id = -3
07-10 18:25:03.883  7189  9030 V ClienteVrPandasz: android_activity::activity_impl: ALooper_pollOnce returned POLL_TIMEOUT
07-10 18:25:03.886  7189  9030 V ClienteVrPandasz: android_activity::activity_impl: poll_events
07-10 18:25:03.886  7189  9030 V ClienteVrPandasz: android_activity::activity_impl: Calling ALooper_pollOnce, timeout = 16
07-10 18:25:03.892  7189  9032 I ClienteVrPandasz: cliente_vr_pandasz: head_quat x=-0.0098 y=-0.0197 z=0.9952 w=0.0949
07-10 18:25:03.901  7189  9032 I ClienteVrPandasz: cliente_vr_pandasz: head_quat x=-0.0098 y=-0.0197 z=0.9952 w=0.0949
07-10 18:25:03.902  7189  9030 V ClienteVrPandasz: android_activity::activity_impl: pollOnce id = -3
07-10 18:25:03.903  7189  9030 V ClienteVrPandasz: android_activity::activity_impl: ALooper_pollOnce returned POLL_TIMEOUT
07-10 18:25:03.906  7189  9030 V ClienteVrPandasz: android_activity::activity_impl: poll_events
07-10 18:25:03.906  7189  9030 V ClienteVrPandasz: android_activity::activity_impl: Calling ALooper_pollOnce, timeout = 16
07-10 18:25:03.911  7189  9032 I ClienteVrPandasz: cliente_vr_pandasz: head_quat x=-0.0098 y=-0.0197 z=0.9952 w=0.0949
07-10 18:25:03.920  7189  9032 I ClienteVrPandasz: cliente_vr_pandasz: head_quat x=-0.0098 y=-0.0197 z=0.9952 w=0.0949
07-10 18:25:03.922  7189  9030 V ClienteVrPandasz: android_activity::activity_impl: pollOnce id = -3
07-10 18:25:03.922  7189  9030 V ClienteVrPandasz: android_activity::activity_impl: ALooper_pollOnce returned POLL_TIMEOUT
07-10 18:25:03.925  7189  9030 V ClienteVrPandasz: android_activity::activity_impl: poll_events
07-10 18:25:03.925  7189  9030 V ClienteVrPandasz: android_activity::activity_impl: Calling ALooper_pollOnce, timeout = 16
07-10 18:25:03.930  7189  9032 I ClienteVrPandasz: cliente_vr_pandasz: head_quat x=-0.0098 y=-0.0197 z=0.9952 w=0.0949
07-10 18:25:03.940  7189  9032 I ClienteVrPandasz: cliente_vr_pandasz: head_quat x=-0.0098 y=-0.0197 z=0.9952 w=0.0949
07-10 18:25:03.941  7189  9030 V ClienteVrPandasz: android_activity::activity_impl: pollOnce id = -3
07-10 18:25:03.941  7189  9030 V ClienteVrPandasz: android_activity::activity_impl: ALooper_pollOnce returned POLL_TIMEOUT
07-10 18:25:03.943  7189  9030 V ClienteVrPandasz: android_activity::activity_impl: poll_events
07-10 18:25:03.943  7189  9030 V ClienteVrPandasz: android_activity::activity_impl: Calling ALooper_pollOnce, timeout = 16
07-10 18:25:03.949  7189  9032 I ClienteVrPandasz: cliente_vr_pandasz: head_quat x=-0.0098 y=-0.0197 z=0.9952 w=0.0949
07-10 18:25:03.959  7189  9032 I ClienteVrPandasz: cliente_vr_pandasz: head_quat x=-0.0098 y=-0.0197 z=0.9952 w=0.0949
07-10 18:25:03.959  7189  9030 V ClienteVrPandasz: android_activity::activity_impl: pollOnce id = -3
07-10 18:25:03.959  7189  9030 V ClienteVrPandasz: android_activity::activity_impl: ALooper_pollOnce returned POLL_TIMEOUT
07-10 18:25:03.960  7189  9030 V ClienteVrPandasz: android_activity::activity_impl: poll_events
07-10 18:25:03.960  7189  9030 V ClienteVrPandasz: android_activity::activity_impl: Calling ALooper_pollOnce, timeout = 16
07-10 18:25:03.968  7189  9032 I ClienteVrPandasz: cliente_vr_pandasz: head_quat x=-0.0098 y=-0.0197 z=0.9952 w=0.0949
07-10 18:25:03.976  7189  9030 V ClienteVrPandasz: android_activity::activity_impl: pollOnce id = -3
07-10 18:25:03.976  7189  9030 V ClienteVrPandasz: android_activity::activity_impl: ALooper_pollOnce returned POLL_TIMEOUT
07-10 18:25:03.977  7189  9032 I ClienteVrPandasz: cliente_vr_pandasz: head_quat x=-0.0098 y=-0.0197 z=0.9952 w=0.0949
07-10 18:25:03.978  7189  9030 V ClienteVrPandasz: android_activity::activity_impl: poll_events
07-10 18:25:03.978  7189  9030 V ClienteVrPandasz: android_activity::activity_impl: Calling ALooper_pollOnce, timeout = 16
07-10 18:25:03.987  7189  9032 I ClienteVrPandasz: cliente_vr_pandasz: head_quat x=-0.0098 y=-0.0197 z=0.9952 w=0.0949
07-10 18:25:03.994  7189  9030 V ClienteVrPandasz: android_activity::activity_impl: pollOnce id = -3
07-10 18:25:03.994  7189  9030 V ClienteVrPandasz: android_activity::activity_impl: ALooper_pollOnce returned POLL_TIMEOUT
07-10 18:25:03.997  7189  9030 V ClienteVrPandasz: android_activity::activity_impl: poll_events
07-10 18:25:03.997  7189  9030 V ClienteVrPandasz: android_activity::activity_impl: Calling ALooper_pollOnce, timeout = 16
07-10 18:25:03.998  7189  9032 I ClienteVrPandasz: cliente_vr_pandasz: head_quat x=-0.0098 y=-0.0197 z=0.9952 w=0.0949
07-10 18:25:04.005  7189  9032 I ClienteVrPandasz: cliente_vr_pandasz: head_quat x=-0.0098 y=-0.0197 z=0.9952 w=0.0949
07-10 18:25:04.013  7189  9030 V ClienteVrPandasz: android_activity::activity_impl: pollOnce id = -3
07-10 18:25:04.013  7189  9030 V ClienteVrPandasz: android_activity::activity_impl: ALooper_pollOnce returned POLL_TIMEOUT
07-10 18:25:04.016  7189  9032 I ClienteVrPandasz: cliente_vr_pandasz: head_quat x=-0.0098 y=-0.0197 z=0.9952 w=0.0949
07-10 18:25:04.017  7189  9030 V ClienteVrPandasz: android_activity::activity_impl: poll_events
07-10 18:25:04.017  7189  9030 V ClienteVrPandasz: android_activity::activity_impl: Calling ALooper_pollOnce, timeout = 16
07-10 18:25:04.025  7189  9032 I ClienteVrPandasz: cliente_vr_pandasz: head_quat x=-0.0098 y=-0.0197 z=0.9952 w=0.0949
07-10 18:25:04.033  7189  9030 V ClienteVrPandasz: android_activity::activity_impl: pollOnce id = -3
07-10 18:25:04.033  7189  9030 V ClienteVrPandasz: android_activity::activity_impl: ALooper_pollOnce returned POLL_TIMEOUT
07-10 18:25:04.035  7189  9032 I ClienteVrPandasz: cliente_vr_pandasz: head_quat x=-0.0098 y=-0.0197 z=0.9952 w=0.0949
07-10 18:25:04.036  7189  9030 V ClienteVrPandasz: android_activity::activity_impl: poll_events
07-10 18:25:04.036  7189  9030 V ClienteVrPandasz: android_activity::activity_impl: Calling ALooper_pollOnce, timeout = 16
07-10 18:25:04.044  7189  9032 I ClienteVrPandasz: cliente_vr_pandasz: head_quat x=-0.0098 y=-0.0197 z=0.9952 w=0.0949
07-10 18:25:04.052  7189  9030 V ClienteVrPandasz: android_activity::activity_impl: pollOnce id = -3
07-10 18:25:04.052  7189  9030 V ClienteVrPandasz: android_activity::activity_impl: ALooper_pollOnce returned POLL_TIMEOUT
07-10 18:25:04.054  7189  9032 I ClienteVrPandasz: cliente_vr_pandasz: head_quat x=-0.0098 y=-0.0197 z=0.9952 w=0.0949
07-10 18:25:04.055  7189  9030 V ClienteVrPandasz: android_activity::activity_impl: poll_events
07-10 18:25:04.055  7189  9030 V ClienteVrPandasz: android_activity::activity_impl: Calling ALooper_pollOnce, timeout = 16
07-10 18:25:04.064  7189  9032 I ClienteVrPandasz: cliente_vr_pandasz: head_quat x=-0.0098 y=-0.0197 z=0.9952 w=0.0949
07-10 18:25:04.071  7189  9030 V ClienteVrPandasz: android_activity::activity_impl: pollOnce id = -3
07-10 18:25:04.071  7189  9030 V ClienteVrPandasz: android_activity::activity_impl: ALooper_pollOnce returned POLL_TIMEOUT
07-10 18:25:04.073  7189  9032 I ClienteVrPandasz: cliente_vr_pandasz: head_quat x=-0.0098 y=-0.0197 z=0.9952 w=0.0949
07-10 18:25:04.073  7189  9030 V ClienteVrPandasz: android_activity::activity_impl: poll_events
07-10 18:25:04.074  7189  9030 V ClienteVrPandasz: android_activity::activity_impl: Calling ALooper_pollOnce, timeout = 16
07-10 18:25:04.083  7189  9032 I ClienteVrPandasz: cliente_vr_pandasz: head_quat x=-0.0098 y=-0.0197 z=0.9952 w=0.0949
07-10 18:25:04.090  7189  9030 V ClienteVrPandasz: android_activity::activity_impl: pollOnce id = -3
07-10 18:25:04.090  7189  9030 V ClienteVrPandasz: android_activity::activity_impl: ALooper_pollOnce returned POLL_TIMEOUT
07-10 18:25:04.091  7189  9030 V ClienteVrPandasz: android_activity::activity_impl: poll_events
07-10 18:25:04.091  7189  9030 V ClienteVrPandasz: android_activity::activity_impl: Calling ALooper_pollOnce, timeout = 16
07-10 18:25:04.092  7189  9032 I ClienteVrPandasz: cliente_vr_pandasz: head_quat x=-0.0098 y=-0.0197 z=0.9952 w=0.0949
07-10 18:25:04.102  7189  9032 I ClienteVrPandasz: cliente_vr_pandasz: head_quat x=-0.0098 y=-0.0197 z=0.9952 w=0.0949
07-10 18:25:04.107  7189  9030 V ClienteVrPandasz: android_activity::activity_impl: pollOnce id = -3
07-10 18:25:04.108  7189  9030 V ClienteVrPandasz: android_activity::activity_impl: ALooper_pollOnce returned POLL_TIMEOUT
07-10 18:25:04.110  7189  9030 V ClienteVrPandasz: android_activity::activity_impl: poll_events
07-10 18:25:04.110  7189  9030 V ClienteVrPandasz: android_activity::activity_impl: Calling ALooper_pollOnce, timeout = 16
07-10 18:25:04.111  7189  9032 I ClienteVrPandasz: cliente_vr_pandasz: head_quat x=-0.0098 y=-0.0197 z=0.9952 w=0.0949
07-10 18:25:04.121  7189  9032 I ClienteVrPandasz: cliente_vr_pandasz: head_quat x=-0.0098 y=-0.0197 z=0.9952 w=0.0949
07-10 18:25:04.126  7189  9030 V ClienteVrPandasz: android_activity::activity_impl: pollOnce id = -3
07-10 18:25:04.126  7189  9030 V ClienteVrPandasz: android_activity::activity_impl: ALooper_pollOnce returned POLL_TIMEOUT
07-10 18:25:04.129  7189  9030 V ClienteVrPandasz: android_activity::activity_impl: poll_events
07-10 18:25:04.129  7189  9030 V ClienteVrPandasz: android_activity::activity_impl: Calling ALooper_pollOnce, timeout = 16
07-10 18:25:04.130  7189  9032 I ClienteVrPandasz: cliente_vr_pandasz: head_quat x=-0.0098 y=-0.0197 z=0.9952 w=0.0949
07-10 18:25:04.131 25135 25135 W Finsky  : [2] STU: Failed to get storage stats for package 'com.google.android.media.swcodec' (1601: Error getting stats: android.content.pm.PackageManager.NameNotFoundException)
07-10 18:25:04.140  7189  9032 I ClienteVrPandasz: cliente_vr_pandasz: head_quat x=-0.0098 y=-0.0197 z=0.9952 w=0.0949
07-10 18:25:04.145  7189  9030 V ClienteVrPandasz: android_activity::activity_impl: pollOnce id = -3
07-10 18:25:04.145  7189  9030 V ClienteVrPandasz: android_activity::activity_impl: ALooper_pollOnce returned POLL_TIMEOUT
07-10 18:25:04.149  7189  9030 V ClienteVrPandasz: android_activity::activity_impl: poll_events
07-10 18:25:04.149  7189  9030 V ClienteVrPandasz: android_activity::activity_impl: Calling ALooper_pollOnce, timeout = 16
07-10 18:25:04.150  7189  9032 I ClienteVrPandasz: cliente_vr_pandasz: head_quat x=-0.0098 y=-0.0197 z=0.9952 w=0.0949
07-10 18:25:04.159  7189  9032 I ClienteVrPandasz: cliente_vr_pandasz: head_quat x=-0.0098 y=-0.0197 z=0.9952 w=0.0949
07-10 18:25:04.164 25135 25135 W Finsky  : [2] STU: Failed to get storage stats for package 'com.android.profiling' (1601: Error getting stats: android.content.pm.PackageManager.NameNotFoundException)
07-10 18:25:04.165  7189  9030 V ClienteVrPandasz: android_activity::activity_impl: pollOnce id = -3
07-10 18:25:04.165  7189  9030 V ClienteVrPandasz: android_activity::activity_impl: ALooper_pollOnce returned POLL_TIMEOUT
07-10 18:25:04.167  7189  9033 V ClienteVrPandasz: jni::wrapper::java_vm::vm: calling unchecked JavaVM method: GetEnv
07-10 18:25:04.167  7189  9033 V ClienteVrPandasz: jni::wrapper::java_vm::vm: looking up JavaVM method GetEnv
07-10 18:25:04.167  7189  9033 V ClienteVrPandasz: jni::wrapper::java_vm::vm: found JavaVM method
07-10 18:25:04.167  7189  9033 V ClienteVrPandasz: jni::wrapper::java_vm::vm: calling unchecked JavaVM method: AttachCurrentThread
07-10 18:25:04.167  7189  9033 V ClienteVrPandasz: jni::wrapper::java_vm::vm: looking up JavaVM method AttachCurrentThread
07-10 18:25:04.167  7189  9033 V ClienteVrPandasz: jni::wrapper::java_vm::vm: found JavaVM method
07-10 18:25:04.167  7189  9030 V ClienteVrPandasz: android_activity::activity_impl: poll_events
07-10 18:25:04.167  7189  9030 V ClienteVrPandasz: android_activity::activity_impl: Calling ALooper_pollOnce, timeout = 16
07-10 18:25:04.167  7189  9033 D ClienteVrPandasz: jni::wrapper::java_vm::vm: Attached thread  (ThreadId(4)). 1 threads attached
07-10 18:25:04.168  7189  9033 V ClienteVrPandasz: jni::wrapper::jnienv: calling checked jni method: NewStringUTF
07-10 18:25:04.168  7189  9033 V ClienteVrPandasz: jni::wrapper::jnienv: looking up jni method NewStringUTF
07-10 18:25:04.168  7189  9033 V ClienteVrPandasz: jni::wrapper::jnienv: found jni method
07-10 18:25:04.168  7189  9033 V ClienteVrPandasz: jni::wrapper::jnienv: checking for exception
07-10 18:25:04.168  7189  9033 V ClienteVrPandasz: jni::wrapper::jnienv: calling unchecked jni method: ExceptionCheck
07-10 18:25:04.168  7189  9033 V ClienteVrPandasz: jni::wrapper::jnienv: looking up jni method ExceptionCheck
07-10 18:25:04.168  7189  9033 V ClienteVrPandasz: jni::wrapper::jnienv: found jni method
07-10 18:25:04.168  7189  9033 V ClienteVrPandasz: jni::wrapper::jnienv: no exception found
07-10 18:25:04.168  7189  9033 V ClienteVrPandasz: jni::wrapper::jnienv: calling unchecked jni method: GetObjectClass
07-10 18:25:04.168  7189  9033 V ClienteVrPandasz: jni::wrapper::jnienv: looking up jni method GetObjectClass
07-10 18:25:04.168  7189  9033 V ClienteVrPandasz: jni::wrapper::jnienv: found jni method
07-10 18:25:04.168  7189  9033 V ClienteVrPandasz: jni::wrapper::objects::jvalue: converted Object(JObject { internal: 0x7afabf900d, lifetime: PhantomData<&()> }) to jvalue 528192868365
07-10 18:25:04.168  7189  9033 V ClienteVrPandasz: jni::wrapper::jnienv: calling checked jni method: GetMethodID
07-10 18:25:04.168  7189  9033 V ClienteVrPandasz: jni::wrapper::jnienv: looking up jni method GetMethodID
07-10 18:25:04.168  7189  9033 V ClienteVrPandasz: jni::wrapper::jnienv: found jni method
07-10 18:25:04.168  7189  9033 V ClienteVrPandasz: jni::wrapper::jnienv: checking for exception
07-10 18:25:04.168  7189  9033 V ClienteVrPandasz: jni::wrapper::jnienv: calling unchecked jni method: ExceptionCheck
07-10 18:25:04.168  7189  9033 V ClienteVrPandasz: jni::wrapper::jnienv: looking up jni method ExceptionCheck
07-10 18:25:04.168  7189  9033 V ClienteVrPandasz: jni::wrapper::jnienv: found jni method
07-10 18:25:04.168  7189  9033 V ClienteVrPandasz: jni::wrapper::jnienv: no exception found
07-10 18:25:04.168  7189  9033 V ClienteVrPandasz: jni::wrapper::jnienv: calling checked jni method: CallIntMethodA
07-10 18:25:04.168  7189  9033 V ClienteVrPandasz: jni::wrapper::jnienv: looking up jni method CallIntMethodA
07-10 18:25:04.168  7189  9033 V ClienteVrPandasz: jni::wrapper::jnienv: found jni method
07-10 18:25:04.168  7189  9033 V ClienteVrPandasz: jni::wrapper::jnienv: checking for exception
07-10 18:25:04.168  7189  9033 V ClienteVrPandasz: jni::wrapper::jnienv: calling unchecked jni method: ExceptionCheck
07-10 18:25:04.168  7189  9033 V ClienteVrPandasz: jni::wrapper::jnienv: looking up jni method ExceptionCheck
07-10 18:25:04.168  7189  9033 V ClienteVrPandasz: jni::wrapper::jnienv: found jni method
07-10 18:25:04.168  7189  9033 V ClienteVrPandasz: jni::wrapper::jnienv: no exception found
07-10 18:25:04.168  7189  9033 V ClienteVrPandasz: jni::wrapper::jnienv: calling unchecked jni method: DeleteLocalRef
07-10 18:25:04.168  7189  9033 V ClienteVrPandasz: jni::wrapper::jnienv: looking up jni method DeleteLocalRef
07-10 18:25:04.168  7189  9033 V ClienteVrPandasz: jni::wrapper::jnienv: found jni method
07-10 18:25:04.168  7189  9033 V ClienteVrPandasz: jni::wrapper::java_vm::vm: calling unchecked JavaVM method: DetachCurrentThread
07-10 18:25:04.168  7189  9033 V ClienteVrPandasz: jni::wrapper::java_vm::vm: looking up JavaVM method DetachCurrentThread
07-10 18:25:04.168  7189  9033 V ClienteVrPandasz: jni::wrapper::java_vm::vm: found JavaVM method
07-10 18:25:04.168  7189  9033 D ClienteVrPandasz: jni::wrapper::java_vm::vm: Detached thread  (ThreadId(4)). 0 threads remain attached
07-10 18:25:04.168  7189  9032 I ClienteVrPandasz: cliente_vr_pandasz: head_quat x=-0.0098 y=-0.0197 z=0.9952 w=0.0949
07-10 18:25:04.170  7189  8973 I ndasz.clientevr: Compiler allocated 4263KB to compile void android.widget.TextView.<init>(android.content.Context, android.util.AttributeSet, int, int)
07-10 18:25:04.178  7189  9032 I ClienteVrPandasz: cliente_vr_pandasz: head_quat x=-0.0098 y=-0.0197 z=0.9952 w=0.0949
07-10 18:25:04.183  7189  9030 V ClienteVrPandasz: android_activity::activity_impl: pollOnce id = -3
07-10 18:25:04.183  7189  9030 V ClienteVrPandasz: android_activity::activity_impl: ALooper_pollOnce returned POLL_TIMEOUT
07-10 18:25:04.186  7189  9030 V ClienteVrPandasz: android_activity::activity_impl: poll_events
07-10 18:25:04.186  7189  9030 V ClienteVrPandasz: android_activity::activity_impl: Calling ALooper_pollOnce, timeout = 16
07-10 18:25:04.187  7189  9032 I ClienteVrPandasz: cliente_vr_pandasz: head_quat x=-0.0098 y=-0.0197 z=0.9952 w=0.0949
07-10 18:25:04.197  7189  9032 I ClienteVrPandasz: cliente_vr_pandasz: head_quat x=-0.0098 y=-0.0197 z=0.9952 w=0.0948
07-10 18:25:04.202  7189  9030 V ClienteVrPandasz: android_activity::activity_impl: pollOnce id = -3
07-10 18:25:04.202  7189  9030 V ClienteVrPandasz: android_activity::activity_impl: ALooper_pollOnce returned POLL_TIMEOUT
07-10 18:25:04.204  7189  9030 V ClienteVrPandasz: android_activity::activity_impl: poll_events
07-10 18:25:04.204  7189  9030 V ClienteVrPandasz: android_activity::activity_impl: Calling ALooper_pollOnce, timeout = 16
07-10 18:25:04.206  7189  9032 I ClienteVrPandasz: cliente_vr_pandasz: head_quat x=-0.0098 y=-0.0197 z=0.9952 w=0.0948
07-10 18:25:04.216  7189  9032 I ClienteVrPandasz: cliente_vr_pandasz: head_quat x=-0.0098 y=-0.0197 z=0.9952 w=0.0948
07-10 18:25:04.220  7189  9030 V ClienteVrPandasz: android_activity::activity_impl: pollOnce id = -3
07-10 18:25:04.220  7189  9030 V ClienteVrPandasz: android_activity::activity_impl: ALooper_pollOnce returned POLL_TIMEOUT
07-10 18:25:04.222  7189  9030 V ClienteVrPandasz: android_activity::activity_impl: poll_events
07-10 18:25:04.222  7189  9030 V ClienteVrPandasz: android_activity::activity_impl: Calling ALooper_pollOnce, timeout = 16
07-10 18:25:04.226  7189  9032 I ClienteVrPandasz: cliente_vr_pandasz: head_quat x=-0.0098 y=-0.0197 z=0.9952 w=0.0948
07-10 18:25:04.235  7189  9032 I ClienteVrPandasz: cliente_vr_pandasz: head_quat x=-0.0098 y=-0.0197 z=0.9952 w=0.0948
07-10 18:25:04.238  7189  9030 V ClienteVrPandasz: android_activity::activity_impl: pollOnce id = -3
07-10 18:25:04.238  7189  9030 V ClienteVrPandasz: android_activity::activity_impl: ALooper_pollOnce returned POLL_TIMEOUT
07-10 18:25:04.240  7189  9030 V ClienteVrPandasz: android_activity::activity_impl: poll_events
07-10 18:25:04.240  7189  9030 V ClienteVrPandasz: android_activity::activity_impl: Calling ALooper_pollOnce, timeout = 16
07-10 18:25:04.245  7189  9032 I ClienteVrPandasz: cliente_vr_pandasz: head_quat x=-0.0098 y=-0.0197 z=0.9952 w=0.0948
07-10 18:25:04.254  7189  9032 I ClienteVrPandasz: cliente_vr_pandasz: head_quat x=-0.0098 y=-0.0197 z=0.9952 w=0.0948
07-10 18:25:04.256  7189  9030 V ClienteVrPandasz: android_activity::activity_impl: pollOnce id = -3
07-10 18:25:04.256  7189  9030 V ClienteVrPandasz: android_activity::activity_impl: ALooper_pollOnce returned POLL_TIMEOUT
07-10 18:25:04.258  7189  9030 V ClienteVrPandasz: android_activity::activity_impl: poll_events
07-10 18:25:04.258  7189  9030 V ClienteVrPandasz: android_activity::activity_impl: Calling ALooper_pollOnce, timeout = 16
07-10 18:25:04.264  7189  9032 I ClienteVrPandasz: cliente_vr_pandasz: head_quat x=-0.0098 y=-0.0197 z=0.9952 w=0.0948
07-10 18:25:04.273  7189  9032 I ClienteVrPandasz: cliente_vr_pandasz: head_quat x=-0.0098 y=-0.0197 z=0.9952 w=0.0948
07-10 18:25:04.275  7189  9030 V ClienteVrPandasz: android_activity::activity_impl: pollOnce id = -3
07-10 18:25:04.275  7189  9030 V ClienteVrPandasz: android_activity::activity_impl: ALooper_pollOnce returned POLL_TIMEOUT
07-10 18:25:04.276  7189  9030 V ClienteVrPandasz: android_activity::activity_impl: poll_events
07-10 18:25:04.277  7189  9030 V ClienteVrPandasz: android_activity::activity_impl: Calling ALooper_pollOnce, timeout = 16
07-10 18:25:04.283  7189  9032 I ClienteVrPandasz: cliente_vr_pandasz: head_quat x=-0.0098 y=-0.0197 z=0.9952 w=0.0948
07-10 18:25:04.292  7189  9032 I ClienteVrPandasz: cliente_vr_pandasz: head_quat x=-0.0098 y=-0.0197 z=0.9952 w=0.0948
07-10 18:25:04.293  7189  9030 V ClienteVrPandasz: android_activity::activity_impl: pollOnce id = -3
07-10 18:25:04.293  7189  9030 V ClienteVrPandasz: android_activity::activity_impl: ALooper_pollOnce returned POLL_TIMEOUT
07-10 18:25:04.295  7189  9030 V ClienteVrPandasz: android_activity::activity_impl: poll_events
07-10 18:25:04.295  7189  9030 V ClienteVrPandasz: android_activity::activity_impl: Calling ALooper_pollOnce, timeout = 16
07-10 18:25:04.302  7189  9032 I ClienteVrPandasz: cliente_vr_pandasz: head_quat x=-0.0098 y=-0.0197 z=0.9952 w=0.0948
07-10 18:25:04.311  7189  9030 V ClienteVrPandasz: android_activity::activity_impl: pollOnce id = -3
07-10 18:25:04.311  7189  9030 V ClienteVrPandasz: android_activity::activity_impl: ALooper_pollOnce returned POLL_TIMEOUT
07-10 18:25:04.312  7189  9032 I ClienteVrPandasz: cliente_vr_pandasz: head_quat x=-0.0098 y=-0.0197 z=0.9952 w=0.0948
07-10 18:25:04.314  7189  9030 V ClienteVrPandasz: android_activity::activity_impl: poll_events
07-10 18:25:04.314  7189  9030 V ClienteVrPandasz: android_activity::activity_impl: Calling ALooper_pollOnce, timeout = 16
07-10 18:25:04.321  7189  9032 I ClienteVrPandasz: cliente_vr_pandasz: head_quat x=-0.0098 y=-0.0197 z=0.9952 w=0.0948
07-10 18:25:04.330  7189  9030 V ClienteVrPandasz: android_activity::activity_impl: pollOnce id = -3
07-10 18:25:04.330  7189  9030 V ClienteVrPandasz: android_activity::activity_impl: ALooper_pollOnce returned POLL_TIMEOUT
07-10 18:25:04.331  7189  9032 I ClienteVrPandasz: cliente_vr_pandasz: head_quat x=-0.0098 y=-0.0197 z=0.9952 w=0.0948
07-10 18:25:04.333  7189  9030 V ClienteVrPandasz: android_activity::activity_impl: poll_events
07-10 18:25:04.333  7189  9030 V ClienteVrPandasz: android_activity::activity_impl: Calling ALooper_pollOnce, timeout = 16
07-10 18:25:04.340  7189  9032 I ClienteVrPandasz: cliente_vr_pandasz: head_quat x=-0.0098 y=-0.0197 z=0.9952 w=0.0948
07-10 18:25:04.349 25135 25135 W Finsky  : [2] STU: Failed to get storage stats for package 'com.google.android.adbd' (1601: Error getting stats: android.content.pm.PackageManager.NameNotFoundException)
07-10 18:25:04.349  7189  9030 V ClienteVrPandasz: android_activity::activity_impl: pollOnce id = -3
07-10 18:25:04.349  7189  9030 V ClienteVrPandasz: android_activity::activity_impl: ALooper_pollOnce returned POLL_TIMEOUT
07-10 18:25:04.350  7189  9032 I ClienteVrPandasz: cliente_vr_pandasz: head_quat x=-0.0098 y=-0.0197 z=0.9952 w=0.0948
07-10 18:25:04.353  7189  9030 V ClienteVrPandasz: android_activity::activity_impl: poll_events
07-10 18:25:04.353  7189  9030 V ClienteVrPandasz: android_activity::activity_impl: Calling ALooper_pollOnce, timeout = 16
07-10 18:25:04.360  7189  9032 I ClienteVrPandasz: cliente_vr_pandasz: head_quat x=-0.0098 y=-0.0197 z=0.9952 w=0.0948
07-10 18:25:04.369  7189  9030 V ClienteVrPandasz: android_activity::activity_impl: pollOnce id = -3
07-10 18:25:04.369  7189  9032 I ClienteVrPandasz: cliente_vr_pandasz: head_quat x=-0.0098 y=-0.0197 z=0.9952 w=0.0948
07-10 18:25:04.369  7189  9030 V ClienteVrPandasz: android_activity::activity_impl: ALooper_pollOnce returned POLL_TIMEOUT
07-10 18:25:04.374  7189  9030 V ClienteVrPandasz: android_activity::activity_impl: poll_events
07-10 18:25:04.374  7189  9030 V ClienteVrPandasz: android_activity::activity_impl: Calling ALooper_pollOnce, timeout = 16
07-10 18:25:04.379  7189  9032 I ClienteVrPandasz: cliente_vr_pandasz: head_quat x=-0.0098 y=-0.0197 z=0.9952 w=0.0948
07-10 18:25:04.389  7189  9032 I ClienteVrPandasz: cliente_vr_pandasz: head_quat x=-0.0098 y=-0.0197 z=0.9952 w=0.0948
07-10 18:25:04.390  7189  9030 V ClienteVrPandasz: android_activity::activity_impl: pollOnce id = -3
07-10 18:25:04.390  7189  9030 V ClienteVrPandasz: android_activity::activity_impl: ALooper_pollOnce returned POLL_TIMEOUT
07-10 18:25:04.394 25135 25135 W Finsky  : [2] STU: Failed to get storage stats for package 'com.android.i18n' (1601: Error getting stats: android.content.pm.PackageManager.NameNotFoundException)
07-10 18:25:04.394  7189  9030 V ClienteVrPandasz: android_activity::activity_impl: poll_events
07-10 18:25:04.394  7189  9030 V ClienteVrPandasz: android_activity::activity_impl: Calling ALooper_pollOnce, timeout = 16
07-10 18:25:04.398  7189  9032 I ClienteVrPandasz: cliente_vr_pandasz: head_quat x=-0.0098 y=-0.0197 z=0.9952 w=0.0948
07-10 18:25:04.408  7189  9032 I ClienteVrPandasz: cliente_vr_pandasz: head_quat x=-0.0098 y=-0.0197 z=0.9952 w=0.0948
07-10 18:25:04.410  7189  9030 V ClienteVrPandasz: android_activity::activity_impl: pollOnce id = -3
07-10 18:25:04.410  7189  9030 V ClienteVrPandasz: android_activity::activity_impl: ALooper_pollOnce returned POLL_TIMEOUT
07-10 18:25:04.413  7189  8973 I ndasz.clientevr: Compiler allocated 8111KB to compile void android.view.ViewRootImpl.performTraversals()
07-10 18:25:04.414  7189  9030 V ClienteVrPandasz: android_activity::activity_impl: poll_events
07-10 18:25:04.414  7189  9030 V ClienteVrPandasz: android_activity::activity_impl: Calling ALooper_pollOnce, timeout = 16
07-10 18:25:04.417  7189  9032 I ClienteVrPandasz: cliente_vr_pandasz: head_quat x=-0.0098 y=-0.0197 z=0.9952 w=0.0948
07-10 18:25:04.421 25135 25135 W Finsky  : [2] STU: Failed to get storage stats for package 'com.google.android.conscrypt' (1601: Error getting stats: android.content.pm.PackageManager.NameNotFoundException)
07-10 18:25:04.428  7189  9032 I ClienteVrPandasz: cliente_vr_pandasz: head_quat x=-0.0098 y=-0.0197 z=0.9952 w=0.0948
07-10 18:25:04.430  7189  9030 V ClienteVrPandasz: android_activity::activity_impl: pollOnce id = -3
07-10 18:25:04.431  7189  9030 V ClienteVrPandasz: android_activity::activity_impl: ALooper_pollOnce returned POLL_TIMEOUT
07-10 18:25:04.434  7189  9030 V ClienteVrPandasz: android_activity::activity_impl: poll_events
07-10 18:25:04.434  7189  9030 V ClienteVrPandasz: android_activity::activity_impl: Calling ALooper_pollOnce, timeout = 16
07-10 18:25:04.436  7189  9032 I ClienteVrPandasz: cliente_vr_pandasz: head_quat x=-0.0098 y=-0.0197 z=0.9952 w=0.0948
07-10 18:25:04.446  7189  9032 I ClienteVrPandasz: cliente_vr_pandasz: head_quat x=-0.0098 y=-0.0197 z=0.9952 w=0.0948
07-10 18:25:04.451  7189  9030 V ClienteVrPandasz: android_activity::activity_impl: pollOnce id = -3
07-10 18:25:04.451  7189  9030 V ClienteVrPandasz: android_activity::activity_impl: ALooper_pollOnce returned POLL_TIMEOUT
07-10 18:25:04.454  7189  9030 V ClienteVrPandasz: android_activity::activity_impl: poll_events
07-10 18:25:04.454  7189  9030 V ClienteVrPandasz: android_activity::activity_impl: Calling ALooper_pollOnce, timeout = 16
07-10 18:25:04.455  7189  9032 I ClienteVrPandasz: cliente_vr_pandasz: head_quat x=-0.0098 y=-0.0197 z=0.9952 w=0.0948
07-10 18:25:04.465  7189  9032 I ClienteVrPandasz: cliente_vr_pandasz: head_quat x=-0.0098 y=-0.0197 z=0.9952 w=0.0948
07-10 18:25:04.470  7189  9030 V ClienteVrPandasz: android_activity::activity_impl: pollOnce id = -3
07-10 18:25:04.470  7189  9030 V ClienteVrPandasz: android_activity::activity_impl: ALooper_pollOnce returned POLL_TIMEOUT
07-10 18:25:04.473  7189  9030 V ClienteVrPandasz: android_activity::activity_impl: poll_events
07-10 18:25:04.473  7189  9030 V ClienteVrPandasz: android_activity::activity_impl: Calling ALooper_pollOnce, timeout = 16
07-10 18:25:04.474  7189  9032 I ClienteVrPandasz: cliente_vr_pandasz: head_quat x=-0.0098 y=-0.0197 z=0.9952 w=0.0948
07-10 18:25:04.484  7189  9032 I ClienteVrPandasz: cliente_vr_pandasz: head_quat x=-0.0098 y=-0.0197 z=0.9952 w=0.0948
07-10 18:25:04.489  7189  9030 V ClienteVrPandasz: android_activity::activity_impl: pollOnce id = -3
07-10 18:25:04.489  7189  9030 V ClienteVrPandasz: android_activity::activity_impl: ALooper_pollOnce returned POLL_TIMEOUT
07-10 18:25:04.493  7189  9030 V ClienteVrPandasz: android_activity::activity_impl: poll_events
07-10 18:25:04.493  7189  9030 V ClienteVrPandasz: android_activity::activity_impl: Calling ALooper_pollOnce, timeout = 16
07-10 18:25:04.493  7189  9032 I ClienteVrPandasz: cliente_vr_pandasz: head_quat x=-0.0098 y=-0.0197 z=0.9953 w=0.0948
07-10 18:25:04.503  7189  9032 I ClienteVrPandasz: cliente_vr_pandasz: head_quat x=-0.0098 y=-0.0197 z=0.9953 w=0.0947
07-10 18:25:04.509  7189  9030 V ClienteVrPandasz: android_activity::activity_impl: pollOnce id = -3
07-10 18:25:04.509  7189  9030 V ClienteVrPandasz: android_activity::activity_impl: ALooper_pollOnce returned POLL_TIMEOUT
07-10 18:25:04.512  7189  9030 V ClienteVrPandasz: android_activity::activity_impl: poll_events
07-10 18:25:04.512  7189  9030 V ClienteVrPandasz: android_activity::activity_impl: Calling ALooper_pollOnce, timeout = 16
07-10 18:25:04.512  7189  9032 I ClienteVrPandasz: cliente_vr_pandasz: head_quat x=-0.0098 y=-0.0197 z=0.9953 w=0.0947
07-10 18:25:04.522  7189  9032 I ClienteVrPandasz: cliente_vr_pandasz: head_quat x=-0.0098 y=-0.0197 z=0.9953 w=0.0946
07-10 18:25:04.528  7189  9030 V ClienteVrPandasz: android_activity::activity_impl: pollOnce id = -3
07-10 18:25:04.529  7189  9030 V ClienteVrPandasz: android_activity::activity_impl: ALooper_pollOnce returned POLL_TIMEOUT
07-10 18:25:04.531  7189  9032 I ClienteVrPandasz: cliente_vr_pandasz: head_quat x=-0.0095 y=-0.0198 z=0.9954 w=0.0936
07-10 18:25:04.532  7189  9030 V ClienteVrPandasz: android_activity::activity_impl: poll_events
07-10 18:25:04.532  7189  9030 V ClienteVrPandasz: android_activity::activity_impl: Calling ALooper_pollOnce, timeout = 16
07-10 18:25:04.541  7189  9032 I ClienteVrPandasz: cliente_vr_pandasz: head_quat x=-0.0095 y=-0.0198 z=0.9954 w=0.0936
07-10 18:25:04.549  7189  9030 V ClienteVrPandasz: android_activity::activity_impl: pollOnce id = -3
07-10 18:25:04.549  7189  9030 V ClienteVrPandasz: android_activity::activity_impl: ALooper_pollOnce returned POLL_TIMEOUT
07-10 18:25:04.550  7189  9032 I ClienteVrPandasz: cliente_vr_pandasz: head_quat x=-0.0095 y=-0.0198 z=0.9954 w=0.0935
07-10 18:25:04.552  7189  9030 V ClienteVrPandasz: android_activity::activity_impl: poll_events
07-10 18:25:04.552  7189  9030 V ClienteVrPandasz: android_activity::activity_impl: Calling ALooper_pollOnce, timeout = 16
07-10 18:25:04.560  7189  9032 I ClienteVrPandasz: cliente_vr_pandasz: head_quat x=-0.0095 y=-0.0198 z=0.9954 w=0.0935
07-10 18:25:04.569  7189  9030 V ClienteVrPandasz: android_activity::activity_impl: pollOnce id = -3
07-10 18:25:04.569  7189  9030 V ClienteVrPandasz: android_activity::activity_impl: ALooper_pollOnce returned POLL_TIMEOUT
07-10 18:25:04.570  7189  9032 I ClienteVrPandasz: cliente_vr_pandasz: head_quat x=-0.0095 y=-0.0198 z=0.9954 w=0.0935
07-10 18:25:04.572  7189  9030 V ClienteVrPandasz: android_activity::activity_impl: poll_events
07-10 18:25:04.572  7189  9030 V ClienteVrPandasz: android_activity::activity_impl: Calling ALooper_pollOnce, timeout = 16
07-10 18:25:04.579  7189  9032 I ClienteVrPandasz: cliente_vr_pandasz: head_quat x=-0.0095 y=-0.0198 z=0.9954 w=0.0935
07-10 18:25:04.582 25135 25135 W Finsky  : [2] STU: Failed to get storage stats for package 'com.google.android.neuralnetworks' (1601: Error getting stats: android.content.pm.PackageManager.NameNotFoundException)
07-10 18:25:04.589  7189  9030 V ClienteVrPandasz: android_activity::activity_impl: pollOnce id = -3
07-10 18:25:04.589  7189  9032 I ClienteVrPandasz: cliente_vr_pandasz: head_quat x=-0.0095 y=-0.0198 z=0.9954 w=0.0935
07-10 18:25:04.589  7189  9030 V ClienteVrPandasz: android_activity::activity_impl: ALooper_pollOnce returned POLL_TIMEOUT
07-10 18:25:04.591 25135 25135 W Finsky  : [2] STU: Failed to get storage stats for package 'com.google.android.ipsec' (1601: Error getting stats: android.content.pm.PackageManager.NameNotFoundException)
07-10 18:25:04.592  7189  9030 V ClienteVrPandasz: android_activity::activity_impl: poll_events
07-10 18:25:04.593  7189  9030 V ClienteVrPandasz: android_activity::activity_impl: Calling ALooper_pollOnce, timeout = 16
07-10 18:25:04.599  7189  9032 I ClienteVrPandasz: cliente_vr_pandasz: head_quat x=-0.0095 y=-0.0198 z=0.9954 w=0.0934
07-10 18:25:04.608  7189  9032 I ClienteVrPandasz: cliente_vr_pandasz: head_quat x=-0.0095 y=-0.0198 z=0.9954 w=0.0934
07-10 18:25:04.609  7189  9030 V ClienteVrPandasz: android_activity::activity_impl: pollOnce id = -3
07-10 18:25:04.609  7189  9030 V ClienteVrPandasz: android_activity::activity_impl: ALooper_pollOnce returned POLL_TIMEOUT
07-10 18:25:04.612  7189  9030 V ClienteVrPandasz: android_activity::activity_impl: poll_events
07-10 18:25:04.612  7189  9030 V ClienteVrPandasz: android_activity::activity_impl: Calling ALooper_pollOnce, timeout = 16
07-10 18:25:04.618  7189  9032 I ClienteVrPandasz: cliente_vr_pandasz: head_quat x=-0.0095 y=-0.0196 z=0.9955 w=0.0927
07-10 18:25:04.627  7189  9032 I ClienteVrPandasz: cliente_vr_pandasz: head_quat x=-0.0095 y=-0.0196 z=0.9955 w=0.0926
07-10 18:25:04.629  7189  9030 V ClienteVrPandasz: android_activity::activity_impl: pollOnce id = -3
07-10 18:25:04.629  7189  9030 V ClienteVrPandasz: android_activity::activity_impl: ALooper_pollOnce returned POLL_TIMEOUT
07-10 18:25:04.632  7189  9030 V ClienteVrPandasz: android_activity::activity_impl: poll_events
07-10 18:25:04.632  7189  9030 V ClienteVrPandasz: android_activity::activity_impl: Calling ALooper_pollOnce, timeout = 16
07-10 18:25:04.637  7189  9032 I ClienteVrPandasz: cliente_vr_pandasz: head_quat x=-0.0095 y=-0.0196 z=0.9955 w=0.0926
07-10 18:25:04.646  7189  9032 I ClienteVrPandasz: cliente_vr_pandasz: head_quat x=-0.0095 y=-0.0196 z=0.9955 w=0.0926
07-10 18:25:04.648  7189  9030 V ClienteVrPandasz: android_activity::activity_impl: pollOnce id = -3
07-10 18:25:04.648  7189  9030 V ClienteVrPandasz: android_activity::activity_impl: ALooper_pollOnce returned POLL_TIMEOUT
07-10 18:25:04.652  7189  9030 V ClienteVrPandasz: android_activity::activity_impl: poll_events
07-10 18:25:04.652  7189  9030 V ClienteVrPandasz: android_activity::activity_impl: Calling ALooper_pollOnce, timeout = 16
07-10 18:25:04.657  7189  9032 I ClienteVrPandasz: cliente_vr_pandasz: head_quat x=-0.0095 y=-0.0196 z=0.9955 w=0.0926
07-10 18:25:04.668  7189  9032 I ClienteVrPandasz: cliente_vr_pandasz: head_quat x=-0.0095 y=-0.0196 z=0.9955 w=0.0926
07-10 18:25:04.668  7189  9030 V ClienteVrPandasz: android_activity::activity_impl: pollOnce id = -3
07-10 18:25:04.669  7189  9030 V ClienteVrPandasz: android_activity::activity_impl: ALooper_pollOnce returned POLL_TIMEOUT
07-10 18:25:04.669  7189  9033 V ClienteVrPandasz: jni::wrapper::java_vm::vm: calling unchecked JavaVM method: GetEnv
07-10 18:25:04.669  7189  9033 V ClienteVrPandasz: jni::wrapper::java_vm::vm: looking up JavaVM method GetEnv
07-10 18:25:04.669  7189  9033 V ClienteVrPandasz: jni::wrapper::java_vm::vm: found JavaVM method
07-10 18:25:04.669  7189  9033 V ClienteVrPandasz: jni::wrapper::java_vm::vm: calling unchecked JavaVM method: AttachCurrentThread
07-10 18:25:04.669  7189  9033 V ClienteVrPandasz: jni::wrapper::java_vm::vm: looking up JavaVM method AttachCurrentThread
07-10 18:25:04.669  7189  9033 V ClienteVrPandasz: jni::wrapper::java_vm::vm: found JavaVM method
07-10 18:25:04.669  7189  7189 D ClienteVrPandasz: android_activity::activity_impl::glue: Resume: 0xb4000076b001e650
07-10 18:25:04.669  7189  9033 D ClienteVrPandasz: jni::wrapper::java_vm::vm: Attached thread  (ThreadId(4)). 1 threads attached
07-10 18:25:04.670  7189  9033 V ClienteVrPandasz: jni::wrapper::jnienv: calling checked jni method: NewStringUTF
07-10 18:25:04.670  7189  9033 V ClienteVrPandasz: jni::wrapper::jnienv: looking up jni method NewStringUTF
07-10 18:25:04.670  7189  9033 V ClienteVrPandasz: jni::wrapper::jnienv: found jni method
07-10 18:25:04.670  7189  9033 V ClienteVrPandasz: jni::wrapper::jnienv: checking for exception
07-10 18:25:04.670  7189  9033 V ClienteVrPandasz: jni::wrapper::jnienv: calling unchecked jni method: ExceptionCheck
07-10 18:25:04.670  7189  9033 V ClienteVrPandasz: jni::wrapper::jnienv: looking up jni method ExceptionCheck
07-10 18:25:04.670  7189  9033 V ClienteVrPandasz: jni::wrapper::jnienv: found jni method
07-10 18:25:04.670  7189  9033 V ClienteVrPandasz: jni::wrapper::jnienv: no exception found
07-10 18:25:04.670  7189  9033 V ClienteVrPandasz: jni::wrapper::jnienv: calling unchecked jni method: GetObjectClass
07-10 18:25:04.670  7189  9033 V ClienteVrPandasz: jni::wrapper::jnienv: looking up jni method GetObjectClass
07-10 18:25:04.670  7189  9033 V ClienteVrPandasz: jni::wrapper::jnienv: found jni method
07-10 18:25:04.670  7189  9033 V ClienteVrPandasz: jni::wrapper::objects::jvalue: converted Object(JObject { internal: 0x7afabf900d, lifetime: PhantomData<&()> }) to jvalue 528192868365
07-10 18:25:04.670  7189  9033 V ClienteVrPandasz: jni::wrapper::jnienv: calling checked jni method: GetMethodID
07-10 18:25:04.670  7189  9033 V ClienteVrPandasz: jni::wrapper::jnienv: looking up jni method GetMethodID
07-10 18:25:04.670  7189  9033 V ClienteVrPandasz: jni::wrapper::jnienv: found jni method
07-10 18:25:04.671  7189  9033 V ClienteVrPandasz: jni::wrapper::jnienv: checking for exception
07-10 18:25:04.671  7189  9033 V ClienteVrPandasz: jni::wrapper::jnienv: calling unchecked jni method: ExceptionCheck
07-10 18:25:04.671  7189  9033 V ClienteVrPandasz: jni::wrapper::jnienv: looking up jni method ExceptionCheck
07-10 18:25:04.671  7189  9033 V ClienteVrPandasz: jni::wrapper::jnienv: found jni method
07-10 18:25:04.671  7189  9033 V ClienteVrPandasz: jni::wrapper::jnienv: no exception found
07-10 18:25:04.672  7189  9033 V ClienteVrPandasz: jni::wrapper::jnienv: calling checked jni method: CallIntMethodA
07-10 18:25:04.672  7189  9033 V ClienteVrPandasz: jni::wrapper::jnienv: looking up jni method CallIntMethodA
07-10 18:25:04.672  7189  9033 V ClienteVrPandasz: jni::wrapper::jnienv: found jni method
07-10 18:25:04.672  7189  9030 V ClienteVrPandasz: android_activity::activity_impl: poll_events
07-10 18:25:04.672  7189  9033 V ClienteVrPandasz: jni::wrapper::jnienv: checking for exception
07-10 18:25:04.672  7189  9033 V ClienteVrPandasz: jni::wrapper::jnienv: calling unchecked jni method: ExceptionCheck
07-10 18:25:04.672  7189  9033 V ClienteVrPandasz: jni::wrapper::jnienv: looking up jni method ExceptionCheck
07-10 18:25:04.672  7189  9030 V ClienteVrPandasz: android_activity::activity_impl: Calling ALooper_pollOnce, timeout = 16
07-10 18:25:04.672  7189  9033 V ClienteVrPandasz: jni::wrapper::jnienv: found jni method
07-10 18:25:04.672  7189  9033 V ClienteVrPandasz: jni::wrapper::jnienv: no exception found
07-10 18:25:04.672  7189  9033 V ClienteVrPandasz: jni::wrapper::jnienv: calling unchecked jni method: DeleteLocalRef
07-10 18:25:04.672  7189  9033 V ClienteVrPandasz: jni::wrapper::jnienv: looking up jni method DeleteLocalRef
07-10 18:25:04.672  7189  9033 V ClienteVrPandasz: jni::wrapper::jnienv: found jni method
07-10 18:25:04.672  7189  9030 V ClienteVrPandasz: android_activity::activity_impl: pollOnce id = 1
07-10 18:25:04.672  7189  9030 V ClienteVrPandasz: android_activity::activity_impl: ALooper_pollOnce returned ID_MAIN
07-10 18:25:04.672  7189  9030 V ClienteVrPandasz: android_activity::activity_impl: Calling pre_exec_cmd(Resume)
07-10 18:25:04.672  7189  9030 V ClienteVrPandasz: android_activity::activity_impl::glue: Pre: AppCmd::Resume
07-10 18:25:04.672  7189  9033 V ClienteVrPandasz: jni::wrapper::java_vm::vm: calling unchecked JavaVM method: DetachCurrentThread
07-10 18:25:04.672  7189  9033 V ClienteVrPandasz: jni::wrapper::java_vm::vm: looking up JavaVM method DetachCurrentThread
07-10 18:25:04.672  7189  9033 V ClienteVrPandasz: jni::wrapper::java_vm::vm: found JavaVM method
07-10 18:25:04.672  7189  9033 D ClienteVrPandasz: jni::wrapper::java_vm::vm: Detached thread  (ThreadId(4)). 0 threads remain attached
07-10 18:25:04.672  7189  9033 I ClienteVrPandasz: cliente_vr_pandasz::camara: Permiso de cámara concedido, continuando...
07-10 18:25:04.673  7189  9030 V ClienteVrPandasz: android_activity::activity_impl: Invoking callback for ID_MAIN command = Resume { loader: StateLoader { app: AndroidAppInner { jvm: JavaVM(0xb4000076e0011850), native_activity: NativeActivityGlue { inner: WaitableNativeActivityState { mutex: Mutex { data: NativeActivityState { destroyed: false, activity: 0xb4000076b001e650, msg_read: 142, msg_write: 143, config: Configuration { mcc: 732, mnc: Some(123), lang: Some("es"), country: Some("CO"), orientation: Land, touchscreen: Finger, density: Some(440), keyboard: NoKeys, navigation: NoNav, keys_hidden: Soft, nav_hidden: Any, sdk_version: 35, screen_size: Normal, screen_long: Yes, ui_mode_type: Normal, ui_mode_night: Yes }, saved_state: [], input_queue: 0xb400007750020f60, window: Some(NativeWindow { ptr: 0xb400007650048bf0 }), content_rect: ARect { left: 0, top: 0, right: 2316, bottom: 1080 }, activity_state: Resume, destroy_requested: false, thread_state: Running, app_has_saved_state: false, pending_input_queue: 0x0, pending_window: None }, poisoned: false, .. }, cond: Condvar { .. } } }, activity: Global { obj: JObject { internal: 0x3306, lifetime: PhantomData<&()> } }, main_callbacks: MainCallbacks { inner: MainCallbacksState { _pending_detach: false, event_fd: 144, callbacks: Mutex { data: CallbackBuffers { front: 0, back: 0 }, poisoned: false, .. } } }, looper: ForeignLooper { ptr: 0xb4000076a0019d30 }, main_looper: ForeignLooper { ptr: 0xb4000076a0010c10 }, key_maps: Mutex { data: {}, poisoned: false, .. }, input_receiver: Mutex { data: None, poisoned: false, .. }, app_asset_manager: AssetManager { ptr: 0xb4000077e0010e30 } } } }
07-10 18:25:04.673  7189  9030 V ClienteVrPandasz: android_activity::activity_impl: Calling post_exec_cmd(Resume)
07-10 18:25:04.673  7189  9030 V ClienteVrPandasz: android_activity::activity_impl::glue: Post: AppCmd::Resume
07-10 18:25:04.675  7189  9032 I ClienteVrPandasz: cliente_vr_pandasz: head_quat x=-0.0095 y=-0.0196 z=0.9955 w=0.0926
07-10 18:25:04.675  7189  9030 V ClienteVrPandasz: android_activity::activity_impl: poll_events
07-10 18:25:04.675  7189  9030 V ClienteVrPandasz: android_activity::activity_impl: Calling ALooper_pollOnce, timeout = 16
07-10 18:25:04.675  7189  9033 D MediaCodec: CreateByType: pid -1(7189)
07-10 18:25:04.675  7189  9033 D MediaCodec: CreateByType: mime video/avc, encoder 1 pid -1
07-10 18:25:04.675  7189  9033 D MediaCodec: get client pid:-1
07-10 18:25:04.676  7189  9033 D MediaCodec: can't get client name
07-10 18:25:04.676  7189  9033 D MediaCodecList: processName: com.pandasz.clientevr , mime: video/avc
07-10 18:25:04.677  7189  9033 D MediaCodecList: codecHandlesFormat: no format, so no extra checks
07-10 18:25:04.678  7189  9033 D MediaCodecList: codecHandlesFormat: no format, so no extra checks
07-10 18:25:04.679  7189  9033 I VideoRenderQualityTracker: mConfiguration.enabled:0
07-10 18:25:04.684  7189  9032 I ClienteVrPandasz: cliente_vr_pandasz: head_quat x=-0.0095 y=-0.0196 z=0.9955 w=0.0926
07-10 18:25:04.687  7189  9033 D CCodecBufferChannel: mBufferCountDebug=0 mIsUserLoad=1 renderMetricsEnabled=0
07-10 18:25:04.687  7189  9033 I CCodecBufferChannel: Constructor 0xb400007790047d10
07-10 18:25:04.687  7189  9033 I CCodecBufferChannel: mIsVivoLogEnable = 0
07-10 18:25:04.687  7189  9033 D MediaCodec: [0xb40000763007a350] init: CCodec 0xb4000077500279c0, CCodecBufferChannel 0xb400007790047d10
07-10 18:25:04.687  7189  9082 D MediaCodec: [0xb40000763007a350] setState: 1
07-10 18:25:04.687  7189  9083 D CCodec  : allocate(c2.mtk.avc.encoder)
07-10 18:25:04.691  7189  9030 V ClienteVrPandasz: android_activity::activity_impl: pollOnce id = -3
07-10 18:25:04.691  7189  9030 V ClienteVrPandasz: android_activity::activity_impl: ALooper_pollOnce returned POLL_TIMEOUT
07-10 18:25:04.693  7189  9032 I ClienteVrPandasz: cliente_vr_pandasz: head_quat x=-0.0095 y=-0.0196 z=0.9955 w=0.0926
07-10 18:25:04.693  7189  9030 V ClienteVrPandasz: android_activity::activity_impl: poll_events
07-10 18:25:04.694  7189  9030 V ClienteVrPandasz: android_activity::activity_impl: Calling ALooper_pollOnce, timeout = 16
07-10 18:25:04.694  7189  9083 I Codec2Client: Cache codec-service name runing in process:com.pandasz.clientevr
07-10 18:25:04.694  7189  9083 I Codec2Client: Available Codec2 services: "default" "software" "vivocodec"
07-10 18:25:04.698  7189  9083 I CCodec  : setting up 'default' as default (vendor) store
07-10 18:25:04.704  7189  9032 I ClienteVrPandasz: cliente_vr_pandasz: head_quat x=-0.0095 y=-0.0196 z=0.9955 w=0.0926
07-10 18:25:04.710  7189  9030 V ClienteVrPandasz: android_activity::activity_impl: pollOnce id = -3
07-10 18:25:04.710  7189  9030 V ClienteVrPandasz: android_activity::activity_impl: ALooper_pollOnce returned POLL_TIMEOUT
07-10 18:25:04.714  7189  9032 I ClienteVrPandasz: cliente_vr_pandasz: head_quat x=-0.0095 y=-0.0196 z=0.9955 w=0.0926
07-10 18:25:04.720  7189  9030 V ClienteVrPandasz: android_activity::activity_impl: poll_events
07-10 18:25:04.720  7189  9030 V ClienteVrPandasz: android_activity::activity_impl: Calling ALooper_pollOnce, timeout = 16
07-10 18:25:04.728  7189  9083 I CCodec  : Created component [c2.mtk.avc.encoder]
07-10 18:25:04.728  7189  9083 D CCodecBufferChannel: [0xb400007790047d10] setComponent: mName c2.mtk.avc.encoder#412, mPipelineWatcher 0xb4000077900481f8
07-10 18:25:04.728  7189  9083 D CCodecBufferChannel: PipelineWatcher debug info [c2.mtk.avc.encoder#412] enable=0
07-10 18:25:04.729  7189  9083 D CCodecConfig: read media type: video/avc
07-10 18:25:04.731  7189  9032 I ClienteVrPandasz: cliente_vr_pandasz: head_quat x=-0.0095 y=-0.0196 z=0.9955 w=0.0926
07-10 18:25:04.733  7189  9032 I ClienteVrPandasz: cliente_vr_pandasz: head_quat x=-0.0095 y=-0.0196 z=0.9955 w=0.0926
07-10 18:25:04.734  7189  9083 D ReflectedParamUpdater: extent() != 1 for single value type: algo.buffers.max-count.values
07-10 18:25:04.734  7189  9083 D ReflectedParamUpdater: extent() != 1 for single value type: output.subscribed-indices.values
07-10 18:25:04.734  7189  9083 D ReflectedParamUpdater: extent() != 1 for single value type: input.buffers.allocator-ids.values
07-10 18:25:04.734  7189  9083 D ReflectedParamUpdater: extent() != 1 for single value type: output.buffers.allocator-ids.values
07-10 18:25:04.735  7189  9083 D ReflectedParamUpdater: extent() != 1 for single value type: algo.buffers.allocator-ids.values
07-10 18:25:04.735  7189  9083 D ReflectedParamUpdater: extent() != 1 for single value type: output.buffers.pool-ids.values
07-10 18:25:04.735  7189  9083 D ReflectedParamUpdater: extent() != 1 for single value type: algo.buffers.pool-ids.values
07-10 18:25:04.736  7189  9030 V ClienteVrPandasz: android_activity::activity_impl: pollOnce id = -3
07-10 18:25:04.736  7189  9030 V ClienteVrPandasz: android_activity::activity_impl: ALooper_pollOnce returned POLL_TIMEOUT
07-10 18:25:04.737  7189  9030 V ClienteVrPandasz: android_activity::activity_impl: poll_events
07-10 18:25:04.737  7189  9030 V ClienteVrPandasz: android_activity::activity_impl: Calling ALooper_pollOnce, timeout = 16
07-10 18:25:04.739  7189  9083 D ReflectedParamUpdater: ignored struct field coding.gop.values
07-10 18:25:04.741  7189  9032 I ClienteVrPandasz: cliente_vr_pandasz: head_quat x=-0.0095 y=-0.0196 z=0.9955 w=0.0926
07-10 18:25:04.742  7189  7189 D ClienteVrPandasz: android_activity::activity_impl::glue: WindowFocusChanged: 0xb4000076b001e650 -- 1
07-10 18:25:04.742  7189  9030 V ClienteVrPandasz: android_activity::activity_impl: pollOnce id = 1
07-10 18:25:04.742  7189  9030 V ClienteVrPandasz: android_activity::activity_impl: ALooper_pollOnce returned ID_MAIN
07-10 18:25:04.742  7189  9030 V ClienteVrPandasz: android_activity::activity_impl: Calling pre_exec_cmd(GainedFocus)
07-10 18:25:04.742  7189  9030 V ClienteVrPandasz: android_activity::activity_impl::glue: Pre: AppCmd::GainedFocus
07-10 18:25:04.742  7189  7189 V ImeFocusController: onWindowFocus: com.android.internal.policy.DecorView{72c5e3c V.E...... R.....ID 0,0-2316,1080}[NativeActivity] softInputMode=STATE_UNSPECIFIED|ADJUST_RESIZE|IS_FORWARD_NAVIGATION
07-10 18:25:04.742  7189  9030 V ClienteVrPandasz: android_activity::activity_impl: Invoking callback for ID_MAIN command = GainedFocus
07-10 18:25:04.742  7189  9030 V ClienteVrPandasz: android_activity::activity_impl: Calling post_exec_cmd(GainedFocus)
07-10 18:25:04.742  7189  9030 V ClienteVrPandasz: android_activity::activity_impl::glue: Post: AppCmd::GainedFocus
07-10 18:25:04.742  7189  9083 D ReflectedParamUpdater: ignored struct field coding.qp.values
07-10 18:25:04.743  7189  9083 D CCodecConfig: ignoring local param raw.color (0xc2001809) as it is already supported
07-10 18:25:04.744  7189  9083 I CCodecConfig: query failed after returning 22 values (BAD_INDEX)
07-10 18:25:04.745  7189  9083 D CCodecConfig: c2 config diff is Dict {
07-10 18:25:04.745  7189  9083 D CCodecConfig:   c2::u32 algo.bitrate-mode.value = 3
07-10 18:25:04.745  7189  9083 D CCodecConfig:   c2::u32 algo.delay.value = 8
