07-10 18:25:03.129  7189  9030 V ClienteVrPandasz: jni::wrapper::jnienv: found jni method
07-10 18:25:03.129  7189  9030 V ClienteVrPandasz: jni::wrapper::objects::jvalue: converted Int(5894) to jvalue 502511179526
07-10 18:25:03.129  7189  9030 V ClienteVrPandasz: jni::wrapper::jnienv: calling checked jni method: GetMethodID
07-10 18:25:03.129  7189  9030 V ClienteVrPandasz: jni::wrapper::jnienv: looking up jni method GetMethodID
07-10 18:25:03.129  7189  9030 V ClienteVrPandasz: jni::wrapper::jnienv: found jni method
07-10 18:25:03.130  7189  9030 V ClienteVrPandasz: jni::wrapper::jnienv: checking for exception
07-10 18:25:03.130  7189  9030 V ClienteVrPandasz: jni::wrapper::jnienv: calling unchecked jni method: ExceptionCheck
07-10 18:25:03.130  7189  9030 V ClienteVrPandasz: jni::wrapper::jnienv: looking up jni method ExceptionCheck
07-10 18:25:03.130  7189  9030 V ClienteVrPandasz: jni::wrapper::jnienv: found jni method
07-10 18:25:03.130  7189  9030 V ClienteVrPandasz: jni::wrapper::jnienv: no exception found
07-10 18:25:03.130  7189  9030 V ClienteVrPandasz: jni::wrapper::jnienv: calling checked jni method: CallVoidMethodA
07-10 18:25:03.130  7189  9030 V ClienteVrPandasz: jni::wrapper::jnienv: looking up jni method CallVoidMethodA
07-10 18:25:03.130  7189  9030 V ClienteVrPandasz: jni::wrapper::jnienv: found jni method
07-10 18:25:03.130  7189  9030 V ClienteVrPandasz: jni::wrapper::jnienv: checking for exception
07-10 18:25:03.130  7189  9030 V ClienteVrPandasz: jni::wrapper::jnienv: calling unchecked jni method: ExceptionCheck
07-10 18:25:03.130  7189  9030 V ClienteVrPandasz: jni::wrapper::jnienv: looking up jni method ExceptionCheck
07-10 18:25:03.130  7189  9030 V ClienteVrPandasz: jni::wrapper::jnienv: found jni method
07-10 18:25:03.130  7189  9030 V ClienteVrPandasz: jni::wrapper::jnienv: no exception found
07-10 18:25:03.130  7189  9030 V ClienteVrPandasz: jni::wrapper::jnienv: calling unchecked jni method: DeleteLocalRef
07-10 18:25:03.130  7189  9030 V ClienteVrPandasz: jni::wrapper::jnienv: looking up jni method DeleteLocalRef
07-10 18:25:03.130  7189  9030 V ClienteVrPandasz: jni::wrapper::jnienv: found jni method
07-10 18:25:03.130  7189  9030 V ClienteVrPandasz: jni::wrapper::java_vm::vm: calling unchecked JavaVM method: GetEnv
07-10 18:25:03.130  7189  9030 V ClienteVrPandasz: jni::wrapper::java_vm::vm: looking up JavaVM method GetEnv
07-10 18:25:03.130  7189  9030 V ClienteVrPandasz: jni::wrapper::java_vm::vm: found JavaVM method
07-10 18:25:03.130  7189  9030 V ClienteVrPandasz: jni::wrapper::jnienv: calling checked jni method: NewStringUTF
07-10 18:25:03.130  7189  9030 V ClienteVrPandasz: jni::wrapper::jnienv: looking up jni method NewStringUTF
07-10 18:25:03.130  7189  9030 V ClienteVrPandasz: jni::wrapper::jnienv: found jni method
07-10 18:25:03.130  7189  9030 V ClienteVrPandasz: jni::wrapper::jnienv: checking for exception
07-10 18:25:03.130  7189  9030 V ClienteVrPandasz: jni::wrapper::jnienv: calling unchecked jni method: ExceptionCheck
07-10 18:25:03.130  7189  9030 V ClienteVrPandasz: jni::wrapper::jnienv: looking up jni method ExceptionCheck
07-10 18:25:03.130  7189  9030 V ClienteVrPandasz: jni::wrapper::jnienv: found jni method
07-10 18:25:03.130  7189  9030 V ClienteVrPandasz: jni::wrapper::jnienv: no exception found
07-10 18:25:03.130  7189  9030 V ClienteVrPandasz: jni::wrapper::jnienv: calling unchecked jni method: GetObjectClass
07-10 18:25:03.130  7189  9030 V ClienteVrPandasz: jni::wrapper::jnienv: looking up jni method GetObjectClass
07-10 18:25:03.130  7189  9030 V ClienteVrPandasz: jni::wrapper::jnienv: found jni method
07-10 18:25:03.130  7189  9030 V ClienteVrPandasz: jni::wrapper::objects::jvalue: converted Object(JObject { internal: 0x7afc8b8209, lifetime: PhantomData<&()> }) to jvalue 528223011337
07-10 18:25:03.130  7189  9030 V ClienteVrPandasz: jni::wrapper::jnienv: calling checked jni method: GetMethodID
07-10 18:25:03.130  7189  9030 V ClienteVrPandasz: jni::wrapper::jnienv: looking up jni method GetMethodID
07-10 18:25:03.130  7189  9030 V ClienteVrPandasz: jni::wrapper::jnienv: found jni method
07-10 18:25:03.130  7189  9030 V ClienteVrPandasz: jni::wrapper::jnienv: checking for exception
07-10 18:25:03.130  7189  9030 V ClienteVrPandasz: jni::wrapper::jnienv: calling unchecked jni method: ExceptionCheck
07-10 18:25:03.130  7189  9030 V ClienteVrPandasz: jni::wrapper::jnienv: looking up jni method ExceptionCheck
07-10 18:25:03.130  7189  9030 V ClienteVrPandasz: jni::wrapper::jnienv: found jni method
07-10 18:25:03.130  7189  9030 V ClienteVrPandasz: jni::wrapper::jnienv: no exception found
07-10 18:25:03.130  7189  9030 V ClienteVrPandasz: jni::wrapper::jnienv: calling checked jni method: CallIntMethodA
07-10 18:25:03.130  7189  9030 V ClienteVrPandasz: jni::wrapper::jnienv: looking up jni method CallIntMethodA
07-10 18:25:03.130  7189  9030 V ClienteVrPandasz: jni::wrapper::jnienv: found jni method
07-10 18:25:03.131  7189  9030 V ClienteVrPandasz: jni::wrapper::jnienv: checking for exception
07-10 18:25:03.131  7189  9030 V ClienteVrPandasz: jni::wrapper::jnienv: calling unchecked jni method: ExceptionCheck
07-10 18:25:03.131  7189  9030 V ClienteVrPandasz: jni::wrapper::jnienv: looking up jni method ExceptionCheck
07-10 18:25:03.131  7189  9030 V ClienteVrPandasz: jni::wrapper::jnienv: found jni method
07-10 18:25:03.131  7189  9030 V ClienteVrPandasz: jni::wrapper::jnienv: no exception found
07-10 18:25:03.131  7189  9030 V ClienteVrPandasz: jni::wrapper::jnienv: calling unchecked jni method: DeleteLocalRef
07-10 18:25:03.131  7189  9030 V ClienteVrPandasz: jni::wrapper::jnienv: looking up jni method DeleteLocalRef
07-10 18:25:03.131  7189  9030 V ClienteVrPandasz: jni::wrapper::jnienv: found jni method
07-10 18:25:03.131  7189  9030 V ClienteVrPandasz: jni::wrapper::java_vm::vm: calling unchecked JavaVM method: GetEnv
07-10 18:25:03.131  7189  9030 V ClienteVrPandasz: jni::wrapper::java_vm::vm: looking up JavaVM method GetEnv
07-10 18:25:03.131  7189  9030 V ClienteVrPandasz: jni::wrapper::java_vm::vm: found JavaVM method
07-10 18:25:03.131  7189  9030 I ClienteVrPandasz: cliente_vr_pandasz: Pidiendo permiso de cámara al usuario...
07-10 18:25:03.131  7189  9030 V ClienteVrPandasz: jni::wrapper::jnienv: calling checked jni method: NewStringUTF
07-10 18:25:03.132  7189  9030 V ClienteVrPandasz: jni::wrapper::jnienv: looking up jni method NewStringUTF
07-10 18:25:03.132  7189  9030 V ClienteVrPandasz: jni::wrapper::jnienv: found jni method
07-10 18:25:03.132  7189  9030 V ClienteVrPandasz: jni::wrapper::jnienv: checking for exception
07-10 18:25:03.132  7189  9030 V ClienteVrPandasz: jni::wrapper::jnienv: calling unchecked jni method: ExceptionCheck
07-10 18:25:03.132  7189  9030 V ClienteVrPandasz: jni::wrapper::jnienv: looking up jni method ExceptionCheck
07-10 18:25:03.132  7189  9030 V ClienteVrPandasz: jni::wrapper::jnienv: found jni method
07-10 18:25:03.132  7189  9030 V ClienteVrPandasz: jni::wrapper::jnienv: no exception found
07-10 18:25:03.132  7189  9030 V ClienteVrPandasz: jni::wrapper::jnienv: calling checked jni method: FindClass
07-10 18:25:03.132  7189  9030 V ClienteVrPandasz: jni::wrapper::jnienv: looking up jni method FindClass
07-10 18:25:03.132  7189  9030 V ClienteVrPandasz: jni::wrapper::jnienv: found jni method
07-10 18:25:03.132  7189  9030 V ClienteVrPandasz: jni::wrapper::jnienv: checking for exception
07-10 18:25:03.132  7189  9030 V ClienteVrPandasz: jni::wrapper::jnienv: calling unchecked jni method: ExceptionCheck
07-10 18:25:03.132  7189  9030 V ClienteVrPandasz: jni::wrapper::jnienv: looking up jni method ExceptionCheck
07-10 18:25:03.132  7189  9030 V ClienteVrPandasz: jni::wrapper::jnienv: found jni method
07-10 18:25:03.132  7189  9030 V ClienteVrPandasz: jni::wrapper::jnienv: no exception found
07-10 18:25:03.132  7189  9030 V ClienteVrPandasz: jni::wrapper::jnienv: calling checked jni method: NewObjectArray
07-10 18:25:03.132  7189  9030 V ClienteVrPandasz: jni::wrapper::jnienv: looking up jni method NewObjectArray
07-10 18:25:03.132  7189  9030 V ClienteVrPandasz: jni::wrapper::jnienv: found jni method
07-10 18:25:03.132  7189  9030 V ClienteVrPandasz: jni::wrapper::jnienv: checking for exception
07-10 18:25:03.132  7189  9030 V ClienteVrPandasz: jni::wrapper::jnienv: calling unchecked jni method: ExceptionCheck
07-10 18:25:03.132  7189  9030 V ClienteVrPandasz: jni::wrapper::jnienv: looking up jni method ExceptionCheck
07-10 18:25:03.132  7189  9030 V ClienteVrPandasz: jni::wrapper::jnienv: found jni method
07-10 18:25:03.132  7189  9030 V ClienteVrPandasz: jni::wrapper::jnienv: no exception found
07-10 18:25:03.132  7189  9030 V ClienteVrPandasz: jni::wrapper::jnienv: calling unchecked jni method: DeleteLocalRef
07-10 18:25:03.132  7189  9030 V ClienteVrPandasz: jni::wrapper::jnienv: looking up jni method DeleteLocalRef
07-10 18:25:03.132  7189  9030 V ClienteVrPandasz: jni::wrapper::jnienv: found jni method
07-10 18:25:03.133  7189  9030 V ClienteVrPandasz: jni::wrapper::jnienv: calling unchecked jni method: GetObjectClass
07-10 18:25:03.133  7189  9030 V ClienteVrPandasz: jni::wrapper::jnienv: looking up jni method GetObjectClass
07-10 18:25:03.133  7189  9030 V ClienteVrPandasz: jni::wrapper::jnienv: found jni method
07-10 18:25:03.133  7189  9030 V ClienteVrPandasz: jni::wrapper::objects::jvalue: converted Object(JObject { internal: 0x7afc8b8265, lifetime: PhantomData<&()> }) to jvalue 528223011429
07-10 18:25:03.133  7189  9030 V ClienteVrPandasz: jni::wrapper::objects::jvalue: converted Int(1001) to jvalue 523986011113
07-10 18:25:03.133  7189  9030 V ClienteVrPandasz: jni::wrapper::jnienv: calling checked jni method: GetMethodID
07-10 18:25:03.133  7189  9030 V ClienteVrPandasz: jni::wrapper::jnienv: looking up jni method GetMethodID
07-10 18:25:03.133  7189  9030 V ClienteVrPandasz: jni::wrapper::jnienv: found jni method
07-10 18:25:03.133  7189  9030 V ClienteVrPandasz: jni::wrapper::jnienv: checking for exception
07-10 18:25:03.133  7189  9030 V ClienteVrPandasz: jni::wrapper::jnienv: calling unchecked jni method: ExceptionCheck
07-10 18:25:03.133  7189  9030 V ClienteVrPandasz: jni::wrapper::jnienv: looking up jni method ExceptionCheck
07-10 18:25:03.133  7189  9030 V ClienteVrPandasz: jni::wrapper::jnienv: found jni method
07-10 18:25:03.133  7189  9030 V ClienteVrPandasz: jni::wrapper::jnienv: no exception found
07-10 18:25:03.133  7189  9030 V ClienteVrPandasz: jni::wrapper::jnienv: calling checked jni method: CallVoidMethodA
07-10 18:25:03.133  7189  9030 V ClienteVrPandasz: jni::wrapper::jnienv: looking up jni method CallVoidMethodA
07-10 18:25:03.133  7189  9030 V ClienteVrPandasz: jni::wrapper::jnienv: found jni method
07-10 18:25:03.159  7189  9030 V ClienteVrPandasz: jni::wrapper::jnienv: checking for exception
07-10 18:25:03.159  7189  9030 V ClienteVrPandasz: jni::wrapper::jnienv: calling unchecked jni method: ExceptionCheck
07-10 18:25:03.159  7189  9030 V ClienteVrPandasz: jni::wrapper::jnienv: looking up jni method ExceptionCheck
07-10 18:25:03.159  7189  9030 V ClienteVrPandasz: jni::wrapper::jnienv: found jni method
07-10 18:25:03.159  7189  9030 V ClienteVrPandasz: jni::wrapper::jnienv: no exception found
07-10 18:25:03.159  7189  9030 V ClienteVrPandasz: jni::wrapper::jnienv: calling unchecked jni method: DeleteLocalRef
07-10 18:25:03.159  7189  9030 V ClienteVrPandasz: jni::wrapper::jnienv: looking up jni method DeleteLocalRef
07-10 18:25:03.159  7189  9030 V ClienteVrPandasz: jni::wrapper::jnienv: found jni method
07-10 18:25:03.159  7189  9030 V ClienteVrPandasz: android_activity::activity_impl: poll_events
07-10 18:25:03.159  7189  9030 V ClienteVrPandasz: android_activity::activity_impl: Calling ALooper_pollOnce, timeout = 16
07-10 18:25:03.159  7189  9030 V ClienteVrPandasz: android_activity::activity_impl: pollOnce id = 1
07-10 18:25:03.160  7189  9030 V ClienteVrPandasz: android_activity::activity_impl: ALooper_pollOnce returned ID_MAIN
07-10 18:25:03.160  7189  9030 V ClienteVrPandasz: android_activity::activity_impl: Calling pre_exec_cmd(Start)
07-10 18:25:03.160  7189  9030 V ClienteVrPandasz: android_activity::activity_impl::glue: Pre: AppCmd::Start
07-10 18:25:03.160  7189  9033 V ClienteVrPandasz: jni::wrapper::java_vm::vm: calling unchecked JavaVM method: GetEnv
07-10 18:25:03.160  7189  9033 V ClienteVrPandasz: jni::wrapper::java_vm::vm: looking up JavaVM method GetEnv
07-10 18:25:03.160  7189  9033 V ClienteVrPandasz: jni::wrapper::java_vm::vm: found JavaVM method
07-10 18:25:03.160  7189  9033 V ClienteVrPandasz: jni::wrapper::java_vm::vm: calling unchecked JavaVM method: AttachCurrentThread
07-10 18:25:03.160  7189  9033 V ClienteVrPandasz: jni::wrapper::java_vm::vm: looking up JavaVM method AttachCurrentThread
07-10 18:25:03.160  7189  9033 V ClienteVrPandasz: jni::wrapper::java_vm::vm: found JavaVM method
07-10 18:25:03.160  7189  9033 D ClienteVrPandasz: jni::wrapper::java_vm::vm: Attached thread  (ThreadId(4)). 1 threads attached
07-10 18:25:03.160  7189  9033 V ClienteVrPandasz: jni::wrapper::jnienv: calling checked jni method: NewStringUTF
07-10 18:25:03.160  7189  9033 V ClienteVrPandasz: jni::wrapper::jnienv: looking up jni method NewStringUTF
07-10 18:25:03.160  7189  9033 V ClienteVrPandasz: jni::wrapper::jnienv: found jni method
07-10 18:25:03.160  7189  9033 V ClienteVrPandasz: jni::wrapper::jnienv: checking for exception
07-10 18:25:03.160  7189  9033 V ClienteVrPandasz: jni::wrapper::jnienv: calling unchecked jni method: ExceptionCheck
07-10 18:25:03.160  7189  9033 V ClienteVrPandasz: jni::wrapper::jnienv: looking up jni method ExceptionCheck
07-10 18:25:03.160  7189  9033 V ClienteVrPandasz: jni::wrapper::jnienv: found jni method
07-10 18:25:03.160  7189  9033 V ClienteVrPandasz: jni::wrapper::jnienv: no exception found
07-10 18:25:03.161  7189  9033 V ClienteVrPandasz: jni::wrapper::jnienv: calling unchecked jni method: GetObjectClass
07-10 18:25:03.161  7189  9033 V ClienteVrPandasz: jni::wrapper::jnienv: looking up jni method GetObjectClass
07-10 18:25:03.161  7189  9033 V ClienteVrPandasz: jni::wrapper::jnienv: found jni method
07-10 18:25:03.161  7189  9033 V ClienteVrPandasz: jni::wrapper::objects::jvalue: converted Object(JObject { internal: 0x7afc8b840d, lifetime: PhantomData<&()> }) to jvalue 528223011853
07-10 18:25:03.161  7189  9033 V ClienteVrPandasz: jni::wrapper::jnienv: calling checked jni method: GetMethodID
07-10 18:25:03.161  7189  9033 V ClienteVrPandasz: jni::wrapper::jnienv: looking up jni method GetMethodID
07-10 18:25:03.161  7189  9033 V ClienteVrPandasz: jni::wrapper::jnienv: found jni method
07-10 18:25:03.161  7189  9033 V ClienteVrPandasz: jni::wrapper::jnienv: checking for exception
07-10 18:25:03.161  7189  9033 V ClienteVrPandasz: jni::wrapper::jnienv: calling unchecked jni method: ExceptionCheck
07-10 18:25:03.161  7189  9033 V ClienteVrPandasz: jni::wrapper::jnienv: looking up jni method ExceptionCheck
07-10 18:25:03.161  7189  9033 V ClienteVrPandasz: jni::wrapper::jnienv: found jni method
07-10 18:25:03.161  7189  9033 V ClienteVrPandasz: jni::wrapper::jnienv: no exception found
07-10 18:25:03.161  7189  9033 V ClienteVrPandasz: jni::wrapper::jnienv: calling checked jni method: CallIntMethodA
07-10 18:25:03.161  7189  9033 V ClienteVrPandasz: jni::wrapper::jnienv: looking up jni method CallIntMethodA
07-10 18:25:03.161  7189  9033 V ClienteVrPandasz: jni::wrapper::jnienv: found jni method
07-10 18:25:03.162  7189  9033 V ClienteVrPandasz: jni::wrapper::jnienv: checking for exception
07-10 18:25:03.162  7189  9033 V ClienteVrPandasz: jni::wrapper::jnienv: calling unchecked jni method: ExceptionCheck
07-10 18:25:03.162  7189  9033 V ClienteVrPandasz: jni::wrapper::jnienv: looking up jni method ExceptionCheck
07-10 18:25:03.162  7189  9033 V ClienteVrPandasz: jni::wrapper::jnienv: found jni method
07-10 18:25:03.162  7189  9033 V ClienteVrPandasz: jni::wrapper::jnienv: no exception found
07-10 18:25:03.162  7189  9033 V ClienteVrPandasz: jni::wrapper::jnienv: calling unchecked jni method: DeleteLocalRef
07-10 18:25:03.162  7189  9033 V ClienteVrPandasz: jni::wrapper::jnienv: looking up jni method DeleteLocalRef
07-10 18:25:03.162  7189  9033 V ClienteVrPandasz: jni::wrapper::jnienv: found jni method
07-10 18:25:03.162  7189  9033 V ClienteVrPandasz: jni::wrapper::java_vm::vm: calling unchecked JavaVM method: DetachCurrentThread
07-10 18:25:03.162  7189  9033 V ClienteVrPandasz: jni::wrapper::java_vm::vm: looking up JavaVM method DetachCurrentThread
07-10 18:25:03.162  7189  9033 V ClienteVrPandasz: jni::wrapper::java_vm::vm: found JavaVM method
07-10 18:25:03.162  7189  9033 D ClienteVrPandasz: jni::wrapper::java_vm::vm: Detached thread  (ThreadId(4)). 0 threads remain attached
07-10 18:25:03.162  7189  9030 V ClienteVrPandasz: android_activity::activity_impl: Invoking callback for ID_MAIN command = Start
07-10 18:25:03.163  7189  9030 V ClienteVrPandasz: android_activity::activity_impl: Calling post_exec_cmd(Start)
07-10 18:25:03.163  7189  9030 V ClienteVrPandasz: android_activity::activity_impl::glue: Post: AppCmd::Start
07-10 18:25:03.163  7189  9030 V ClienteVrPandasz: android_activity::activity_impl: poll_events
07-10 18:25:03.163  7189  9030 V ClienteVrPandasz: android_activity::activity_impl: Calling ALooper_pollOnce, timeout = 16
07-10 18:25:03.167  7189  7189 D CompatChangeReporter: Compat change id reported: 210923482; UID 10366; state: ENABLED
07-10 18:25:03.170  7189  7189 D ClienteVrPandasz: android_activity::activity_impl::glue: Resume: 0xb4000076b001e650
07-10 18:25:03.170  7189  9030 V ClienteVrPandasz: android_activity::activity_impl: pollOnce id = 1
07-10 18:25:03.170  7189  9030 V ClienteVrPandasz: android_activity::activity_impl: ALooper_pollOnce returned ID_MAIN
07-10 18:25:03.170  7189  9030 V ClienteVrPandasz: android_activity::activity_impl: Calling pre_exec_cmd(Resume)
07-10 18:25:03.170  7189  9030 V ClienteVrPandasz: android_activity::activity_impl::glue: Pre: AppCmd::Resume
07-10 18:25:03.171  7189  9030 V ClienteVrPandasz: android_activity::activity_impl: Invoking callback for ID_MAIN command = Resume { loader: StateLoader { app: AndroidAppInner { jvm: JavaVM(0xb4000076e0011850), native_activity: NativeActivityGlue { inner: WaitableNativeActivityState { mutex: Mutex { data: NativeActivityState { destroyed: false, activity: 0xb4000076b001e650, msg_read: 142, msg_write: 143, config: Configuration { mcc: 732, mnc: Some(123), lang: Some("es"), country: Some("CO"), orientation: Land, touchscreen: Finger, density: Some(440), keyboard: NoKeys, navigation: NoNav, keys_hidden: Soft, nav_hidden: Any, sdk_version: 35, screen_size: Normal, screen_long: Yes, ui_mode_type: Normal, ui_mode_night: Yes }, saved_state: [], input_queue: 0x0, window: None, content_rect: ARect { left: 0, top: 0, right: 0, bottom: 0 }, activity_state: Resume, destroy_requested: false, thread_state: Running, app_has_saved_state: false, pending_input_queue: 0x0, pending_window: None }, poisoned: false, .. }, cond: Condvar { .. } } }, activity: Global { obj: JObject { internal: 0x3306, lifetime: PhantomData<&()> } }, main_callbacks: MainCallbacks { inner: MainCallbacksState { _pending_detach: false, event_fd: 144, callbacks: Mutex { data: CallbackBuffers { front: 0, back: 0 }, poisoned: false, .. } } }, looper: ForeignLooper { ptr: 0xb4000076a0019d30 }, main_looper: ForeignLooper { ptr: 0xb4000076a0010c10 }, key_maps: Mutex { data: {}, poisoned: false, .. }, input_receiver: Mutex { data: None, poisoned: false, .. }, app_asset_manager: AssetManager { ptr: 0xb4000077e0010e30 } } } }
07-10 18:25:03.171  7189  9030 V ClienteVrPandasz: android_activity::activity_impl: Calling post_exec_cmd(Resume)
07-10 18:25:03.171  7189  9030 V ClienteVrPandasz: android_activity::activity_impl::glue: Post: AppCmd::Resume
07-10 18:25:03.171  7189  9030 V ClienteVrPandasz: android_activity::activity_impl: poll_events
07-10 18:25:03.171  7189  9030 V ClienteVrPandasz: android_activity::activity_impl: Calling ALooper_pollOnce, timeout = 16
07-10 18:25:03.171  8936  8984 E ActivityThread: Failed to find provider info for com.facebook.appmanager.nekodirect
07-10 18:25:03.176  7189  7189 D nativeloader: Load libpowerhalwrap_jni.so using system ns (caller=/system_ext/framework/mediatek-framework.jar): ok
07-10 18:25:03.176  7189  7189 I PowerHalWrapper: PowerHalWrapper.getInstance
07-10 18:25:03.177  7189  7189 I M-ProMotion: M-ProMotion is disabled
07-10 18:25:03.178  7189  9032 I ClienteVrPandasz: cliente_vr_pandasz: Sensor IMU inicializado, esperando eventos de rotación...
07-10 18:25:03.178  7189  9034 I PowerHalWrapper: PowerHalWrapper.getInstance
07-10 18:25:03.187  8936  8984 W JobInfo : Job 'com.facebook.appmanager/com.facebook.oxygen.appmanager.update.core.UpdateService#5500' has a deadline with no functional constraints. The deadline won't improve job execution latency. Consider removing the deadline.
07-10 18:25:03.187  7189  9030 V ClienteVrPandasz: android_activity::activity_impl: pollOnce id = -3
07-10 18:25:03.187  7189  9030 V ClienteVrPandasz: android_activity::activity_impl: ALooper_pollOnce returned POLL_TIMEOUT
07-10 18:25:03.187  7189  9030 V ClienteVrPandasz: android_activity::activity_impl: poll_events
07-10 18:25:03.187  7189  9030 V ClienteVrPandasz: android_activity::activity_impl: Calling ALooper_pollOnce, timeout = 16
07-10 18:25:03.191  7189  7189 W libc    : Access denied finding property "persist.vivo.ltw.enabled"
07-10 18:25:03.204  7189  9030 V ClienteVrPandasz: android_activity::activity_impl: pollOnce id = -3
07-10 18:25:03.204  7189  9030 V ClienteVrPandasz: android_activity::activity_impl: ALooper_pollOnce returned POLL_TIMEOUT
07-10 18:25:03.204  7189  9030 V ClienteVrPandasz: android_activity::activity_impl: poll_events
07-10 18:25:03.204  7189  9030 V ClienteVrPandasz: android_activity::activity_impl: Calling ALooper_pollOnce, timeout = 16
07-10 18:25:03.209  7189  7189 D ClienteVrPandasz: android_activity::activity_impl::glue: InputQueueCreated: 0xb4000076b001e650 -- 0xb400007750020f60
07-10 18:25:03.209  7189  9030 V ClienteVrPandasz: android_activity::activity_impl: pollOnce id = 1
07-10 18:25:03.209  7189  9030 V ClienteVrPandasz: android_activity::activity_impl: ALooper_pollOnce returned ID_MAIN
07-10 18:25:03.209  7189  9030 V ClienteVrPandasz: android_activity::activity_impl: Calling pre_exec_cmd(InputQueueChanged)
07-10 18:25:03.209  7189  9030 V ClienteVrPandasz: android_activity::activity_impl::glue: Pre: AppCmd::InputQueueChanged
07-10 18:25:03.209  7189  9030 V ClienteVrPandasz: android_activity::activity_impl::glue: Attaching input queue to looper
07-10 18:25:03.209  7189  9030 V ClienteVrPandasz: android_activity::activity_impl: Calling post_exec_cmd(InputQueueChanged)
07-10 18:25:03.209  7189  9030 V ClienteVrPandasz: android_activity::activity_impl::glue: Post: AppCmd::InputQueueChanged
07-10 18:25:03.209  7189  9030 V ClienteVrPandasz: android_activity::activity_impl: poll_events
07-10 18:25:03.209  7189  9030 V ClienteVrPandasz: android_activity::activity_impl: Calling ALooper_pollOnce, timeout = 16
07-10 18:25:03.214  7189  9032 I ClienteVrPandasz: cliente_vr_pandasz: head_quat x=-0.0101 y=-0.0190 z=0.9952 w=0.0951
07-10 18:25:03.215  7189  7189 D ClienteVrPandasz: android_activity::activity_impl::glue: Pause: 0xb4000076b001e650
07-10 18:25:03.215  7189  9030 V ClienteVrPandasz: android_activity::activity_impl: pollOnce id = 1
07-10 18:25:03.215  7189  9030 V ClienteVrPandasz: android_activity::activity_impl: ALooper_pollOnce returned ID_MAIN
07-10 18:25:03.215  7189  9030 V ClienteVrPandasz: android_activity::activity_impl: Calling pre_exec_cmd(Pause)
07-10 18:25:03.215  7189  9030 V ClienteVrPandasz: android_activity::activity_impl::glue: Pre: AppCmd::Pause
07-10 18:25:03.215  7189  9030 V ClienteVrPandasz: android_activity::activity_impl: Invoking callback for ID_MAIN command = Pause
07-10 18:25:03.215  7189  9030 V ClienteVrPandasz: android_activity::activity_impl: Calling post_exec_cmd(Pause)
07-10 18:25:03.215  7189  9030 V ClienteVrPandasz: android_activity::activity_impl::glue: Post: AppCmd::Pause
07-10 18:25:03.215  7189  9030 V ClienteVrPandasz: android_activity::activity_impl: poll_events
07-10 18:25:03.215  7189  9030 V ClienteVrPandasz: android_activity::activity_impl: Calling ALooper_pollOnce, timeout = 16
07-10 18:25:03.223  7189  9032 I ClienteVrPandasz: cliente_vr_pandasz: head_quat x=-0.0101 y=-0.0200 z=0.9953 w=0.0942
07-10 18:25:03.232  7189  9030 V ClienteVrPandasz: android_activity::activity_impl: pollOnce id = -3
07-10 18:25:03.232  7189  9030 V ClienteVrPandasz: android_activity::activity_impl: ALooper_pollOnce returned POLL_TIMEOUT
07-10 18:25:03.232  7189  9030 V ClienteVrPandasz: android_activity::activity_impl: poll_events
07-10 18:25:03.232  7189  9030 V ClienteVrPandasz: android_activity::activity_impl: Calling ALooper_pollOnce, timeout = 16
07-10 18:25:03.234  7189  9032 I ClienteVrPandasz: cliente_vr_pandasz: head_quat x=-0.0098 y=-0.0197 z=0.9952 w=0.0949
07-10 18:25:03.243  7189  9032 I ClienteVrPandasz: cliente_vr_pandasz: head_quat x=-0.0098 y=-0.0197 z=0.9952 w=0.0949
07-10 18:25:03.248  7189  9030 V ClienteVrPandasz: android_activity::activity_impl: pollOnce id = -3
07-10 18:25:03.248  7189  9030 V ClienteVrPandasz: android_activity::activity_impl: ALooper_pollOnce returned POLL_TIMEOUT
07-10 18:25:03.248  7189  9030 V ClienteVrPandasz: android_activity::activity_impl: poll_events
07-10 18:25:03.248  7189  9030 V ClienteVrPandasz: android_activity::activity_impl: Calling ALooper_pollOnce, timeout = 16
07-10 18:25:03.252  7189  9032 I ClienteVrPandasz: cliente_vr_pandasz: head_quat x=-0.0098 y=-0.0197 z=0.9952 w=0.0949
07-10 18:25:03.256  7189  7189 D BufferQueueConsumer: [](id:1c1500000000,api:0,p:-1,c:7189) connect: controlledByApp=false
07-10 18:25:03.257  7189  7189 D BLASTBufferQueue: [VRI[NativeActivity]#0](f:0,a:0) constructor()
07-10 18:25:03.258  7189  7189 D BLASTBufferQueue: [VRI[NativeActivity]#0](f:0,a:0) update width=2316 height=1080 format=4 mTransformHint=4
07-10 18:25:03.262  7189  7189 D ClienteVrPandasz: android_activity::activity_impl::glue: NativeWindowCreated: 0xb4000076b001e650 -- 0xb400007650048bf0
07-10 18:25:03.262  7189  9032 I ClienteVrPandasz: cliente_vr_pandasz: head_quat x=-0.0098 y=-0.0197 z=0.9952 w=0.0949
07-10 18:25:03.263  7189  9030 V ClienteVrPandasz: android_activity::activity_impl: pollOnce id = 1
07-10 18:25:03.263  7189  9030 V ClienteVrPandasz: android_activity::activity_impl: ALooper_pollOnce returned ID_MAIN
07-10 18:25:03.263  7189  9030 V ClienteVrPandasz: android_activity::activity_impl: Calling pre_exec_cmd(InitWindow)
07-10 18:25:03.263  7189  9030 V ClienteVrPandasz: android_activity::activity_impl::glue: Pre: AppCmd::InitWindow
07-10 18:25:03.263  7189  9030 V ClienteVrPandasz: android_activity::activity_impl: Invoking callback for ID_MAIN command = InitWindow
07-10 18:25:03.263  7189  7189 D ClienteVrPandasz: android_activity::activity_impl::glue: NativeWindowResized: 0xb4000076b001e650 -- 0xb400007650048bf0
07-10 18:25:03.269  7189  7189 D ClienteVrPandasz: android_activity::activity_impl::glue: ContentRectChanged: 0xb4000076b001e650 -- 0x7fed1be9a8
07-10 18:25:03.271  7189  9032 I ClienteVrPandasz: cliente_vr_pandasz: head_quat x=-0.0098 y=-0.0197 z=0.9952 w=0.0949
07-10 18:25:03.279  7189  7189 D ClienteVrPandasz: android_activity::activity_impl::glue: NativeWindowRedrawNeeded: 0xb4000076b001e650 -- 0xb400007650048bf0
07-10 18:25:03.279  6380  6380 I cayp    : (REDACTED) onApplyWindowInsets: systemWindowInsets=%s
07-10 18:25:03.279  6380  6380 I cayp    : (REDACTED) onApplyWindowInsets: systemWindowInsets=%s
07-10 18:25:03.281  7189  9032 I ClienteVrPandasz: cliente_vr_pandasz: head_quat x=-0.0098 y=-0.0197 z=0.9952 w=0.0949
07-10 18:25:03.291  7189  9032 I ClienteVrPandasz: cliente_vr_pandasz: head_quat x=-0.0098 y=-0.0197 z=0.9952 w=0.0949
07-10 18:25:03.293 25135 25135 W Finsky  : [2] STU: Failed to get storage stats for package 'com.android.compos' (1601: Error getting stats: android.content.pm.PackageManager.NameNotFoundException)
07-10 18:25:03.300  7189  9032 I ClienteVrPandasz: cliente_vr_pandasz: head_quat x=-0.0098 y=-0.0197 z=0.9952 w=0.0949
07-10 18:25:03.304 25135 25135 W Finsky  : [2] STU: Failed to get storage stats for package 'com.google.android.tzdata6' (1601: Error getting stats: android.content.pm.PackageManager.NameNotFoundException)
07-10 18:25:03.311  7189  9032 I ClienteVrPandasz: cliente_vr_pandasz: head_quat x=-0.0098 y=-0.0197 z=0.9952 w=0.0949
07-10 18:25:03.320  7189  9032 I ClienteVrPandasz: cliente_vr_pandasz: head_quat x=-0.0098 y=-0.0197 z=0.9952 w=0.0949
07-10 18:25:03.326  7189  9049 E ANDR-VIVO-PERF: V1_0::IVPerf::tryGetService failed!
07-10 18:25:03.327  7189  9049 E ANDR-VIVO-PERF: error no aidl or hidl
07-10 18:25:03.329  7189  7189 D ClienteVrPandasz: android_activity::activity_impl::glue: NativeWindowRedrawNeeded: 0xb4000076b001e650 -- 0xb400007650048bf0
07-10 18:25:03.332  7189  9032 I ClienteVrPandasz: cliente_vr_pandasz: head_quat x=-0.0098 y=-0.0197 z=0.9952 w=0.0949
07-10 18:25:03.336  8936  9053 W appmanager:ContextScope: Warning: Memory Leak Likely! Caching values for context: com.facebook.oxygen.appmanager.scheduler.schedulers.alarmmanager.AlarmManagerService@3fa644c
07-10 18:25:03.336  8936  9053 W appmanager:ContextScope:  You should make this context implement the PropertyBag interface to avoid this leak
07-10 18:25:03.338  7189  9032 I ClienteVrPandasz: cliente_vr_pandasz: head_quat x=-0.0098 y=-0.0197 z=0.9952 w=0.0949
07-10 18:25:03.349  7189  9032 I ClienteVrPandasz: cliente_vr_pandasz: head_quat x=-0.0098 y=-0.0197 z=0.9952 w=0.0949
07-10 18:25:03.355  6380  6380 D VRI[GoogleDiscoverWindow]: visibilityChanged oldVisibility=true newVisibility=false
07-10 18:25:03.358  7189  9032 I ClienteVrPandasz: cliente_vr_pandasz: head_quat x=-0.0098 y=-0.0197 z=0.9952 w=0.0949
07-10 18:25:03.367  7189  9032 I ClienteVrPandasz: cliente_vr_pandasz: head_quat x=-0.0098 y=-0.0197 z=0.9952 w=0.0949
07-10 18:25:03.378 25135 25135 W Finsky  : [2] STU: Failed to get storage stats for package 'com.google.android.permission' (1601: Error getting stats: android.content.pm.PackageManager.NameNotFoundException)
07-10 18:25:03.380  7189  9032 I ClienteVrPandasz: cliente_vr_pandasz: head_quat x=-0.0098 y=-0.0197 z=0.9952 w=0.0949
07-10 18:25:03.383  6380  6380 D ViewRootImpl: AppSizeAfterRelayout, size: Point(1080, 2404), rotation: ROTATION_0
07-10 18:25:03.386  7189  9032 I ClienteVrPandasz: cliente_vr_pandasz: head_quat x=-0.0098 y=-0.0197 z=0.9952 w=0.0949
07-10 18:25:03.387  6380  6380 D BLASTBufferQueue: [VRI[GoogleDiscoverWindow]#28](f:0,a:1) destructor()
07-10 18:25:03.387  6380  6380 D BufferQueueConsumer: [VRI[GoogleDiscoverWindow]#28(BLAST Consumer)28](id:18ec0000001c,api:0,p:-1,c:6380) disconnect
07-10 18:25:03.389  7189  9030 I ClienteVrPandasz: cliente_vr_pandasz::renderer: Renderer EGL inicializado: 2316x1080
07-10 18:25:03.389  7189  9030 V ClienteVrPandasz: android_activity::activity_impl: Calling post_exec_cmd(InitWindow)
07-10 18:25:03.389  7189  9030 V ClienteVrPandasz: android_activity::activity_impl::glue: Post: AppCmd::InitWindow
07-10 18:25:03.390  7189  9030 W libc    : Access denied finding property "ro.vendor.magt.mtk_magt_support"
07-10 18:25:03.390  7189  9030 D MAGT_SYNC_FRAME: MAGT Sync: MAGT is not supported. Disabling Sync.
07-10 18:25:03.397  7189  9032 I ClienteVrPandasz: cliente_vr_pandasz: head_quat x=-0.0098 y=-0.0197 z=0.9952 w=0.0949
07-10 18:25:03.402  7189  9030 E ion     : ioctl c0044901 failed with code -1: Invalid argument
07-10 18:25:03.403  7189  9030 D hw-ProcessState: Binder ioctl to enable oneway spam detection failed: Invalid argument
07-10 18:25:03.405  7189  9032 I ClienteVrPandasz: cliente_vr_pandasz: head_quat x=-0.0098 y=-0.0197 z=0.9952 w=0.0949
07-10 18:25:03.415  7189  9030 I GrallocExtra: gralloc_extra_query:is_SW3D 0
07-10 18:25:03.415  7189  9030 D BLASTBufferQueue: [VRI[NativeActivity]#0](f:0,a:1) acquireNextBufferLocked size=2316x1080 mFrameNumber=1 applyTransaction=true mTimestamp=81587066382401(auto) mPendingTransactions.size=0 graphicBufferId=30876519890944 transform=7
07-10 18:25:03.415  7189  9030 V ClienteVrPandasz: android_activity::activity_impl: poll_events
07-10 18:25:03.415  7189  9030 V ClienteVrPandasz: android_activity::activity_impl: Calling ALooper_pollOnce, timeout = 16
07-10 18:25:03.415  7189  9030 V ClienteVrPandasz: android_activity::activity_impl: pollOnce id = 1
07-10 18:25:03.415  7189  9030 V ClienteVrPandasz: android_activity::activity_impl: ALooper_pollOnce returned ID_MAIN
07-10 18:25:03.415  7189  9030 V ClienteVrPandasz: android_activity::activity_impl: Calling pre_exec_cmd(WindowResized)
07-10 18:25:03.415  7189  9030 V ClienteVrPandasz: android_activity::activity_impl::glue: Pre: AppCmd::WindowResized
07-10 18:25:03.415  7189  9030 V ClienteVrPandasz: android_activity::activity_impl: Invoking callback for ID_MAIN command = WindowResized
07-10 18:25:03.415  7189  9030 V ClienteVrPandasz: android_activity::activity_impl: Calling post_exec_cmd(WindowResized)
07-10 18:25:03.415  7189  9030 V ClienteVrPandasz: android_activity::activity_impl::glue: Post: AppCmd::WindowResized
07-10 18:25:03.416  7189  9032 I ClienteVrPandasz: cliente_vr_pandasz: head_quat x=-0.0098 y=-0.0197 z=0.9952 w=0.0949
07-10 18:25:03.424  7189  9030 V ClienteVrPandasz: android_activity::activity_impl: poll_events
07-10 18:25:03.424  7189  9030 V ClienteVrPandasz: android_activity::activity_impl: Calling ALooper_pollOnce, timeout = 16
07-10 18:25:03.424  7189  9030 V ClienteVrPandasz: android_activity::activity_impl: pollOnce id = 1
07-10 18:25:03.424  7189  9030 V ClienteVrPandasz: android_activity::activity_impl: ALooper_pollOnce returned ID_MAIN
07-10 18:25:03.424  7189  9030 V ClienteVrPandasz: android_activity::activity_impl: Calling pre_exec_cmd(ContentRectChanged)
07-10 18:25:03.424  7189  9030 V ClienteVrPandasz: android_activity::activity_impl::glue: Pre: AppCmd::ContentRectChanged
07-10 18:25:03.424  7189  9030 V ClienteVrPandasz: android_activity::activity_impl: Invoking callback for ID_MAIN command = ContentRectChanged
07-10 18:25:03.424  7189  9030 V ClienteVrPandasz: android_activity::activity_impl: Calling post_exec_cmd(ContentRectChanged)
07-10 18:25:03.424  7189  9030 V ClienteVrPandasz: android_activity::activity_impl::glue: Post: AppCmd::ContentRectChanged
07-10 18:25:03.424  7189  9032 I ClienteVrPandasz: cliente_vr_pandasz: head_quat x=-0.0098 y=-0.0197 z=0.9952 w=0.0949
07-10 18:25:03.431  7189  9030 V ClienteVrPandasz: android_activity::activity_impl: poll_events
07-10 18:25:03.431  7189  9030 V ClienteVrPandasz: android_activity::activity_impl: Calling ALooper_pollOnce, timeout = 16
07-10 18:25:03.431  7189  9030 V ClienteVrPandasz: android_activity::activity_impl: pollOnce id = 1
07-10 18:25:03.431  7189  9030 V ClienteVrPandasz: android_activity::activity_impl: ALooper_pollOnce returned ID_MAIN
07-10 18:25:03.431  7189  9030 V ClienteVrPandasz: android_activity::activity_impl: Calling pre_exec_cmd(WindowRedrawNeeded)
07-10 18:25:03.431  7189  9030 V ClienteVrPandasz: android_activity::activity_impl::glue: Pre: AppCmd::WindowRedrawNeeded
07-10 18:25:03.431  7189  9030 V ClienteVrPandasz: android_activity::activity_impl: Invoking callback for ID_MAIN command = RedrawNeeded
07-10 18:25:03.431  7189  9030 V ClienteVrPandasz: android_activity::activity_impl: Calling post_exec_cmd(WindowRedrawNeeded)
07-10 18:25:03.431  7189  9030 V ClienteVrPandasz: android_activity::activity_impl::glue: Post: AppCmd::WindowRedrawNeeded
07-10 18:25:03.436  7189  9032 I ClienteVrPandasz: cliente_vr_pandasz: head_quat x=-0.0098 y=-0.0197 z=0.9952 w=0.0949
07-10 18:25:03.438  7189  9030 V ClienteVrPandasz: android_activity::activity_impl: poll_events
07-10 18:25:03.438  7189  9030 V ClienteVrPandasz: android_activity::activity_impl: Calling ALooper_pollOnce, timeout = 16
07-10 18:25:03.438  7189  9030 V ClienteVrPandasz: android_activity::activity_impl: pollOnce id = 1
07-10 18:25:03.438  7189  9030 V ClienteVrPandasz: android_activity::activity_impl: ALooper_pollOnce returned ID_MAIN
07-10 18:25:03.438  7189  9030 V ClienteVrPandasz: android_activity::activity_impl: Calling pre_exec_cmd(WindowRedrawNeeded)
07-10 18:25:03.438  7189  9030 V ClienteVrPandasz: android_activity::activity_impl::glue: Pre: AppCmd::WindowRedrawNeeded
07-10 18:25:03.438  7189  9030 V ClienteVrPandasz: android_activity::activity_impl: Invoking callback for ID_MAIN command = RedrawNeeded
07-10 18:25:03.438  7189  9030 V ClienteVrPandasz: android_activity::activity_impl: Calling post_exec_cmd(WindowRedrawNeeded)
07-10 18:25:03.438  7189  9030 V ClienteVrPandasz: android_activity::activity_impl::glue: Post: AppCmd::WindowRedrawNeeded
07-10 18:25:03.440  7189  9030 V ClienteVrPandasz: android_activity::activity_impl: poll_events
07-10 18:25:03.440  7189  9030 V ClienteVrPandasz: android_activity::activity_impl: Calling ALooper_pollOnce, timeout = 16
07-10 18:25:03.443  7189  9032 I ClienteVrPandasz: cliente_vr_pandasz: head_quat x=-0.0098 y=-0.0197 z=0.9952 w=0.0949
07-10 18:25:03.453  7189  9032 I ClienteVrPandasz: cliente_vr_pandasz: head_quat x=-0.0098 y=-0.0197 z=0.9952 w=0.0949
07-10 18:25:03.457  7189  9030 V ClienteVrPandasz: android_activity::activity_impl: pollOnce id = -3
07-10 18:25:03.457  7189  9030 V ClienteVrPandasz: android_activity::activity_impl: ALooper_pollOnce returned POLL_TIMEOUT
07-10 18:25:03.459  7189  9030 V ClienteVrPandasz: android_activity::activity_impl: poll_events
07-10 18:25:03.459  7189  9030 V ClienteVrPandasz: android_activity::activity_impl: Calling ALooper_pollOnce, timeout = 16
07-10 18:25:03.463  7189  9032 I ClienteVrPandasz: cliente_vr_pandasz: head_quat x=-0.0098 y=-0.0197 z=0.9952 w=0.0949
07-10 18:25:03.472  7189  9032 I ClienteVrPandasz: cliente_vr_pandasz: head_quat x=-0.0098 y=-0.0197 z=0.9952 w=0.0949
07-10 18:25:03.475  7189  9030 V ClienteVrPandasz: android_activity::activity_impl: pollOnce id = -3
07-10 18:25:03.475  7189  9030 V ClienteVrPandasz: android_activity::activity_impl: ALooper_pollOnce returned POLL_TIMEOUT
07-10 18:25:03.479  7189  9030 V ClienteVrPandasz: android_activity::activity_impl: poll_events
07-10 18:25:03.479  7189  9030 V ClienteVrPandasz: android_activity::activity_impl: Calling ALooper_pollOnce, timeout = 16
07-10 18:25:03.483  7189  9032 I ClienteVrPandasz: cliente_vr_pandasz: head_quat x=-0.0098 y=-0.0197 z=0.9952 w=0.0949
07-10 18:25:03.494  7189  9032 I ClienteVrPandasz: cliente_vr_pandasz: head_quat x=-0.0098 y=-0.0197 z=0.9952 w=0.0949
07-10 18:25:03.495  7189  9030 V ClienteVrPandasz: android_activity::activity_impl: pollOnce id = -3
07-10 18:25:03.495  7189  9030 V ClienteVrPandasz: android_activity::activity_impl: ALooper_pollOnce returned POLL_TIMEOUT
07-10 18:25:03.498  7189  9030 V ClienteVrPandasz: android_activity::activity_impl: poll_events
07-10 18:25:03.498  7189  9030 V ClienteVrPandasz: android_activity::activity_impl: Calling ALooper_pollOnce, timeout = 16
07-10 18:25:03.500  7189  9032 I ClienteVrPandasz: cliente_vr_pandasz: head_quat x=-0.0098 y=-0.0197 z=0.9952 w=0.0949
07-10 18:25:03.508 15503 15503 I dwtw    : #onConfigurationChanged
07-10 18:25:03.509 15503 15640 I dxwf    : #onConfigurationChanged
07-10 18:25:03.512  1651  1803 I ActivityTaskManager: Displayed com.google.android.permissioncontroller/com.android.permissioncontroller.permission.ui.GrantPermissionsActivity for user 0: +753ms
07-10 18:25:03.515  7189  9030 V ClienteVrPandasz: android_activity::activity_impl: pollOnce id = -3
07-10 18:25:03.515  7189  9030 V ClienteVrPandasz: android_activity::activity_impl: ALooper_pollOnce returned POLL_TIMEOUT
07-10 18:25:03.515  7189  9032 I ClienteVrPandasz: cliente_vr_pandasz: head_quat x=-0.0098 y=-0.0197 z=0.9952 w=0.0949
07-10 18:25:03.518  7189  9030 V ClienteVrPandasz: android_activity::activity_impl: poll_events
07-10 18:25:03.518  7189  9030 V ClienteVrPandasz: android_activity::activity_impl: Calling ALooper_pollOnce, timeout = 16
07-10 18:25:03.520  7189  9032 I ClienteVrPandasz: cliente_vr_pandasz: head_quat x=-0.0098 y=-0.0197 z=0.9952 w=0.0949
07-10 18:25:03.526 20359 20359 I AppBase : AppBase.onConfigurationChanged():287 onConfigurationChanged() : NewConfig = {1.0 732mcc123mnc [es_CO] ldltr sw393dp w874dp h393dp 440dpi nrml long land night finger -keyb/v/h -nav/h winConfig={ mBounds=Rect(0, 0 - 2404, 1080) mAppBounds=Rect(0, 0 - 2404, 1080) mMaxBounds=Rect(0, 0 - 2404, 1080) mDisplayRotation=ROTATION_90 mWindowingMode=fullscreen mActivityType=undefined mAlwaysOnTop=undefined mRotation=ROTATION_90 isEmbedding:false} s.17452 fontWeightAdjustment=0 themeId=2 themeParameter=0 nightModeLevel = -1 typefaceChanged=0.0 ?spacesystem eaMode=1}
07-10 18:25:03.531  7189  9032 I ClienteVrPandasz: cliente_vr_pandasz: head_quat x=-0.0098 y=-0.0197 z=0.9952 w=0.0949
07-10 18:25:03.534  7189  9030 V ClienteVrPandasz: android_activity::activity_impl: pollOnce id = -3
07-10 18:25:03.534  7189  9030 V ClienteVrPandasz: android_activity::activity_impl: ALooper_pollOnce returned POLL_TIMEOUT
07-10 18:25:03.536  7189  9030 V ClienteVrPandasz: android_activity::activity_impl: poll_events
07-10 18:25:03.536  7189  9030 V ClienteVrPandasz: android_activity::activity_impl: Calling ALooper_pollOnce, timeout = 16
07-10 18:25:03.539  7189  9032 I ClienteVrPandasz: cliente_vr_pandasz: head_quat x=-0.0098 y=-0.0197 z=0.9952 w=0.0949
07-10 18:25:03.541 20359 20359 I GoogleInputMethodService: GoogleInputMethodService.onConfigurationChanged():1143 onConfigurationChanged() : NewConfig = {1.0 732mcc123mnc [es_CO] ldltr sw393dp w800dp h393dp 440dpi nrml long land night finger -keyb/v/h -nav/h winConfig={ mBounds=Rect(0, 0 - 2404, 1080) mAppBounds=Rect(88, 0 - 2288, 1080) mMaxBounds=Rect(0, 0 - 2404, 1080) mDisplayRotation=ROTATION_90 mWindowingMode=fullscreen mActivityType=undefined mAlwaysOnTop=undefined mRotation=ROTATION_90 isEmbedding:false} s.17421 fontWeightAdjustment=0 themeId=2 themeParameter=0 nightModeLevel = -1 typefaceChanged=0.0 ?spacesystem eaMode=1}
07-10 18:25:03.541 20359 20359 I GoogleInputMethodService: GoogleInputMethodService.onConfigurationChanged():1144 device real metrics: DisplayMetrics{density=2.75, width=2404, height=1080, scaledDensity=2.75, xdpi=409.274, ydpi=409.589}
07-10 18:25:03.541 20359 20359 I GoogleInputMethodService: GoogleInputMethodService.onConfigurationChanged():1168 Maybe update OEM display config because of configuration change
07-10 18:25:03.541 20359 20359 I InputMethodEntryManager: InputMethodEntryManager.notifyCurrentInputMethodEntryOnContextChanged():560 notifyCurrentInputMethodEntryOnContextChanged()
07-10 18:25:03.541 20359 20359 I InputMethodEntryManager: InputMethodEntryManager.notifyCurrentInputMethodEntryOnContextChanged():577 Notify current input method entry changed on context change
07-10 18:25:03.541 20359 20359 I SystemSubtypesReportModule: SystemSubtypesReportModule$2.onCurrentInputMethodEntryChanged():150 entry: es-419, source: UNSPECIFIED
07-10 18:25:03.542 20359 20359 I KeyboardContextProvider: KeyboardContextProvider$KeyboardContextCache.createKeyboardContext():173 createKeyboardContext(): es-419, mmc@f33c511(com.android.inputmethod.latin.LatinIME@8d94081), {1.0 732mcc123mnc [es_419] ldltr sw393dp w800dp h393dp 440dpi nrml long land night finger -keyb/v/h -nav/h winConfig={ mBounds=Rect(0, 0 - 2404, 1080) mAppBounds=Rect(88, 0 - 2288, 1080) mMaxBounds=Rect(0, 0 - 2404, 1080) mDisplayRotation=ROTATION_90 mWindowingMode=fullscreen mActivityType=undefined mAlwaysOnTop=undefined mRotation=ROTATION_90 isEmbedding:false} s.16806 fontWeightAdjustment=0 themeId=2 themeParameter=0 nightModeLevel = -1 typefaceChanged=0.0 ?spacesystem eaMode=1}
07-10 18:25:03.542 20359 20359 I GoogleInputMethodService: GoogleInputMethodService.onCurrentInputMethodEntryChanged():2535 onCurrentInputMethodEntryChanged(): imeDefsChanged=false, entryLanguageVariantChanged=false, keyboardContextChanged=true
07-10 18:25:03.543 20359 20359 I KeyboardContextProvider: KeyboardContextProvider.setBaseContextAndInvalidKeyboardContextCache():88 setBaseContextAndInvalidKeyboardContextCache(): com.android.inputmethod.latin.LatinIME@8d94081
07-10 18:25:03.543 20359 20359 I DeviceModeModule: DeviceModeModule.calculateAndNotify():230 Device mode 'phone' from display metrics 'DisplayMetrics{density=0.0, width=1080, height=2404, scaledDensity=0.0, xdpi=409.274, ydpi=409.589}' or smallestScreenWidthDp: 393
07-10 18:25:03.544 20359 20359 I InputMethodEntryManager: InputMethodEntryManager.resetLanguages():2823 resetLanguages(): languages=null, conditionName=orientation
07-10 18:25:03.544 20359 20359 I ImeDefCache: ImeDefCache.clearCacheForLanguages():338 clearCacheForLanguages: languagesToClear=null, conditionName=orientation
07-10 18:25:03.544 20359 20359 I AdditionalImeDefCache: AdditionalImeDefCache.clearAdditionalImeDefsForCondition():303 clearAdditionalImeDefsForCondition() clear additional ImeDefs: []
07-10 18:25:03.544 20359 20359 I InputMethodEntryManager: InputMethodEntryManager.resetLanguages():2834 Clear cache for languages: null, changed=false
07-10 18:25:03.544 20359 20359 I InputMethodEntryManager: InputMethodEntryManager.startLoadingInputMethodEntrySettings():767 Start loading input method entry settings: [LanguageTagVariantTuple{languageTag=es-419, variant=spanish}]
07-10 18:25:03.544 20359 20359 I InputMethodEntryManager: InputMethodEntryManager.updateInputMethodEntrySettingsLoadingTask():897 update loading task with resetImplicitlyEnabledEntries is false
07-10 18:25:03.545 20359 20359 I InputMethodEntryManager: InputMethodEntryManager$4.onSuccess():919 Success load entries: [LanguageTagVariantTuple{languageTag=es-419, variant=spanish}], resetImplicitlyEnabledEntries=false, initialized=true
07-10 18:25:03.547 20359 20359 I InputMethodEntryManager: InputMethodEntryManager.changeCurrentInputMethodEntry():3043 Set current input method entry: source=UNSPECIFIED, entryChanged=false, enablePersist=true, ntv{languageTag=es-419, variant=spanish, hasLocalizedResources=true, conditionCacheKey=_android_software_xr_api_spatial=false_app_first_start_timestamp=1735929081989_device=phone_device_size=default_enable_free_cursor_by_long_press_space=true_enable_number_row=true_enable_number_row_in_password=true_enable_pk_simulator=false_enable_pk_simulator_setting=false_enable_scrub_move=true_enable_secondary_digits=true_enable_secondary_symbols=false_expressions=normal_four_or_more_letter_rows=false_free_cursor=false_keyboard_font_size_setting=_keyboard_mode=normal_language=es-419_layout_9key_split=false_orientation=landscape_physical_keyboard=nokeys_pk_simulator_vk_ready=false_pref_enable_flick_symbols=false_rtl_layout=false_show_comma_key=true_show_period_key=true_show_secondary_digits=false_show_suggestion_strip=true_show_suggestions=true_split_with_duplicate_keys=true_true=true_variant=spanish_writing_helper_enable_by_word_revert=false, imeDef.stringId=ime_spanish_latin_america, imeDef.className=com.google.android.apps.inputmethod.libs.latin5.LatinIme, imeDef.languageTag=es-419}
07-10 18:25:03.547 20359 20359 I InputMethodEntryManager: InputMethodEntryManager.loadAdditionalImeDefsForCurrentEntry():3076 loadAdditionalImeDefsForCurrentEntry(): ntv{languageTag=es-419, variant=spanish, hasLocalizedResources=true, conditionCacheKey=_android_software_xr_api_spatial=false_app_first_start_timestamp=1735929081989_device=phone_device_size=default_enable_free_cursor_by_long_press_space=true_enable_number_row=true_enable_number_row_in_password=true_enable_pk_simulator=false_enable_pk_simulator_setting=false_enable_scrub_move=true_enable_secondary_digits=true_enable_secondary_symbols=false_expressions=normal_four_or_more_letter_rows=false_free_cursor=false_keyboard_font_size_setting=_keyboard_mode=normal_language=es-419_layout_9key_split=false_orientation=landscape_physical_keyboard=nokeys_pk_simulator_vk_ready=false_pref_enable_flick_symbols=false_rtl_layout=false_show_comma_key=true_show_period_key=true_show_secondary_digits=false_show_suggestion_strip=true_show_suggestions=true_split_with_duplicate_keys=true_true=true_variant=spanish_writing_helper_enable_by_word_revert=false, imeDef.stringId=ime_spanish_latin_america, imeDef.className=com.google.android.apps.inputmethod.libs.latin5.LatinIme, imeDef.languageTag=es-419}
